#-----------------------------------------------------------
# Vivado v2025.2 (64-bit)
# SW Build 6299465 on Fri Nov 14 19:35:11 GMT 2025
# IP Build 6300035 on Fri Nov 14 10:48:45 MST 2025
# SharedData Build 6298862 on Thu Nov 13 04:50:51 MST 2025
# Start of session at: Sat Jan  3 22:34:23 2026
# Process ID         : 19408
# Current directory  : D:/WILLGAN/hardware/top_entity
# Command line       : vivado.exe -mode batch -source build_project.tcl -tclargs zcu104 -log build_zcu104.log -journal build_zcu104.jou
# Log file           : D:/WILLGAN/hardware/top_entity/vivado.log
# Journal file       : D:/WILLGAN/hardware/top_entity\vivado.jou
# Running On         : DESKTOP-3S5LN80
# Platform           : Windows Server 2016 or Windows 10
# Operating System   : 26200
# Processor Detail   : Intel(R) Core(TM) i7-9750H CPU @ 2.60GHz
# CPU Frequency      : 2592 MHz
# CPU Physical cores : 6
# CPU Logical cores  : 12
# Host memory        : 17095 MB
# Swap memory        : 19327 MB
# Total Virtual      : 36422 MB
# Available Virtual  : 9437 MB
#-----------------------------------------------------------
source build_project.tcl
# puts "========================================"
========================================
# puts "WGAN Generator FPGA Build Script"
WGAN Generator FPGA Build Script
# puts "========================================"
========================================
# puts ""

# set project_name "wgan_build"
# set project_base_dir "D:/WILLGAN/hardware/top_entity"
# set timestamp [clock seconds]
# set project_dir "$project_base_dir/build_$timestamp"
# set src_dir "D:/WILLGAN/hardware"
# set constraint_file "$project_base_dir/top_entity.xdc"
# file mkdir $project_dir
# if {$argc > 0} {
#     set board_name [lindex $argv 0]
# } else {
#     set board_name "zcu104"
# }
# switch $board_name {
#     "pynq_z1" {
#         set target_part "xc7z020clg400-1"
#         set board_part "tul.com.tw:pynq-z1:part0:1.0"
#         puts "WARNING: Pynq-Z1 may not have enough resources"
#     }
#     "zybo" {
#         set target_part "xc7z020clg400-1"
#         set board_part "digilentinc.com:zybo-z7-20:part0:1.1"
#         puts "WARNING: Zybo Z7 may not have enough resources"
#     }
#     "kria" {
#         set target_part "xck26-sfvc784-2LV-c"
#         set board_part "xilinx.com:kv260_som:part0:1.3"
#         puts "Using Kria KV260 - sufficient resources"
#     }
#     "zcu104" {
#         set target_part "xczu7ev-ffvc1156-2-e"
#         set board_part "xilinx.com:zcu104:part0:1.1"
#         puts "Using ZCU104 - sufficient resources (RECOMMENDED)"
#     }
#     default {
#         puts "ERROR: Unknown board '$board_name'"
#         puts "Valid options: pynq_z1, zybo, kria, zcu104"
#         exit 1
#     }
# }
Using ZCU104 - sufficient resources (RECOMMENDED)
# puts ""

# puts "Board: $board_name"
Board: zcu104
# puts "Part: $target_part"
Part: xczu7ev-ffvc1156-2-e
# puts "Build Directory: $project_dir"
Build Directory: D:/WILLGAN/hardware/top_entity/build_1767454468
# puts "Sources: $src_dir"
Sources: D:/WILLGAN/hardware
# puts "Constraints: $constraint_file"
Constraints: D:/WILLGAN/hardware/top_entity/top_entity.xdc
# puts ""

# puts "Setting up project..."
Setting up project...
# catch {close_project}
# if {[file exists "$project_dir/.runs"]} {
#     puts "  Removing .runs directory..."
#     catch {file delete -force "$project_dir/.runs"}
# }
# if {[file exists "$project_dir/$project_name.xpr"]} {
#     puts "  Cleaning existing project files..."
#     catch {file delete -force "$project_dir/$project_name.cache"}
#     catch {file delete -force "$project_dir/$project_name.hw"}
#     catch {file delete -force "$project_dir/$project_name.sim"}
#     catch {file delete -force "$project_dir/.Xil"}
#     catch {file delete -force "$project_dir/$project_name.xpr"}
#     after 500
# }
# puts "  Creating project..."
  Creating project...
# catch {close_project}
# after 500
# puts "  Creating project in fresh directory..."
  Creating project in fresh directory...
# create_project -force $project_name $project_dir -part $target_part
create_project: Time (s): cpu = 00:00:12 ; elapsed = 00:00:09 . Memory (MB): peak = 530.422 ; gain = 216.434
# if {![catch {set_property board_part $board_part [current_project]}]} {
#     puts "  Board part: $board_part"
# }
  Board part: xilinx.com:zcu104:part0:1.1
# puts ""

# puts "Adding source files..."
Adding source files...
# add_files -fileset sources_1 -force [glob "$src_dir/layers/fixed_point_alu.v"]
# add_files -fileset sources_1 -force [glob "$src_dir/layers/neuron_processing_unit.v"]
# add_files -fileset sources_1 -force [glob "$src_dir/layers/relu.v"]
# add_files -fileset sources_1 -force [glob "$src_dir/layers/tanh_lut.v"]
# add_files -fileset sources_1 -force [glob "$src_dir/layers/tanh.v"]
# add_files -fileset sources_1 -force [glob "$src_dir/layers/leaky_relu.v"]
# add_files -fileset sources_1 -force [glob "$src_dir/layers/pipelined_mac.v"]
# add_files -fileset sources_1 -force [glob "$src_dir/layers/serialregisterIn.v"]
# add_files -fileset sources_1 -force [glob "$src_dir/layers/serialregisterOut.v"]
# add_files -fileset sources_1 -force [glob "$src_dir/layers/layer1_generator_v2.v"]
# add_files -fileset sources_1 -force [glob "$src_dir/layers/layer2_generator_v2.v"]
# add_files -fileset sources_1 -force [glob "$src_dir/layers/layer3_generator_v2.v"]
# add_files -fileset sources_1 -force [glob "$src_dir/layers/generator.v"]
# add_files -fileset sources_1 -force [glob "$src_dir/layers/generator_layers.vh"]
# add_files -fileset sources_1 -force [glob "$src_dir/layers/discriminator_layers.vh"]
# add_files -fileset sources_1 -force [glob "$src_dir/top_entity.v"]
# puts "  Source files added"
  Source files added
# puts "Adding constraint file..."
Adding constraint file...
# if {[file exists $constraint_file]} {
#     add_files -fileset constrs_1 -force $constraint_file
#     puts "  Constraint file added"
# } else {
#     puts "ERROR: Constraint file not found!"
#     puts "Expected: $constraint_file"
#     exit 1
# }
  Constraint file added
# puts ""

# puts "Setting top module to: top_entity"
Setting top module to: top_entity
# set_property top top_entity [current_fileset]
# puts ""

# puts "Runs configuration..."
Runs configuration...
# puts "Updating compile order..."
Updating compile order...
# update_compile_order -fileset sources_1
# puts ""

# puts "========================================"
========================================
# puts "Starting Synthesis..."
Starting Synthesis...
# puts "========================================"
========================================
# puts ""

# launch_run synth_1 -jobs 4
WARNING: [Vivado 12-7122] Auto Incremental Compile:: No reference checkpoint was found in run synth_1. Auto-incremental flow will not be run, the standard flow will be run instead.
[Sat Jan  3 22:34:40 2026] Launched synth_1...
Run output will be captured here: D:/WILLGAN/hardware/top_entity/build_1767454468/wgan_build.runs/synth_1/runme.log
# wait_on_run synth_1
[Sat Jan  3 22:34:40 2026] Waiting for synth_1 to finish...

*** Running vivado
    with args -log top_entity.vds -m64 -product Vivado -mode batch -messageDb vivado.pb -notrace -source top_entity.tcl



****** Vivado v2025.2 (64-bit)
  **** SW Build 6299465 on Fri Nov 14 19:35:11 GMT 2025
  **** IP Build 6300035 on Fri Nov 14 10:48:45 MST 2025
  **** SharedData Build 6298862 on Thu Nov 13 04:50:51 MST 2025
  **** Start of session at: Sat Jan  3 22:34:43 2026
    ** Copyright 1986-2022 Xilinx, Inc. All Rights Reserved.
    ** Copyright 2022-2025 Advanced Micro Devices, Inc. All Rights Reserved.

source top_entity.tcl -notrace
create_project: Time (s): cpu = 00:00:15 ; elapsed = 00:00:11 . Memory (MB): peak = 531.656 ; gain = 218.418
Command: synth_design -top top_entity -part xczu7ev-ffvc1156-2-e
Starting synth_design
Attempting to get a license for feature 'Synthesis' and/or device 'xczu7ev'
INFO: [Common 17-349] Got license for feature 'Synthesis' and/or device 'xczu7ev'
INFO: [Device 21-403] Loading part xczu7ev-ffvc1156-2-e
INFO: [Synth 8-7079] Multithreading enabled for synth_design using a maximum of 2 processes.
INFO: [Synth 8-7078] Launching helper process for spawning children vivado processes
INFO: [Synth 8-7075] Helper process launched with PID 25344
---------------------------------------------------------------------------------
Starting RTL Elaboration : Time (s): cpu = 00:00:09 ; elapsed = 00:00:09 . Memory (MB): peak = 1968.871 ; gain = 215.566
---------------------------------------------------------------------------------
CRITICAL WARNING: [Synth 8-9873] overwriting previous definition of module 'layer2_generator_v2' [D:/WILLGAN/hardware/layers/layer2_generator_v2.v:124]
INFO: [Synth 8-13127] previous definition of module 'layer2_generator_v2' is here [D:/WILLGAN/hardware/layers/layer2_generator_v2.v:124]
CRITICAL WARNING: [Synth 8-9873] overwriting previous definition of module 'relu' [D:/WILLGAN/hardware/layers/relu.v:8]
INFO: [Synth 8-13127] previous definition of module 'relu' is here [D:/WILLGAN/hardware/layers/relu.v:8]
INFO: [Synth 8-6157] synthesizing module 'top_entity' [D:/WILLGAN/hardware/top_entity.v:8]
INFO: [Synth 8-6157] synthesizing module 'generator' [D:/WILLGAN/hardware/layers/generator.v:16]
INFO: [Synth 8-6157] synthesizing module 'layer1_generator_v2' [D:/WILLGAN/hardware/layers/layer1_generator_v2.v:12]
INFO: [Synth 8-3876] $readmem data file 'd:/WILLGAN/hardware/layers/mem/epoch300_G_l1_W.mem' is read successfully [D:/WILLGAN/hardware/layers/layer1_generator_v2.v:31]
INFO: [Synth 8-3876] $readmem data file 'd:/WILLGAN/hardware/layers/mem/epoch300_G_l1_B.mem' is read successfully [D:/WILLGAN/hardware/layers/layer1_generator_v2.v:32]
INFO: [Synth 8-6155] done synthesizing module 'layer1_generator_v2' (0#1) [D:/WILLGAN/hardware/layers/layer1_generator_v2.v:12]
INFO: [Synth 8-6157] synthesizing module 'layer2_generator_v2' [D:/WILLGAN/hardware/layers/layer2_generator_v2.v:5]
INFO: [Synth 8-3876] $readmem data file 'd:/WILLGAN/hardware/layers/mem/epoch300_G_l2_W.mem' is read successfully [D:/WILLGAN/hardware/layers/layer2_generator_v2.v:21]
INFO: [Synth 8-3876] $readmem data file 'd:/WILLGAN/hardware/layers/mem/epoch300_G_l2_B.mem' is read successfully [D:/WILLGAN/hardware/layers/layer2_generator_v2.v:22]
INFO: [Synth 8-6155] done synthesizing module 'layer2_generator_v2' (0#1) [D:/WILLGAN/hardware/layers/layer2_generator_v2.v:5]
INFO: [Synth 8-6157] synthesizing module 'layer3_generator_v2' [D:/WILLGAN/hardware/layers/layer3_generator_v2.v:12]
ERROR: [Synth 8-4556] size of variable 'weights' is too large to handle; the size of the variable is 3211264, the limit is 1000000 [D:/WILLGAN/hardware/layers/layer3_generator_v2.v:24]
ERROR: [Synth 8-6156] failed synthesizing module 'layer3_generator_v2' [D:/WILLGAN/hardware/layers/layer3_generator_v2.v:12]
ERROR: [Synth 8-6156] failed synthesizing module 'generator' [D:/WILLGAN/hardware/layers/generator.v:16]
ERROR: [Synth 8-6156] failed synthesizing module 'top_entity' [D:/WILLGAN/hardware/top_entity.v:8]
---------------------------------------------------------------------------------
Finished RTL Elaboration : Time (s): cpu = 00:00:11 ; elapsed = 00:00:12 . Memory (MB): peak = 2110.242 ; gain = 356.938
---------------------------------------------------------------------------------
RTL Elaboration failed
INFO: [Common 17-83] Releasing license: Synthesis
19 Infos, 0 Warnings, 2 Critical Warnings and 5 Errors encountered.
synth_design failed
synth_design: Time (s): cpu = 00:00:19 ; elapsed = 00:00:24 . Memory (MB): peak = 2110.242 ; gain = 1578.586
ERROR: [Common 17-69] Command failed: Synthesis failed - please see the console or run log file for details
INFO: [Common 17-206] Exiting Vivado at Sat Jan  3 22:35:25 2026...
[Sat Jan  3 22:35:30 2026] synth_1 finished
ERROR: [Vivado 12-13638] Failed runs(s) : 'synth_1'
wait_on_runs: Time (s): cpu = 00:00:00 ; elapsed = 00:00:50 . Memory (MB): peak = 545.730 ; gain = 0.000
ERROR: [Common 17-39] 'wait_on_runs' failed due to earlier errors.

    while executing
"wait_on_run synth_1"
    (file "build_project.tcl" line 187)
INFO: [Common 17-206] Exiting Vivado at Sat Jan  3 22:35:30 2026...
