#-----------------------------------------------------------
# Vivado v2025.2 (64-bit)
# SW Build 6299465 on Fri Nov 14 19:35:11 GMT 2025
# IP Build 6300035 on Fri Nov 14 10:48:45 MST 2025
# SharedData Build 6298862 on Thu Nov 13 04:50:51 MST 2025
# Start of session at: Sat Jan  3 22:32:25 2026
# Process ID         : 2720
# Current directory  : D:/WILLGAN/hardware/top_entity
# Command line       : vivado.exe -mode batch -source build_project.tcl -tclargs zcu104 -log build_zcu104.log -journal build_zcu104.jou
# Log file           : D:/WILLGAN/hardware/top_entity/vivado.log
# Journal file       : D:/WILLGAN/hardware/top_entity\vivado.jou
# Running On         : DESKTOP-3S5LN80
# Platform           : Windows Server 2016 or Windows 10
# Operating System   : 26200
# Processor Detail   : Intel(R) Core(TM) i7-9750H CPU @ 2.60GHz
# CPU Frequency      : 2592 MHz
# CPU Physical cores : 6
# CPU Logical cores  : 12
# Host memory        : 17095 MB
# Swap memory        : 19327 MB
# Total Virtual      : 36422 MB
# Available Virtual  : 9927 MB
#-----------------------------------------------------------
source build_project.tcl
# puts "========================================"
========================================
# puts "WGAN Generator FPGA Build Script"
WGAN Generator FPGA Build Script
# puts "========================================"
========================================
# puts ""

# set project_name "wgan_build"
# set project_base_dir "D:/WILLGAN/hardware/top_entity"
# set timestamp [clock seconds]
# set project_dir "$project_base_dir/build_$timestamp"
# set src_dir "D:/WILLGAN/hardware"
# set constraint_file "$project_base_dir/top_entity.xdc"
# file mkdir $project_dir
# if {$argc > 0} {
#     set board_name [lindex $argv 0]
# } else {
#     set board_name "zcu104"
# }
# switch $board_name {
#     "pynq_z1" {
#         set target_part "xc7z020clg400-1"
#         set board_part "tul.com.tw:pynq-z1:part0:1.0"
#         puts "WARNING: Pynq-Z1 may not have enough resources"
#     }
#     "zybo" {
#         set target_part "xc7z020clg400-1"
#         set board_part "digilentinc.com:zybo-z7-20:part0:1.1"
#         puts "WARNING: Zybo Z7 may not have enough resources"
#     }
#     "kria" {
#         set target_part "xck26-sfvc784-2LV-c"
#         set board_part "xilinx.com:kv260_som:part0:1.3"
#         puts "Using Kria KV260 - sufficient resources"
#     }
#     "zcu104" {
#         set target_part "xczu7ev-ffvc1156-2-e"
#         set board_part "xilinx.com:zcu104:part0:1.1"
#         puts "Using ZCU104 - sufficient resources (RECOMMENDED)"
#     }
#     default {
#         puts "ERROR: Unknown board '$board_name'"
#         puts "Valid options: pynq_z1, zybo, kria, zcu104"
#         exit 1
#     }
# }
Using ZCU104 - sufficient resources (RECOMMENDED)
# puts ""

# puts "Board: $board_name"
Board: zcu104
# puts "Part: $target_part"
Part: xczu7ev-ffvc1156-2-e
# puts "Build Directory: $project_dir"
Build Directory: D:/WILLGAN/hardware/top_entity/build_1767454351
# puts "Sources: $src_dir"
Sources: D:/WILLGAN/hardware
# puts "Constraints: $constraint_file"
Constraints: D:/WILLGAN/hardware/top_entity/top_entity.xdc
# puts ""

# puts "Setting up project..."
Setting up project...
# catch {close_project}
# if {[file exists "$project_dir/.runs"]} {
#     puts "  Removing .runs directory..."
#     catch {file delete -force "$project_dir/.runs"}
# }
# if {[file exists "$project_dir/$project_name.xpr"]} {
#     puts "  Cleaning existing project files..."
#     catch {file delete -force "$project_dir/$project_name.cache"}
#     catch {file delete -force "$project_dir/$project_name.hw"}
#     catch {file delete -force "$project_dir/$project_name.sim"}
#     catch {file delete -force "$project_dir/.Xil"}
#     catch {file delete -force "$project_dir/$project_name.xpr"}
#     after 500
# }
# puts "  Creating project..."
  Creating project...
# catch {close_project}
# after 500
# puts "  Creating project in fresh directory..."
  Creating project in fresh directory...
# create_project -force $project_name $project_dir -part $target_part
create_project: Time (s): cpu = 00:00:17 ; elapsed = 00:00:13 . Memory (MB): peak = 530.832 ; gain = 219.184
# if {![catch {set_property board_part $board_part [current_project]}]} {
#     puts "  Board part: $board_part"
# }
  Board part: xilinx.com:zcu104:part0:1.1
# puts ""

# puts "Adding source files..."
Adding source files...
# add_files -fileset sources_1 -force [glob "$src_dir/layers/fixed_point_alu.v"]
# add_files -fileset sources_1 -force [glob "$src_dir/layers/neuron_processing_unit.v"]
# add_files -fileset sources_1 -force [glob "$src_dir/layers/relu.v"]
# add_files -fileset sources_1 -force [glob "$src_dir/layers/tanh_lut.v"]
# add_files -fileset sources_1 -force [glob "$src_dir/layers/tanh.v"]
# add_files -fileset sources_1 -force [glob "$src_dir/layers/leaky_relu.v"]
# add_files -fileset sources_1 -force [glob "$src_dir/layers/pipelined_mac.v"]
# add_files -fileset sources_1 -force [glob "$src_dir/layers/serialregisterIn.v"]
# add_files -fileset sources_1 -force [glob "$src_dir/layers/serialregisterOut.v"]
# add_files -fileset sources_1 -force [glob "$src_dir/layers/layer1_generator_v2.v"]
# add_files -fileset sources_1 -force [glob "$src_dir/layers/layer2_generator_v2.v"]
# add_files -fileset sources_1 -force [glob "$src_dir/layers/layer3_generator_v2.v"]
# add_files -fileset sources_1 -force [glob "$src_dir/layers/generator.v"]
# add_files -fileset sources_1 -force [glob "$src_dir/layers/generator_layers.vh"]
# add_files -fileset sources_1 -force [glob "$src_dir/layers/discriminator_layers.vh"]
# add_files -fileset sources_1 -force [glob "$src_dir/top_entity.v"]
# puts "  Source files added"
  Source files added
# puts "Adding constraint file..."
Adding constraint file...
# if {[file exists $constraint_file]} {
#     add_files -fileset constrs_1 -force $constraint_file
#     puts "  Constraint file added"
# } else {
#     puts "ERROR: Constraint file not found!"
#     puts "Expected: $constraint_file"
#     exit 1
# }
  Constraint file added
# puts ""

# puts "Setting top module to: top_entity"
Setting top module to: top_entity
# set_property top top_entity [current_fileset]
# puts ""

# puts "Creating synthesis and implementation runs..."
Creating synthesis and implementation runs...
# create_run synth_1 -part $target_part -flow {Vivado Synthesis 2025} -strategy "Vivado Synthesis Defaults" -constrset constrs_1
ERROR: [Common 17-69] Command failed: A run named 'synth_1' already exists. Please specify a unique name.
INFO: [Common 17-206] Exiting Vivado at Sat Jan  3 22:32:45 2026...
