
*** Running vivado
    with args -log top_entity.vds -m64 -product Vivado -mode batch -messageDb vivado.pb -notrace -source top_entity.tcl



****** Vivado v2025.2 (64-bit)
  **** SW Build 6299465 on Fri Nov 14 19:35:11 GMT 2025
  **** IP Build 6300035 on Fri Nov 14 10:48:45 MST 2025
  **** SharedData Build 6298862 on Thu Nov 13 04:50:51 MST 2025
  **** Start of session at: Sat Jan  3 22:34:43 2026
    ** Copyright 1986-2022 Xilinx, Inc. All Rights Reserved.
    ** Copyright 2022-2025 Advanced Micro Devices, Inc. All Rights Reserved.

source top_entity.tcl -notrace
create_project: Time (s): cpu = 00:00:15 ; elapsed = 00:00:11 . Memory (MB): peak = 531.656 ; gain = 218.418
Command: synth_design -top top_entity -part xczu7ev-ffvc1156-2-e
Starting synth_design
Attempting to get a license for feature 'Synthesis' and/or device 'xczu7ev'
INFO: [Common 17-349] Got license for feature 'Synthesis' and/or device 'xczu7ev'
INFO: [Device 21-403] Loading part xczu7ev-ffvc1156-2-e
INFO: [Synth 8-7079] Multithreading enabled for synth_design using a maximum of 2 processes.
INFO: [Synth 8-7078] Launching helper process for spawning children vivado processes
INFO: [Synth 8-7075] Helper process launched with PID 25344
---------------------------------------------------------------------------------
Starting RTL Elaboration : Time (s): cpu = 00:00:09 ; elapsed = 00:00:09 . Memory (MB): peak = 1968.871 ; gain = 215.566
---------------------------------------------------------------------------------
CRITICAL WARNING: [Synth 8-9873] overwriting previous definition of module 'layer2_generator_v2' [D:/WILLGAN/hardware/layers/layer2_generator_v2.v:124]
INFO: [Synth 8-13127] previous definition of module 'layer2_generator_v2' is here [D:/WILLGAN/hardware/layers/layer2_generator_v2.v:124]
CRITICAL WARNING: [Synth 8-9873] overwriting previous definition of module 'relu' [D:/WILLGAN/hardware/layers/relu.v:8]
INFO: [Synth 8-13127] previous definition of module 'relu' is here [D:/WILLGAN/hardware/layers/relu.v:8]
INFO: [Synth 8-6157] synthesizing module 'top_entity' [D:/WILLGAN/hardware/top_entity.v:8]
INFO: [Synth 8-6157] synthesizing module 'generator' [D:/WILLGAN/hardware/layers/generator.v:16]
INFO: [Synth 8-6157] synthesizing module 'layer1_generator_v2' [D:/WILLGAN/hardware/layers/layer1_generator_v2.v:12]
INFO: [Synth 8-3876] $readmem data file 'd:/WILLGAN/hardware/layers/mem/epoch300_G_l1_W.mem' is read successfully [D:/WILLGAN/hardware/layers/layer1_generator_v2.v:31]
INFO: [Synth 8-3876] $readmem data file 'd:/WILLGAN/hardware/layers/mem/epoch300_G_l1_B.mem' is read successfully [D:/WILLGAN/hardware/layers/layer1_generator_v2.v:32]
INFO: [Synth 8-6155] done synthesizing module 'layer1_generator_v2' (0#1) [D:/WILLGAN/hardware/layers/layer1_generator_v2.v:12]
INFO: [Synth 8-6157] synthesizing module 'layer2_generator_v2' [D:/WILLGAN/hardware/layers/layer2_generator_v2.v:5]
INFO: [Synth 8-3876] $readmem data file 'd:/WILLGAN/hardware/layers/mem/epoch300_G_l2_W.mem' is read successfully [D:/WILLGAN/hardware/layers/layer2_generator_v2.v:21]
INFO: [Synth 8-3876] $readmem data file 'd:/WILLGAN/hardware/layers/mem/epoch300_G_l2_B.mem' is read successfully [D:/WILLGAN/hardware/layers/layer2_generator_v2.v:22]
INFO: [Synth 8-6155] done synthesizing module 'layer2_generator_v2' (0#1) [D:/WILLGAN/hardware/layers/layer2_generator_v2.v:5]
INFO: [Synth 8-6157] synthesizing module 'layer3_generator_v2' [D:/WILLGAN/hardware/layers/layer3_generator_v2.v:12]
ERROR: [Synth 8-4556] size of variable 'weights' is too large to handle; the size of the variable is 3211264, the limit is 1000000 [D:/WILLGAN/hardware/layers/layer3_generator_v2.v:24]
ERROR: [Synth 8-6156] failed synthesizing module 'layer3_generator_v2' [D:/WILLGAN/hardware/layers/layer3_generator_v2.v:12]
ERROR: [Synth 8-6156] failed synthesizing module 'generator' [D:/WILLGAN/hardware/layers/generator.v:16]
ERROR: [Synth 8-6156] failed synthesizing module 'top_entity' [D:/WILLGAN/hardware/top_entity.v:8]
---------------------------------------------------------------------------------
Finished RTL Elaboration : Time (s): cpu = 00:00:11 ; elapsed = 00:00:12 . Memory (MB): peak = 2110.242 ; gain = 356.938
---------------------------------------------------------------------------------
RTL Elaboration failed
INFO: [Common 17-83] Releasing license: Synthesis
19 Infos, 0 Warnings, 2 Critical Warnings and 5 Errors encountered.
synth_design failed
synth_design: Time (s): cpu = 00:00:19 ; elapsed = 00:00:24 . Memory (MB): peak = 2110.242 ; gain = 1578.586
ERROR: [Common 17-69] Command failed: Synthesis failed - please see the console or run log file for details
INFO: [Common 17-206] Exiting Vivado at Sat Jan  3 22:35:25 2026...
