#-----------------------------------------------------------
# Vivado v2025.2 (64-bit)
# SW Build 6299465 on Fri Nov 14 19:35:11 GMT 2025
# IP Build 6300035 on Fri Nov 14 10:48:45 MST 2025
# SharedData Build 6298862 on Thu Nov 13 04:50:51 MST 2025
# Start of session at: Sat Jan  3 22:34:43 2026
# Process ID         : 16704
# Current directory  : D:/WILLGAN/hardware/top_entity/build_1767454468/wgan_build.runs/synth_1
# Command line       : vivado.exe -log top_entity.vds -product Vivado -mode batch -messageDb vivado.pb -notrace -source top_entity.tcl
# Log file           : D:/WILLGAN/hardware/top_entity/build_1767454468/wgan_build.runs/synth_1/top_entity.vds
# Journal file       : D:/WILLGAN/hardware/top_entity/build_1767454468/wgan_build.runs/synth_1\vivado.jou
# Running On         : DESKTOP-3S5LN80
# Platform           : Windows Server 2016 or Windows 10
# Operating System   : 26200
# Processor Detail   : Intel(R) Core(TM) i7-9750H CPU @ 2.60GHz
# CPU Frequency      : 2592 MHz
# CPU Physical cores : 6
# CPU Logical cores  : 12
# Host memory        : 17095 MB
# Swap memory        : 19327 MB
# Total Virtual      : 36422 MB
# Available Virtual  : 8977 MB
#-----------------------------------------------------------
source top_entity.tcl -notrace
