#! /c/Source/iverilog-install/bin/vvp
:ivl_version "12.0 (devel)" "(s20150603-1539-g2693dd32b)";
:ivl_delay_selection "TYPICAL";
:vpi_time_precision - 12;
:vpi_module "C:\iverilog\lib\ivl\system.vpi";
:vpi_module "C:\iverilog\lib\ivl\vhdl_sys.vpi";
:vpi_module "C:\iverilog\lib\ivl\vhdl_textio.vpi";
:vpi_module "C:\iverilog\lib\ivl\v2005_math.vpi";
:vpi_module "C:\iverilog\lib\ivl\va_math.vpi";
S_000002c0fc631080 .scope module, "G_layer2_tb" "G_layer2_tb" 2 4;
 .timescale -9 -12;
P_000002c0fc62a6b0 .param/l "N" 1 2 6, +C4<00000000000000000000000100000000>;
v000002c0fc6c5180_0 .var "clk", 0 0;
v000002c0fc6c63a0_0 .var/i "clk_count", 31 0;
v000002c0fc6c6300_0 .net "done", 0 0, v000002c0fc6c66c0_0;  1 drivers
v000002c0fc6c6440_0 .var/s "flat_input", 4095 0;
v000002c0fc6c57c0_0 .net/s "flat_output", 4095 0, v000002c0fc6c5540_0;  1 drivers
v000002c0fc6c5f40_0 .var/i "i", 31 0;
v000002c0fc6c5400 .array/s "input_vec", 255 0, 15 0;
v000002c0fc6c64e0 .array/s "output_vec", 255 0, 15 0;
v000002c0fc6c5a40_0 .var "rst", 0 0;
v000002c0fc6c5ae0_0 .var "start", 0 0;
E_000002c0fc629ab0 .event negedge, v000002c0fc652590_0;
S_000002c0fc662c90 .scope module, "dut" "layer2_generator_v2" 2 19, 3 5 0, S_000002c0fc631080;
 .timescale -9 -12;
    .port_info 0 /INPUT 1 "clk";
    .port_info 1 /INPUT 1 "rst";
    .port_info 2 /INPUT 1 "start";
    .port_info 3 /INPUT 4096 "flat_input";
    .port_info 4 /OUTPUT 4096 "flat_output";
    .port_info 5 /OUTPUT 1 "done";
P_000002c0fc629b30 .param/l "N" 1 3 13, +C4<00000000000000000000000100000000>;
L_000002c0fc6617c0 .functor BUFZ 16, L_000002c0fc6c6d00, C4<0000000000000000>, C4<0000000000000000>, C4<0000000000000000>;
v000002c0fc652db0_0 .net *"_ivl_1", 0 0, L_000002c0fc6c5cc0;  1 drivers
v000002c0fc652ef0_0 .net *"_ivl_10", 31 0, L_000002c0fc6c5860;  1 drivers
L_000002c0fc6f00d0 .functor BUFT 1, C4<00000000000000000000000>, C4<0>, C4<0>, C4<0>;
v000002c0fc652810_0 .net *"_ivl_13", 22 0, L_000002c0fc6f00d0;  1 drivers
v000002c0fc6523b0_0 .net *"_ivl_14", 31 0, L_000002c0fc6c5220;  1 drivers
L_000002c0fc6f0118 .functor BUFT 1, C4<00000000000000000000000000010000>, C4<0>, C4<0>, C4<0>;
v000002c0fc652450_0 .net/2u *"_ivl_16", 31 0, L_000002c0fc6f0118;  1 drivers
v000002c0fc652630_0 .net *"_ivl_19", 31 0, L_000002c0fc6c5360;  1 drivers
v000002c0fc6528b0_0 .net *"_ivl_2", 15 0, L_000002c0fc6c69e0;  1 drivers
v000002c0fc652e50_0 .net *"_ivl_22", 15 0, L_000002c0fc6c6d00;  1 drivers
v000002c0fc651ff0_0 .net *"_ivl_24", 31 0, L_000002c0fc6c54a0;  1 drivers
L_000002c0fc6f0160 .functor BUFT 1, C4<00000000000000000000000>, C4<0>, C4<0>, C4<0>;
v000002c0fc6526d0_0 .net *"_ivl_27", 22 0, L_000002c0fc6f0160;  1 drivers
L_000002c0fc6f01a8 .functor BUFT 1, C4<00000000000000000000000100000000>, C4<0>, C4<0>, C4<0>;
v000002c0fc652950_0 .net/2u *"_ivl_28", 31 0, L_000002c0fc6f01a8;  1 drivers
v000002c0fc652130_0 .net *"_ivl_31", 31 0, L_000002c0fc6c5900;  1 drivers
v000002c0fc652270_0 .net *"_ivl_32", 31 0, L_000002c0fc6c6760;  1 drivers
L_000002c0fc6f01f0 .functor BUFT 1, C4<00000000000000000000000>, C4<0>, C4<0>, C4<0>;
v000002c0fc652a90_0 .net *"_ivl_35", 22 0, L_000002c0fc6f01f0;  1 drivers
v000002c0fc652090_0 .net *"_ivl_36", 31 0, L_000002c0fc6c6a80;  1 drivers
v000002c0fc652bd0_0 .net *"_ivl_4", 12 0, L_000002c0fc6c6bc0;  1 drivers
v000002c0fc652310_0 .net/s *"_ivl_40", 31 0, L_000002c0fc6c68a0;  1 drivers
v000002c0fc652b30_0 .net/s *"_ivl_42", 31 0, L_000002c0fc6c59a0;  1 drivers
L_000002c0fc6f0088 .functor BUFT 1, C4<00000000000000000000000011111111>, C4<0>, C4<0>, C4<0>;
v000002c0fc652770_0 .net/2u *"_ivl_8", 31 0, L_000002c0fc6f0088;  1 drivers
v000002c0fc6524f0_0 .var/s "acc_local", 47 0;
v000002c0fc652c70_0 .var/s "accumulator", 47 0;
v000002c0fc652d10 .array/s "biases", 255 0, 15 0;
v000002c0fc6521d0_0 .var "busy", 0 0;
v000002c0fc652590_0 .net "clk", 0 0, v000002c0fc6c5180_0;  1 drivers
v000002c0fc6c66c0_0 .var "done", 0 0;
v000002c0fc6c6580_0 .net/s "flat_input", 4095 0, v000002c0fc6c6440_0;  1 drivers
v000002c0fc6c5540_0 .var/s "flat_output", 4095 0;
v000002c0fc6c6b20_0 .net/s "in_val_w", 15 0, L_000002c0fc6c6800;  1 drivers
v000002c0fc6c5720_0 .var "input_idx", 8 0;
v000002c0fc6c6940_0 .net/s "leaky_out", 15 0, L_000002c0fc6c6c60;  1 drivers
v000002c0fc6c5fe0_0 .var "neuron_idx", 8 0;
v000002c0fc6c52c0_0 .var "neuron_idx_reg", 8 0;
v000002c0fc6c55e0_0 .var/s "out_val", 15 0;
v000002c0fc6c6620_0 .net/s "prod32_w", 31 0, L_000002c0fc6c6da0;  1 drivers
v000002c0fc6c5c20_0 .net "rst", 0 0, v000002c0fc6c5a40_0;  1 drivers
v000002c0fc6c6120_0 .net "start", 0 0, v000002c0fc6c5ae0_0;  1 drivers
v000002c0fc6c6080_0 .net/s "w_val_w", 15 0, L_000002c0fc6617c0;  1 drivers
v000002c0fc6c5ea0 .array/s "weights", 65535 0, 15 0;
v000002c0fc6c5680_0 .var "write_out_reg", 0 0;
E_000002c0fc629630 .event posedge, v000002c0fc652590_0;
L_000002c0fc6c5cc0 .part v000002c0fc6c55e0_0, 15, 1;
L_000002c0fc6c6bc0 .part v000002c0fc6c55e0_0, 3, 13;
L_000002c0fc6c69e0 .extend/s 16, L_000002c0fc6c6bc0;
L_000002c0fc6c6c60 .functor MUXZ 16, v000002c0fc6c55e0_0, L_000002c0fc6c69e0, L_000002c0fc6c5cc0, C4<>;
L_000002c0fc6c5860 .concat [ 9 23 0 0], v000002c0fc6c5720_0, L_000002c0fc6f00d0;
L_000002c0fc6c5220 .arith/sub 32, L_000002c0fc6f0088, L_000002c0fc6c5860;
L_000002c0fc6c5360 .arith/mult 32, L_000002c0fc6c5220, L_000002c0fc6f0118;
L_000002c0fc6c6800 .part/v v000002c0fc6c6440_0, L_000002c0fc6c5360, 16;
L_000002c0fc6c6d00 .array/port v000002c0fc6c5ea0, L_000002c0fc6c6a80;
L_000002c0fc6c54a0 .concat [ 9 23 0 0], v000002c0fc6c5fe0_0, L_000002c0fc6f0160;
L_000002c0fc6c5900 .arith/mult 32, L_000002c0fc6c54a0, L_000002c0fc6f01a8;
L_000002c0fc6c6760 .concat [ 9 23 0 0], v000002c0fc6c5720_0, L_000002c0fc6f01f0;
L_000002c0fc6c6a80 .arith/sum 32, L_000002c0fc6c5900, L_000002c0fc6c6760;
L_000002c0fc6c68a0 .extend/s 32, L_000002c0fc6c6800;
L_000002c0fc6c59a0 .extend/s 32, L_000002c0fc6617c0;
L_000002c0fc6c6da0 .arith/mult 32, L_000002c0fc6c68a0, L_000002c0fc6c59a0;
S_000002c0fc603060 .scope task, "flatten_input" "flatten_input" 2 36, 2 36 0, S_000002c0fc631080;
 .timescale -9 -12;
TD_G_layer2_tb.flatten_input ;
    %pushi/vec4 0, 0, 4096;
    %store/vec4 v000002c0fc6c6440_0, 0, 4096;
    %pushi/vec4 0, 0, 32;
    %store/vec4 v000002c0fc6c5f40_0, 0, 32;
T_0.0 ;
    %load/vec4 v000002c0fc6c5f40_0;
    %cmpi/s 256, 0, 32;
    %jmp/0xz T_0.1, 5;
    %ix/getv/s 4, v000002c0fc6c5f40_0;
    %load/vec4a v000002c0fc6c5400, 4;
    %pushi/vec4 255, 0, 32;
    %load/vec4 v000002c0fc6c5f40_0;
    %sub;
    %muli 16, 0, 32;
    %ix/vec4/s 4;
    %store/vec4 v000002c0fc6c6440_0, 4, 16;
    %load/vec4 v000002c0fc6c5f40_0;
    %addi 1, 0, 32;
    %store/vec4 v000002c0fc6c5f40_0, 0, 32;
    %jmp T_0.0;
T_0.1 ;
    %end;
S_000002c0fc655ac0 .scope task, "unflatten_output" "unflatten_output" 2 45, 2 45 0, S_000002c0fc631080;
 .timescale -9 -12;
TD_G_layer2_tb.unflatten_output ;
    %pushi/vec4 0, 0, 32;
    %store/vec4 v000002c0fc6c5f40_0, 0, 32;
T_1.2 ;
    %load/vec4 v000002c0fc6c5f40_0;
    %cmpi/s 256, 0, 32;
    %jmp/0xz T_1.3, 5;
    %load/vec4 v000002c0fc6c57c0_0;
    %pushi/vec4 255, 0, 32;
    %load/vec4 v000002c0fc6c5f40_0;
    %sub;
    %muli 16, 0, 32;
    %part/s 16;
    %ix/getv/s 4, v000002c0fc6c5f40_0;
    %store/vec4a v000002c0fc6c64e0, 4, 0;
    %load/vec4 v000002c0fc6c5f40_0;
    %addi 1, 0, 32;
    %store/vec4 v000002c0fc6c5f40_0, 0, 32;
    %jmp T_1.2;
T_1.3 ;
    %end;
    .scope S_000002c0fc662c90;
T_2 ;
    %vpi_call 3 23 "$readmemh", "d:/WILLGAN/hardware/layers/mem/epoch300_G_l2_W.mem", v000002c0fc6c5ea0 {0 0 0};
    %vpi_call 3 24 "$readmemh", "d:/WILLGAN/hardware/layers/mem/epoch300_G_l2_B.mem", v000002c0fc652d10 {0 0 0};
    %end;
    .thread T_2;
    .scope S_000002c0fc662c90;
T_3 ;
    %wait E_000002c0fc629630;
    %load/vec4 v000002c0fc6c5c20_0;
    %flag_set/vec4 8;
    %jmp/0xz  T_3.0, 8;
    %pushi/vec4 0, 0, 9;
    %assign/vec4 v000002c0fc6c5fe0_0, 0;
    %pushi/vec4 0, 0, 9;
    %assign/vec4 v000002c0fc6c5720_0, 0;
    %pushi/vec4 0, 0, 1;
    %assign/vec4 v000002c0fc6521d0_0, 0;
    %pushi/vec4 0, 0, 1;
    %assign/vec4 v000002c0fc6c66c0_0, 0;
    %pushi/vec4 0, 0, 48;
    %assign/vec4 v000002c0fc652c70_0, 0;
    %pushi/vec4 0, 0, 4096;
    %assign/vec4 v000002c0fc6c5540_0, 0;
    %pushi/vec4 0, 0, 9;
    %assign/vec4 v000002c0fc6c52c0_0, 0;
    %pushi/vec4 0, 0, 1;
    %assign/vec4 v000002c0fc6c5680_0, 0;
    %pushi/vec4 0, 0, 16;
    %assign/vec4 v000002c0fc6c55e0_0, 0;
    %jmp T_3.1;
T_3.0 ;
    %load/vec4 v000002c0fc6c5680_0;
    %flag_set/vec4 8;
    %jmp/0xz  T_3.2, 8;
    %load/vec4 v000002c0fc6c6940_0;
    %ix/load 5, 0, 0;
    %pushi/vec4 255, 0, 32;
    %load/vec4 v000002c0fc6c52c0_0;
    %pad/u 32;
    %sub;
    %muli 16, 0, 32;
    %ix/vec4 4;
    %assign/vec4/off/d v000002c0fc6c5540_0, 4, 5;
    %pushi/vec4 0, 0, 1;
    %assign/vec4 v000002c0fc6c5680_0, 0;
T_3.2 ;
    %load/vec4 v000002c0fc6c6120_0;
    %flag_set/vec4 9;
    %flag_get/vec4 9;
    %jmp/0 T_3.6, 9;
    %load/vec4 v000002c0fc6521d0_0;
    %nor/r;
    %and;
T_3.6;
    %flag_set/vec4 8;
    %jmp/0xz  T_3.4, 8;
    %pushi/vec4 1, 0, 1;
    %assign/vec4 v000002c0fc6521d0_0, 0;
    %pushi/vec4 0, 0, 1;
    %assign/vec4 v000002c0fc6c66c0_0, 0;
    %pushi/vec4 0, 0, 9;
    %assign/vec4 v000002c0fc6c5fe0_0, 0;
    %pushi/vec4 0, 0, 9;
    %assign/vec4 v000002c0fc6c5720_0, 0;
    %ix/load 4, 0, 0;
    %flag_set/imm 4, 0;
    %load/vec4a v000002c0fc652d10, 4;
    %parti/s 1, 15, 5;
    %replicate 32;
    %ix/load 4, 0, 0;
    %flag_set/imm 4, 0;
    %load/vec4a v000002c0fc652d10, 4;
    %concat/vec4; draw_concat_vec4
    %assign/vec4 v000002c0fc652c70_0, 0;
    %jmp T_3.5;
T_3.4 ;
    %load/vec4 v000002c0fc6521d0_0;
    %flag_set/vec4 8;
    %jmp/0xz  T_3.7, 8;
    %load/vec4 v000002c0fc6c5720_0;
    %pad/u 32;
    %cmpi/u 256, 0, 32;
    %jmp/0xz  T_3.9, 5;
    %load/vec4 v000002c0fc652c70_0;
    %load/vec4 v000002c0fc6c6620_0;
    %pad/s 48;
    %ix/load 4, 10, 0;
    %flag_set/imm 4, 0;
    %shiftr/s 4;
    %add;
    %assign/vec4 v000002c0fc652c70_0, 0;
    %load/vec4 v000002c0fc6c5720_0;
    %addi 1, 0, 9;
    %assign/vec4 v000002c0fc6c5720_0, 0;
    %jmp T_3.10;
T_3.9 ;
    %load/vec4 v000002c0fc652c70_0;
    %store/vec4 v000002c0fc6524f0_0, 0, 48;
    %load/vec4 v000002c0fc6524f0_0;
    %cmpi/s 32767, 0, 48;
    %flag_or 5, 4; GT is !LE
    %flag_inv 5;
    %jmp/0xz  T_3.11, 5;
    %pushi/vec4 32767, 0, 16;
    %assign/vec4 v000002c0fc6c55e0_0, 0;
    %jmp T_3.12;
T_3.11 ;
    %load/vec4 v000002c0fc6524f0_0;
    %pushi/vec4 4294967295, 0, 32;
    %concati/vec4 32768, 0, 16;
    %cmp/s;
    %jmp/0xz  T_3.13, 5;
    %pushi/vec4 32768, 0, 16;
    %assign/vec4 v000002c0fc6c55e0_0, 0;
    %jmp T_3.14;
T_3.13 ;
    %load/vec4 v000002c0fc6524f0_0;
    %parti/s 16, 0, 2;
    %assign/vec4 v000002c0fc6c55e0_0, 0;
T_3.14 ;
T_3.12 ;
    %load/vec4 v000002c0fc6c5fe0_0;
    %assign/vec4 v000002c0fc6c52c0_0, 0;
    %pushi/vec4 1, 0, 1;
    %assign/vec4 v000002c0fc6c5680_0, 0;
    %load/vec4 v000002c0fc6c5fe0_0;
    %pad/u 32;
    %cmpi/u 255, 0, 32;
    %jmp/0xz  T_3.15, 5;
    %load/vec4 v000002c0fc6c5fe0_0;
    %addi 1, 0, 9;
    %assign/vec4 v000002c0fc6c5fe0_0, 0;
    %pushi/vec4 0, 0, 9;
    %assign/vec4 v000002c0fc6c5720_0, 0;
    %load/vec4 v000002c0fc6c5fe0_0;
    %pad/u 32;
    %addi 1, 0, 32;
    %ix/vec4 4;
    %load/vec4a v000002c0fc652d10, 4;
    %parti/s 1, 15, 5;
    %replicate 32;
    %load/vec4 v000002c0fc6c5fe0_0;
    %pad/u 32;
    %addi 1, 0, 32;
    %ix/vec4 4;
    %load/vec4a v000002c0fc652d10, 4;
    %concat/vec4; draw_concat_vec4
    %assign/vec4 v000002c0fc652c70_0, 0;
    %jmp T_3.16;
T_3.15 ;
    %pushi/vec4 0, 0, 1;
    %assign/vec4 v000002c0fc6521d0_0, 0;
    %pushi/vec4 1, 0, 1;
    %assign/vec4 v000002c0fc6c66c0_0, 0;
T_3.16 ;
T_3.10 ;
    %jmp T_3.8;
T_3.7 ;
    %load/vec4 v000002c0fc6c66c0_0;
    %flag_set/vec4 8;
    %jmp/0xz  T_3.17, 8;
    %pushi/vec4 0, 0, 1;
    %assign/vec4 v000002c0fc6c66c0_0, 0;
T_3.17 ;
T_3.8 ;
T_3.5 ;
T_3.1 ;
    %jmp T_3;
    .thread T_3;
    .scope S_000002c0fc631080;
T_4 ;
    %pushi/vec4 0, 0, 1;
    %store/vec4 v000002c0fc6c5180_0, 0, 1;
    %pushi/vec4 1, 0, 1;
    %store/vec4 v000002c0fc6c5a40_0, 0, 1;
    %pushi/vec4 0, 0, 1;
    %store/vec4 v000002c0fc6c5ae0_0, 0, 1;
    %end;
    .thread T_4;
    .scope S_000002c0fc631080;
T_5 ;
    %delay 5000, 0;
    %load/vec4 v000002c0fc6c5180_0;
    %inv;
    %store/vec4 v000002c0fc6c5180_0, 0, 1;
    %jmp T_5;
    .thread T_5;
    .scope S_000002c0fc631080;
T_6 ;
    %vpi_call 2 55 "$readmemh", "d:/WILLGAN/hardware/layers/mem/layer1_relu_output.mem", v000002c0fc6c5400 {0 0 0};
    %pushi/vec4 1, 0, 1;
    %store/vec4 v000002c0fc6c5a40_0, 0, 1;
    %pushi/vec4 0, 0, 1;
    %store/vec4 v000002c0fc6c5ae0_0, 0, 1;
    %pushi/vec4 0, 0, 4096;
    %store/vec4 v000002c0fc6c6440_0, 0, 4096;
    %pushi/vec4 0, 0, 32;
    %store/vec4 v000002c0fc6c63a0_0, 0, 32;
    %delay 20000, 0;
    %pushi/vec4 0, 0, 1;
    %store/vec4 v000002c0fc6c5a40_0, 0, 1;
    %delay 20000, 0;
    %fork TD_G_layer2_tb.flatten_input, S_000002c0fc603060;
    %join;
    %wait E_000002c0fc629ab0;
    %pushi/vec4 1, 0, 1;
    %store/vec4 v000002c0fc6c5ae0_0, 0, 1;
    %wait E_000002c0fc629ab0;
    %pushi/vec4 0, 0, 1;
    %store/vec4 v000002c0fc6c5ae0_0, 0, 1;
    %pushi/vec4 0, 0, 32;
    %store/vec4 v000002c0fc6c63a0_0, 0, 32;
T_6.0 ;
    %load/vec4 v000002c0fc6c6300_0;
    %nor/r;
    %flag_set/vec4 8;
    %jmp/0xz T_6.1, 8;
    %wait E_000002c0fc629ab0;
    %load/vec4 v000002c0fc6c63a0_0;
    %addi 1, 0, 32;
    %store/vec4 v000002c0fc6c63a0_0, 0, 32;
    %jmp T_6.0;
T_6.1 ;
    %fork TD_G_layer2_tb.unflatten_output, S_000002c0fc655ac0;
    %join;
    %vpi_call 2 77 "$display", "Layer2 DUT finished. Showing first 16 outputs (pre-ReLU):" {0 0 0};
    %pushi/vec4 0, 0, 32;
    %store/vec4 v000002c0fc6c5f40_0, 0, 32;
T_6.2 ;
    %load/vec4 v000002c0fc6c5f40_0;
    %cmpi/s 16, 0, 32;
    %jmp/0xz T_6.3, 5;
    %vpi_call 2 78 "$display", "out[%0d] = %0d", v000002c0fc6c5f40_0, &A<v000002c0fc6c64e0, v000002c0fc6c5f40_0 > {0 0 0};
    %load/vec4 v000002c0fc6c5f40_0;
    %addi 1, 0, 32;
    %store/vec4 v000002c0fc6c5f40_0, 0, 32;
    %jmp T_6.2;
T_6.3 ;
    %vpi_call 2 81 "$write", "hw_out = np.array([" {0 0 0};
    %pushi/vec4 0, 0, 32;
    %store/vec4 v000002c0fc6c5f40_0, 0, 32;
T_6.4 ;
    %load/vec4 v000002c0fc6c5f40_0;
    %cmpi/s 256, 0, 32;
    %jmp/0xz T_6.5, 5;
    %vpi_call 2 83 "$write", "%0d", &A<v000002c0fc6c64e0, v000002c0fc6c5f40_0 > {0 0 0};
    %load/vec4 v000002c0fc6c5f40_0;
    %cmpi/ne 255, 0, 32;
    %jmp/0xz  T_6.6, 4;
    %vpi_call 2 84 "$write", ", " {0 0 0};
T_6.6 ;
    %load/vec4 v000002c0fc6c5f40_0;
    %addi 1, 0, 32;
    %store/vec4 v000002c0fc6c5f40_0, 0, 32;
    %jmp T_6.4;
T_6.5 ;
    %vpi_call 2 86 "$write", "], dtype=np.int16)\012" {0 0 0};
    %vpi_call 2 89 "$writememh", "../layers/mem/layer2_relu_output.mem", v000002c0fc6c64e0 {0 0 0};
    %vpi_call 2 90 "$writememh", "D:/WILLGAN/hardware/layers/mem/layer2_relu_output.mem", v000002c0fc6c64e0 {0 0 0};
    %vpi_call 2 92 "$display", "Clock cycles: %0d", v000002c0fc6c63a0_0 {0 0 0};
    %vpi_call 2 93 "$finish" {0 0 0};
    %end;
    .thread T_6;
# The file index is used to find the file name in the following table.
:file_names 4;
    "N/A";
    "<interactive>";
    "G_layer2_tb.v";
    "./layer2_generator_v2.v";
