#! /c/Source/iverilog-install/bin/vvp
:ivl_version "12.0 (devel)" "(s20150603-1539-g2693dd32b)";
:ivl_delay_selection "TYPICAL";
:vpi_time_precision - 12;
:vpi_module "C:\iverilog\lib\ivl\system.vpi";
:vpi_module "C:\iverilog\lib\ivl\vhdl_sys.vpi";
:vpi_module "C:\iverilog\lib\ivl\vhdl_textio.vpi";
:vpi_module "C:\iverilog\lib\ivl\v2005_math.vpi";
:vpi_module "C:\iverilog\lib\ivl\va_math.vpi";
S_00000284ddcc9670 .scope module, "G_layer1_tb" "G_layer1_tb" 2 5;
 .timescale -9 -12;
P_00000284ddcc8a90 .param/l "TOTAL_INPUTS" 1 2 8, +C4<00000000000000000000000001000000>;
P_00000284ddcc8ac8 .param/l "TOTAL_NEURONS" 1 2 9, +C4<00000000000000000000000100000000>;
v00000284ddd2a5b0_0 .var "clk", 0 0;
v00000284ddd2a830_0 .var/i "clk_count", 31 0;
v00000284ddd2a330_0 .net "done", 0 0, v00000284ddca4f60_0;  1 drivers
v00000284ddd2a290_0 .var/i "f", 31 0;
v00000284ddd2a790_0 .var/s "flat_input", 1023 0;
v00000284ddd2aa10_0 .net/s "flat_output", 4095 0, v00000284ddc72dc0_0;  1 drivers
v00000284ddd2a8d0_0 .var/i "i", 31 0;
v00000284ddd2af10 .array/s "input_vec", 63 0, 15 0;
v00000284ddd2abf0 .array/s "output_vec", 255 0, 15 0;
v00000284ddd2add0 .array/s "relu_vec", 255 0, 15 0;
v00000284ddd2a1f0_0 .var "rst", 0 0;
v00000284ddd2aab0_0 .var "start", 0 0;
E_00000284ddc9a810 .event negedge, v00000284ddcc73c0_0;
S_00000284ddca4bf0 .scope module, "dut" "layer1_generator_v2" 2 20, 3 12 0, S_00000284ddcc9670;
 .timescale -9 -12;
    .port_info 0 /INPUT 1 "clk";
    .port_info 1 /INPUT 1 "rst";
    .port_info 2 /INPUT 1 "start";
    .port_info 3 /INPUT 1024 "flat_input";
    .port_info 4 /OUTPUT 4096 "flat_output";
    .port_info 5 /OUTPUT 1 "done";
P_00000284ddcc8310 .param/l "TOTAL_INPUTS" 1 3 28, +C4<00000000000000000000000001000000>;
P_00000284ddcc8348 .param/l "TOTAL_NEURONS" 1 3 27, +C4<00000000000000000000000100000000>;
v00000284ddc9c550_0 .net/s *"_ivl_0", 31 0, L_00000284ddd2a0b0;  1 drivers
v00000284ddc733a0_0 .net/s *"_ivl_2", 31 0, L_00000284ddd2ab50;  1 drivers
v00000284dddcbd90_0 .var/s "accumulator", 47 0;
v00000284ddca4700 .array/s "biases", 255 0, 15 0;
v00000284ddcc7320_0 .var "busy", 0 0;
v00000284ddcc73c0_0 .net "clk", 0 0, v00000284ddd2a5b0_0;  1 drivers
v00000284ddca4d80_0 .var/s "current_bias", 15 0;
v00000284ddca4e20_0 .var/s "current_input", 15 0;
v00000284ddca4ec0_0 .var/s "current_weight", 15 0;
v00000284ddca4f60_0 .var "done", 0 0;
v00000284ddc72d20_0 .net/s "flat_input", 1023 0, v00000284ddd2a790_0;  1 drivers
v00000284ddc72dc0_0 .var/s "flat_output", 4095 0;
v00000284ddc72e60_0 .var "input_idx", 6 0;
v00000284ddc72f00_0 .var "neuron_idx", 8 0;
v00000284ddd2ad30_0 .net/s "product", 31 0, L_00000284ddd2ae70;  1 drivers
v00000284ddd2ac90_0 .net "rst", 0 0, v00000284ddd2a1f0_0;  1 drivers
v00000284ddd2a150_0 .net "start", 0 0, v00000284ddd2aab0_0;  1 drivers
v00000284ddd2a970 .array/s "weights", 16383 0, 15 0;
E_00000284ddc9a8d0 .event posedge, v00000284ddcc73c0_0;
L_00000284ddd2a0b0 .extend/s 32, v00000284ddca4e20_0;
L_00000284ddd2ab50 .extend/s 32, v00000284ddca4ec0_0;
L_00000284ddd2ae70 .arith/mult 32, L_00000284ddd2a0b0, L_00000284ddd2ab50;
S_00000284ddd2b070 .scope task, "flatten_input" "flatten_input" 2 40, 2 40 0, S_00000284ddcc9670;
 .timescale -9 -12;
TD_G_layer1_tb.flatten_input ;
    %pushi/vec4 0, 0, 1024;
    %store/vec4 v00000284ddd2a790_0, 0, 1024;
    %pushi/vec4 0, 0, 32;
    %store/vec4 v00000284ddd2a8d0_0, 0, 32;
T_0.0 ;
    %load/vec4 v00000284ddd2a8d0_0;
    %cmpi/s 64, 0, 32;
    %jmp/0xz T_0.1, 5;
    %ix/getv/s 4, v00000284ddd2a8d0_0;
    %load/vec4a v00000284ddd2af10, 4;
    %load/vec4 v00000284ddd2a8d0_0;
    %muli 16, 0, 32;
    %ix/vec4/s 4;
    %store/vec4 v00000284ddd2a790_0, 4, 16;
    %load/vec4 v00000284ddd2a8d0_0;
    %addi 1, 0, 32;
    %store/vec4 v00000284ddd2a8d0_0, 0, 32;
    %jmp T_0.0;
T_0.1 ;
    %end;
S_00000284ddd2b200 .scope task, "relu_layer" "relu_layer" 2 59, 2 59 0, S_00000284ddcc9670;
 .timescale -9 -12;
TD_G_layer1_tb.relu_layer ;
    %pushi/vec4 0, 0, 32;
    %store/vec4 v00000284ddd2a8d0_0, 0, 32;
T_1.2 ;
    %load/vec4 v00000284ddd2a8d0_0;
    %cmpi/s 256, 0, 32;
    %jmp/0xz T_1.3, 5;
    %ix/getv/s 4, v00000284ddd2a8d0_0;
    %load/vec4a v00000284ddd2abf0, 4;
    %parti/s 1, 15, 5;
    %cmpi/e 1, 0, 1;
    %flag_mov 8, 4;
    %jmp/0 T_1.4, 8;
    %pushi/vec4 0, 0, 16;
    %jmp/1 T_1.5, 8;
T_1.4 ; End of true expr.
    %ix/getv/s 4, v00000284ddd2a8d0_0;
    %load/vec4a v00000284ddd2abf0, 4;
    %jmp/0 T_1.5, 8;
 ; End of false expr.
    %blend;
T_1.5;
    %ix/getv/s 4, v00000284ddd2a8d0_0;
    %store/vec4a v00000284ddd2add0, 4, 0;
    %load/vec4 v00000284ddd2a8d0_0;
    %addi 1, 0, 32;
    %store/vec4 v00000284ddd2a8d0_0, 0, 32;
    %jmp T_1.2;
T_1.3 ;
    %end;
S_00000284ddd2b390 .scope task, "unflatten_output" "unflatten_output" 2 50, 2 50 0, S_00000284ddcc9670;
 .timescale -9 -12;
TD_G_layer1_tb.unflatten_output ;
    %pushi/vec4 0, 0, 32;
    %store/vec4 v00000284ddd2a8d0_0, 0, 32;
T_2.6 ;
    %load/vec4 v00000284ddd2a8d0_0;
    %cmpi/s 256, 0, 32;
    %jmp/0xz T_2.7, 5;
    %load/vec4 v00000284ddd2aa10_0;
    %pushi/vec4 255, 0, 32;
    %load/vec4 v00000284ddd2a8d0_0;
    %sub;
    %muli 16, 0, 32;
    %part/s 16;
    %ix/getv/s 4, v00000284ddd2a8d0_0;
    %store/vec4a v00000284ddd2abf0, 4, 0;
    %load/vec4 v00000284ddd2a8d0_0;
    %addi 1, 0, 32;
    %store/vec4 v00000284ddd2a8d0_0, 0, 32;
    %jmp T_2.6;
T_2.7 ;
    %end;
    .scope S_00000284ddca4bf0;
T_3 ;
    %vpi_call 3 31 "$readmemh", "d:/WILLGAN/hardware/layers/mem/epoch300_G_l1_W.mem", v00000284ddd2a970 {0 0 0};
    %vpi_call 3 32 "$readmemh", "d:/WILLGAN/hardware/layers/mem/epoch300_G_l1_B.mem", v00000284ddca4700 {0 0 0};
    %end;
    .thread T_3;
    .scope S_00000284ddca4bf0;
T_4 ;
    %wait E_00000284ddc9a8d0;
    %load/vec4 v00000284ddd2ac90_0;
    %flag_set/vec4 8;
    %jmp/0xz  T_4.0, 8;
    %pushi/vec4 0, 0, 9;
    %assign/vec4 v00000284ddc72f00_0, 0;
    %pushi/vec4 0, 0, 7;
    %assign/vec4 v00000284ddc72e60_0, 0;
    %pushi/vec4 0, 0, 1;
    %assign/vec4 v00000284ddcc7320_0, 0;
    %pushi/vec4 0, 0, 1;
    %assign/vec4 v00000284ddca4f60_0, 0;
    %pushi/vec4 0, 0, 48;
    %assign/vec4 v00000284dddcbd90_0, 0;
    %pushi/vec4 0, 0, 4096;
    %assign/vec4 v00000284ddc72dc0_0, 0;
    %jmp T_4.1;
T_4.0 ;
    %load/vec4 v00000284ddd2a150_0;
    %flag_set/vec4 9;
    %flag_get/vec4 9;
    %jmp/0 T_4.4, 9;
    %load/vec4 v00000284ddcc7320_0;
    %nor/r;
    %and;
T_4.4;
    %flag_set/vec4 8;
    %jmp/0xz  T_4.2, 8;
    %pushi/vec4 1, 0, 1;
    %assign/vec4 v00000284ddcc7320_0, 0;
    %pushi/vec4 0, 0, 1;
    %assign/vec4 v00000284ddca4f60_0, 0;
    %pushi/vec4 0, 0, 9;
    %assign/vec4 v00000284ddc72f00_0, 0;
    %pushi/vec4 0, 0, 7;
    %assign/vec4 v00000284ddc72e60_0, 0;
    %ix/load 4, 0, 0;
    %flag_set/imm 4, 0;
    %load/vec4a v00000284ddca4700, 4;
    %assign/vec4 v00000284ddca4d80_0, 0;
    %ix/load 4, 0, 0;
    %flag_set/imm 4, 0;
    %load/vec4a v00000284ddca4700, 4;
    %parti/s 1, 15, 5;
    %replicate 10;
    %ix/load 4, 0, 0;
    %flag_set/imm 4, 0;
    %load/vec4a v00000284ddca4700, 4;
    %concat/vec4; draw_concat_vec4
    %concati/vec4 0, 0, 22;
    %assign/vec4 v00000284dddcbd90_0, 0;
    %jmp T_4.3;
T_4.2 ;
    %load/vec4 v00000284ddcc7320_0;
    %flag_set/vec4 8;
    %jmp/0xz  T_4.5, 8;
    %load/vec4 v00000284ddc72e60_0;
    %pad/u 32;
    %cmpi/u 64, 0, 32;
    %jmp/0xz  T_4.7, 5;
    %load/vec4 v00000284ddc72d20_0;
    %pushi/vec4 63, 0, 32;
    %load/vec4 v00000284ddc72e60_0;
    %pad/u 32;
    %sub;
    %muli 16, 0, 32;
    %part/u 16;
    %assign/vec4 v00000284ddca4e20_0, 0;
    %load/vec4 v00000284ddc72f00_0;
    %pad/u 32;
    %muli 64, 0, 32;
    %load/vec4 v00000284ddc72e60_0;
    %pad/u 32;
    %add;
    %ix/vec4 4;
    %load/vec4a v00000284ddd2a970, 4;
    %assign/vec4 v00000284ddca4ec0_0, 0;
    %load/vec4 v00000284ddc72e60_0;
    %pad/u 32;
    %cmpi/u 0, 0, 32;
    %flag_or 5, 4; GT is !LE
    %flag_inv 5;
    %jmp/0xz  T_4.9, 5;
    %load/vec4 v00000284dddcbd90_0;
    %load/vec4 v00000284ddd2ad30_0;
    %parti/s 1, 31, 6;
    %replicate 16;
    %load/vec4 v00000284ddd2ad30_0;
    %concat/vec4; draw_concat_vec4
    %add;
    %assign/vec4 v00000284dddcbd90_0, 0;
T_4.9 ;
    %load/vec4 v00000284ddc72e60_0;
    %addi 1, 0, 7;
    %assign/vec4 v00000284ddc72e60_0, 0;
    %jmp T_4.8;
T_4.7 ;
    %load/vec4 v00000284dddcbd90_0;
    %load/vec4 v00000284ddd2ad30_0;
    %parti/s 1, 31, 6;
    %replicate 16;
    %load/vec4 v00000284ddd2ad30_0;
    %concat/vec4; draw_concat_vec4
    %add;
    %assign/vec4 v00000284dddcbd90_0, 0;
    %load/vec4 v00000284dddcbd90_0;
    %parti/s 1, 47, 7;
    %load/vec4 v00000284dddcbd90_0;
    %parti/s 15, 22, 6;
    %concat/vec4; draw_concat_vec4
    %ix/load 5, 0, 0;
    %pushi/vec4 255, 0, 32;
    %load/vec4 v00000284ddc72f00_0;
    %pad/u 32;
    %sub;
    %muli 16, 0, 32;
    %ix/vec4 4;
    %assign/vec4/off/d v00000284ddc72dc0_0, 4, 5;
    %load/vec4 v00000284ddc72f00_0;
    %pad/u 32;
    %cmpi/u 255, 0, 32;
    %jmp/0xz  T_4.11, 5;
    %load/vec4 v00000284ddc72f00_0;
    %addi 1, 0, 9;
    %assign/vec4 v00000284ddc72f00_0, 0;
    %pushi/vec4 0, 0, 7;
    %assign/vec4 v00000284ddc72e60_0, 0;
    %load/vec4 v00000284ddc72f00_0;
    %addi 1, 0, 9;
    %pad/u 10;
    %ix/vec4 4;
    %load/vec4a v00000284ddca4700, 4;
    %assign/vec4 v00000284ddca4d80_0, 0;
    %load/vec4 v00000284ddc72f00_0;
    %addi 1, 0, 9;
    %pad/u 10;
    %ix/vec4 4;
    %load/vec4a v00000284ddca4700, 4;
    %parti/s 1, 15, 5;
    %replicate 10;
    %load/vec4 v00000284ddc72f00_0;
    %addi 1, 0, 9;
    %pad/u 10;
    %ix/vec4 4;
    %load/vec4a v00000284ddca4700, 4;
    %concat/vec4; draw_concat_vec4
    %concati/vec4 0, 0, 22;
    %assign/vec4 v00000284dddcbd90_0, 0;
    %jmp T_4.12;
T_4.11 ;
    %pushi/vec4 0, 0, 1;
    %assign/vec4 v00000284ddcc7320_0, 0;
    %pushi/vec4 1, 0, 1;
    %assign/vec4 v00000284ddca4f60_0, 0;
T_4.12 ;
T_4.8 ;
    %jmp T_4.6;
T_4.5 ;
    %load/vec4 v00000284ddca4f60_0;
    %flag_set/vec4 8;
    %jmp/0xz  T_4.13, 8;
    %pushi/vec4 0, 0, 1;
    %assign/vec4 v00000284ddca4f60_0, 0;
T_4.13 ;
T_4.6 ;
T_4.3 ;
T_4.1 ;
    %jmp T_4;
    .thread T_4;
    .scope S_00000284ddcc9670;
T_5 ;
    %pushi/vec4 0, 0, 1;
    %store/vec4 v00000284ddd2a5b0_0, 0, 1;
    %end;
    .thread T_5;
    .scope S_00000284ddcc9670;
T_6 ;
    %delay 5000, 0;
    %load/vec4 v00000284ddd2a5b0_0;
    %inv;
    %store/vec4 v00000284ddd2a5b0_0, 0, 1;
    %jmp T_6;
    .thread T_6;
    .scope S_00000284ddcc9670;
T_7 ;
    %pushi/vec4 1, 0, 1;
    %store/vec4 v00000284ddd2a1f0_0, 0, 1;
    %pushi/vec4 0, 0, 1;
    %store/vec4 v00000284ddd2aab0_0, 0, 1;
    %pushi/vec4 0, 0, 1024;
    %store/vec4 v00000284ddd2a790_0, 0, 1024;
    %pushi/vec4 0, 0, 32;
    %store/vec4 v00000284ddd2a830_0, 0, 32;
    %delay 20000, 0;
    %pushi/vec4 0, 0, 1;
    %store/vec4 v00000284ddd2a1f0_0, 0, 1;
    %delay 20000, 0;
    %pushi/vec4 0, 0, 32;
    %store/vec4 v00000284ddd2a8d0_0, 0, 32;
T_7.0 ;
    %load/vec4 v00000284ddd2a8d0_0;
    %cmpi/s 64, 0, 32;
    %jmp/0xz T_7.1, 5;
    %pushi/vec4 0, 0, 16;
    %ix/getv/s 4, v00000284ddd2a8d0_0;
    %store/vec4a v00000284ddd2af10, 4, 0;
    %load/vec4 v00000284ddd2a8d0_0;
    %addi 1, 0, 32;
    %store/vec4 v00000284ddd2a8d0_0, 0, 32;
    %jmp T_7.0;
T_7.1 ;
    %fork TD_G_layer1_tb.flatten_input, S_00000284ddd2b070;
    %join;
    %wait E_00000284ddc9a810;
    %pushi/vec4 1, 0, 1;
    %store/vec4 v00000284ddd2aab0_0, 0, 1;
    %wait E_00000284ddc9a810;
    %pushi/vec4 0, 0, 1;
    %store/vec4 v00000284ddd2aab0_0, 0, 1;
    %pushi/vec4 0, 0, 32;
    %store/vec4 v00000284ddd2a830_0, 0, 32;
T_7.2 ;
    %load/vec4 v00000284ddd2a330_0;
    %nor/r;
    %flag_set/vec4 8;
    %jmp/0xz T_7.3, 8;
    %wait E_00000284ddc9a810;
    %load/vec4 v00000284ddd2a830_0;
    %addi 1, 0, 32;
    %store/vec4 v00000284ddd2a830_0, 0, 32;
    %jmp T_7.2;
T_7.3 ;
    %fork TD_G_layer1_tb.unflatten_output, S_00000284ddd2b390;
    %join;
    %fork TD_G_layer1_tb.relu_layer, S_00000284ddd2b200;
    %join;
    %vpi_call 2 89 "$display", "Layer 1 output (pre-activation):" {0 0 0};
    %pushi/vec4 0, 0, 32;
    %store/vec4 v00000284ddd2a8d0_0, 0, 32;
T_7.4 ;
    %load/vec4 v00000284ddd2a8d0_0;
    %cmpi/s 10, 0, 32;
    %jmp/0xz T_7.5, 5;
    %vpi_call 2 90 "$display", "%0d: %0d", v00000284ddd2a8d0_0, &A<v00000284ddd2abf0, v00000284ddd2a8d0_0 > {0 0 0};
    %load/vec4 v00000284ddd2a8d0_0;
    %addi 1, 0, 32;
    %store/vec4 v00000284ddd2a8d0_0, 0, 32;
    %jmp T_7.4;
T_7.5 ;
    %vpi_call 2 91 "$display", "..." {0 0 0};
    %vpi_call 2 92 "$display", "Layer 1 output (after ReLU, all 256):" {0 0 0};
    %pushi/vec4 0, 0, 32;
    %store/vec4 v00000284ddd2a8d0_0, 0, 32;
T_7.6 ;
    %load/vec4 v00000284ddd2a8d0_0;
    %cmpi/s 256, 0, 32;
    %jmp/0xz T_7.7, 5;
    %vpi_call 2 93 "$display", "%0d: %0d", v00000284ddd2a8d0_0, &A<v00000284ddd2add0, v00000284ddd2a8d0_0 > {0 0 0};
    %load/vec4 v00000284ddd2a8d0_0;
    %addi 1, 0, 32;
    %store/vec4 v00000284ddd2a8d0_0, 0, 32;
    %jmp T_7.6;
T_7.7 ;
    %vpi_func 2 97 "$fopen" 32, "mem/layer1_relu_output.mem", "w" {0 0 0};
    %store/vec4 v00000284ddd2a290_0, 0, 32;
    %pushi/vec4 0, 0, 32;
    %store/vec4 v00000284ddd2a8d0_0, 0, 32;
T_7.8 ;
    %load/vec4 v00000284ddd2a8d0_0;
    %cmpi/s 256, 0, 32;
    %jmp/0xz T_7.9, 5;
    %ix/getv/s 4, v00000284ddd2a8d0_0;
    %load/vec4a v00000284ddd2add0, 4;
    %vpi_call 2 99 "$fdisplay", v00000284ddd2a290_0, "%04h", S<0,vec4,u16> {1 0 0};
    %load/vec4 v00000284ddd2a8d0_0;
    %addi 1, 0, 32;
    %store/vec4 v00000284ddd2a8d0_0, 0, 32;
    %jmp T_7.8;
T_7.9 ;
    %vpi_call 2 101 "$fclose", v00000284ddd2a290_0 {0 0 0};
    %vpi_call 2 102 "$display", "Layer 1 ReLU output saved to mem/layer1_relu_output.mem" {0 0 0};
    %vpi_call 2 104 "$display", "Clock cycles: %0d", v00000284ddd2a830_0 {0 0 0};
    %vpi_call 2 105 "$display", "Layer 1 test completed." {0 0 0};
    %vpi_call 2 106 "$finish" {0 0 0};
    %end;
    .thread T_7;
# The file index is used to find the file name in the following table.
:file_names 4;
    "N/A";
    "<interactive>";
    "G_layer1_tb.v";
    "./layer1_generator_v2.v";
