#! /c/Source/iverilog-install/bin/vvp
:ivl_version "12.0 (devel)" "(s20150603-1539-g2693dd32b)";
:ivl_delay_selection "TYPICAL";
:vpi_time_precision - 12;
:vpi_module "C:\iverilog\lib\ivl\system.vpi";
:vpi_module "C:\iverilog\lib\ivl\vhdl_sys.vpi";
:vpi_module "C:\iverilog\lib\ivl\vhdl_textio.vpi";
:vpi_module "C:\iverilog\lib\ivl\v2005_math.vpi";
:vpi_module "C:\iverilog\lib\ivl\va_math.vpi";
S_000001b1e8927470 .scope module, "G_layer3_tb" "G_layer3_tb" 2 5;
 .timescale -9 -12;
P_000001b1e8927600 .param/l "N_IN" 1 2 7, +C4<00000000000000000000000100000000>;
P_000001b1e8927638 .param/l "N_OUT" 1 2 8, +C4<00000000000000000000001100010000>;
v000001b1e899ec90_0 .var "clk", 0 0;
v000001b1e899e970_0 .var/i "clk_count", 31 0;
v000001b1e899f7d0_0 .net "done", 0 0, v000001b1e892d960_0;  1 drivers
v000001b1e899f410_0 .var/s "flat_input", 4095 0;
v000001b1e899f4b0_0 .net/s "flat_output", 12543 0, v000001b1e892daa0_0;  1 drivers
v000001b1e899f230_0 .var/i "i", 31 0;
v000001b1e899e8d0 .array/s "input_vec", 255 0, 15 0;
v000001b1e899eab0 .array/s "output_vec", 783 0, 15 0;
v000001b1e899eb50_0 .var "rst", 0 0;
v000001b1e899ebf0_0 .var "start", 0 0;
E_000001b1e8923e40 .event negedge, v000001b1e892d6e0_0;
S_000001b1e8940c90 .scope module, "dut" "layer3_generator_v2" 2 18, 3 12 0, S_000001b1e8927470;
 .timescale -9 -12;
    .port_info 0 /INPUT 1 "clk";
    .port_info 1 /INPUT 1 "rst";
    .port_info 2 /INPUT 1 "start";
    .port_info 3 /INPUT 4096 "flat_input";
    .port_info 4 /OUTPUT 12544 "flat_output";
    .port_info 5 /OUTPUT 1 "done";
P_000001b1e88d35e0 .param/l "TOTAL_INPUTS" 1 3 28, +C4<00000000000000000000000100000000>;
P_000001b1e88d3618 .param/l "TOTAL_NEURONS" 1 3 27, +C4<00000000000000000000001100010000>;
v000001b1e8904c50_0 .net/s *"_ivl_0", 31 0, L_000001b1e899ed30;  1 drivers
v000001b1e88d3150_0 .net/s *"_ivl_2", 31 0, L_000001b1e899ee70;  1 drivers
v000001b1e88fdef0_0 .var/s "acc_out_reg", 15 0;
v000001b1e88fdf90_0 .var/s "accumulator", 47 0;
v000001b1e892d5a0 .array/s "biases", 783 0, 15 0;
v000001b1e892d640_0 .var "busy", 0 0;
v000001b1e892d6e0_0 .net "clk", 0 0, v000001b1e899ec90_0;  1 drivers
v000001b1e892d780_0 .var/s "current_bias", 15 0;
v000001b1e892d820_0 .var/s "current_input", 15 0;
v000001b1e892d8c0_0 .var/s "current_weight", 15 0;
v000001b1e892d960_0 .var "done", 0 0;
v000001b1e892da00_0 .net/s "flat_input", 4095 0, v000001b1e899f410_0;  1 drivers
v000001b1e892daa0_0 .var/s "flat_output", 12543 0;
v000001b1e899f050_0 .var "input_idx", 8 0;
v000001b1e899f0f0_0 .var/i "memfile", 31 0;
v000001b1e899edd0_0 .var "neuron_idx", 9 0;
v000001b1e899f190_0 .var "neuron_idx_out_reg", 9 0;
v000001b1e899f370_0 .var "output_written", 0 0;
v000001b1e899f5f0_0 .var "pipeline_valid", 0 0;
v000001b1e899f2d0_0 .net/s "product", 31 0, L_000001b1e899ef10;  1 drivers
v000001b1e899f550_0 .net "rst", 0 0, v000001b1e899eb50_0;  1 drivers
v000001b1e899ea10_0 .net "start", 0 0, v000001b1e899ebf0_0;  1 drivers
v000001b1e899f690 .array/s "weights", 200703 0, 15 0;
v000001b1e899f730_0 .var "write_output_reg", 0 0;
E_000001b1e8923500 .event posedge, v000001b1e892d6e0_0;
L_000001b1e899ed30 .extend/s 32, v000001b1e892d820_0;
L_000001b1e899ee70 .extend/s 32, v000001b1e892d8c0_0;
L_000001b1e899ef10 .arith/mult 32, L_000001b1e899ed30, L_000001b1e899ee70;
S_000001b1e8940e20 .scope begin, "$ivl_for_loop0" "$ivl_for_loop0" 3 131, 3 131 0, S_000001b1e8940c90;
 .timescale -9 -12;
v000001b1e88d33c0_0 .var/i "j", 31 0;
S_000001b1e892dc50 .scope task, "flatten_input" "flatten_input" 2 33, 2 33 0, S_000001b1e8927470;
 .timescale -9 -12;
TD_G_layer3_tb.flatten_input ;
    %pushi/vec4 0, 0, 4096;
    %store/vec4 v000001b1e899f410_0, 0, 4096;
    %pushi/vec4 0, 0, 32;
    %store/vec4 v000001b1e899f230_0, 0, 32;
T_0.0 ;
    %load/vec4 v000001b1e899f230_0;
    %cmpi/s 256, 0, 32;
    %jmp/0xz T_0.1, 5;
    %ix/getv/s 4, v000001b1e899f230_0;
    %load/vec4a v000001b1e899e8d0, 4;
    %pushi/vec4 255, 0, 32;
    %load/vec4 v000001b1e899f230_0;
    %sub;
    %muli 16, 0, 32;
    %ix/vec4/s 4;
    %store/vec4 v000001b1e899f410_0, 4, 16;
    %load/vec4 v000001b1e899f230_0;
    %addi 1, 0, 32;
    %store/vec4 v000001b1e899f230_0, 0, 32;
    %jmp T_0.0;
T_0.1 ;
    %end;
S_000001b1e892dde0 .scope task, "unflatten_output" "unflatten_output" 2 42, 2 42 0, S_000001b1e8927470;
 .timescale -9 -12;
TD_G_layer3_tb.unflatten_output ;
    %pushi/vec4 0, 0, 32;
    %store/vec4 v000001b1e899f230_0, 0, 32;
T_1.2 ;
    %load/vec4 v000001b1e899f230_0;
    %cmpi/s 784, 0, 32;
    %jmp/0xz T_1.3, 5;
    %load/vec4 v000001b1e899f4b0_0;
    %pushi/vec4 783, 0, 32;
    %load/vec4 v000001b1e899f230_0;
    %sub;
    %muli 16, 0, 32;
    %part/s 16;
    %ix/getv/s 4, v000001b1e899f230_0;
    %store/vec4a v000001b1e899eab0, 4, 0;
    %load/vec4 v000001b1e899f230_0;
    %addi 1, 0, 32;
    %store/vec4 v000001b1e899f230_0, 0, 32;
    %jmp T_1.2;
T_1.3 ;
    %end;
    .scope S_000001b1e8940c90;
T_2 ;
    %vpi_call 3 31 "$readmemh", "d:/WILLGAN/hardware/layers/mem/epoch300_G_l3_W.mem", v000001b1e899f690 {0 0 0};
    %vpi_call 3 32 "$readmemh", "d:/WILLGAN/hardware/layers/mem/epoch300_G_l3_B.mem", v000001b1e892d5a0 {0 0 0};
    %end;
    .thread T_2;
    .scope S_000001b1e8940c90;
T_3 ;
    %wait E_000001b1e8923500;
    %load/vec4 v000001b1e899f550_0;
    %flag_set/vec4 8;
    %jmp/0xz  T_3.0, 8;
    %pushi/vec4 0, 0, 10;
    %assign/vec4 v000001b1e899edd0_0, 0;
    %pushi/vec4 0, 0, 9;
    %assign/vec4 v000001b1e899f050_0, 0;
    %pushi/vec4 0, 0, 1;
    %assign/vec4 v000001b1e892d640_0, 0;
    %pushi/vec4 0, 0, 1;
    %assign/vec4 v000001b1e892d960_0, 0;
    %pushi/vec4 0, 0, 48;
    %assign/vec4 v000001b1e88fdf90_0, 0;
    %pushi/vec4 0, 0, 12544;
    %assign/vec4 v000001b1e892daa0_0, 0;
    %pushi/vec4 0, 0, 16;
    %assign/vec4 v000001b1e88fdef0_0, 0;
    %pushi/vec4 0, 0, 10;
    %assign/vec4 v000001b1e899f190_0, 0;
    %pushi/vec4 0, 0, 1;
    %assign/vec4 v000001b1e899f730_0, 0;
    %pushi/vec4 0, 0, 1;
    %assign/vec4 v000001b1e899f370_0, 0;
    %pushi/vec4 0, 0, 1;
    %assign/vec4 v000001b1e899f5f0_0, 0;
    %jmp T_3.1;
T_3.0 ;
    %load/vec4 v000001b1e899ea10_0;
    %flag_set/vec4 9;
    %flag_get/vec4 9;
    %jmp/0 T_3.4, 9;
    %load/vec4 v000001b1e892d640_0;
    %nor/r;
    %and;
T_3.4;
    %flag_set/vec4 8;
    %jmp/0xz  T_3.2, 8;
    %pushi/vec4 1, 0, 1;
    %assign/vec4 v000001b1e892d640_0, 0;
    %pushi/vec4 0, 0, 1;
    %assign/vec4 v000001b1e892d960_0, 0;
    %pushi/vec4 0, 0, 10;
    %assign/vec4 v000001b1e899edd0_0, 0;
    %pushi/vec4 0, 0, 9;
    %assign/vec4 v000001b1e899f050_0, 0;
    %ix/load 4, 0, 0;
    %flag_set/imm 4, 0;
    %load/vec4a v000001b1e892d5a0, 4;
    %assign/vec4 v000001b1e892d780_0, 0;
    %ix/load 4, 0, 0;
    %flag_set/imm 4, 0;
    %load/vec4a v000001b1e892d5a0, 4;
    %parti/s 1, 15, 5;
    %replicate 32;
    %ix/load 4, 0, 0;
    %flag_set/imm 4, 0;
    %load/vec4a v000001b1e892d5a0, 4;
    %concat/vec4; draw_concat_vec4
    %assign/vec4 v000001b1e88fdf90_0, 0;
    %jmp T_3.3;
T_3.2 ;
    %load/vec4 v000001b1e892d640_0;
    %flag_set/vec4 8;
    %jmp/0xz  T_3.5, 8;
    %load/vec4 v000001b1e899f050_0;
    %pad/u 32;
    %cmpi/u 256, 0, 32;
    %jmp/0xz  T_3.7, 5;
    %load/vec4 v000001b1e892da00_0;
    %pushi/vec4 255, 0, 32;
    %load/vec4 v000001b1e899f050_0;
    %pad/u 32;
    %sub;
    %muli 16, 0, 32;
    %part/u 16;
    %assign/vec4 v000001b1e892d820_0, 0;
    %load/vec4 v000001b1e899edd0_0;
    %pad/u 32;
    %muli 256, 0, 32;
    %load/vec4 v000001b1e899f050_0;
    %pad/u 32;
    %add;
    %ix/vec4 4;
    %load/vec4a v000001b1e899f690, 4;
    %assign/vec4 v000001b1e892d8c0_0, 0;
    %load/vec4 v000001b1e88fdf90_0;
    %load/vec4 v000001b1e899f2d0_0;
    %pad/s 48;
    %ix/load 4, 10, 0;
    %flag_set/imm 4, 0;
    %shiftr/s 4;
    %add;
    %assign/vec4 v000001b1e88fdf90_0, 0;
    %load/vec4 v000001b1e899f050_0;
    %addi 1, 0, 9;
    %assign/vec4 v000001b1e899f050_0, 0;
    %jmp T_3.8;
T_3.7 ;
    %load/vec4 v000001b1e88fdf90_0;
    %cmpi/s 32767, 0, 48;
    %flag_or 5, 4; GT is !LE
    %flag_inv 5;
    %jmp/0xz  T_3.9, 5;
    %pushi/vec4 32767, 0, 16;
    %assign/vec4 v000001b1e88fdef0_0, 0;
    %jmp T_3.10;
T_3.9 ;
    %load/vec4 v000001b1e88fdf90_0;
    %pushi/vec4 4294967295, 0, 32;
    %concati/vec4 32768, 0, 16;
    %cmp/s;
    %jmp/0xz  T_3.11, 5;
    %pushi/vec4 32768, 0, 16;
    %assign/vec4 v000001b1e88fdef0_0, 0;
    %jmp T_3.12;
T_3.11 ;
    %load/vec4 v000001b1e88fdf90_0;
    %parti/s 16, 0, 2;
    %assign/vec4 v000001b1e88fdef0_0, 0;
T_3.12 ;
T_3.10 ;
    %load/vec4 v000001b1e899edd0_0;
    %assign/vec4 v000001b1e899f190_0, 0;
    %load/vec4 v000001b1e899f5f0_0;
    %assign/vec4 v000001b1e899f730_0, 0;
    %pushi/vec4 1, 0, 1;
    %assign/vec4 v000001b1e899f5f0_0, 0;
    %load/vec4 v000001b1e899edd0_0;
    %pad/u 32;
    %cmpi/u 783, 0, 32;
    %jmp/0xz  T_3.13, 5;
    %load/vec4 v000001b1e899edd0_0;
    %addi 1, 0, 10;
    %assign/vec4 v000001b1e899edd0_0, 0;
    %pushi/vec4 0, 0, 9;
    %assign/vec4 v000001b1e899f050_0, 0;
    %load/vec4 v000001b1e899edd0_0;
    %addi 1, 0, 10;
    %pad/u 11;
    %ix/vec4 4;
    %load/vec4a v000001b1e892d5a0, 4;
    %assign/vec4 v000001b1e892d780_0, 0;
    %load/vec4 v000001b1e899edd0_0;
    %addi 1, 0, 10;
    %pad/u 11;
    %ix/vec4 4;
    %load/vec4a v000001b1e892d5a0, 4;
    %parti/s 1, 15, 5;
    %replicate 32;
    %load/vec4 v000001b1e899edd0_0;
    %addi 1, 0, 10;
    %pad/u 11;
    %ix/vec4 4;
    %load/vec4a v000001b1e892d5a0, 4;
    %concat/vec4; draw_concat_vec4
    %assign/vec4 v000001b1e88fdf90_0, 0;
    %jmp T_3.14;
T_3.13 ;
    %pushi/vec4 0, 0, 1;
    %assign/vec4 v000001b1e892d640_0, 0;
    %pushi/vec4 1, 0, 1;
    %assign/vec4 v000001b1e892d960_0, 0;
T_3.14 ;
T_3.8 ;
    %jmp T_3.6;
T_3.5 ;
    %load/vec4 v000001b1e892d960_0;
    %flag_set/vec4 8;
    %jmp/0xz  T_3.15, 8;
    %pushi/vec4 0, 0, 1;
    %assign/vec4 v000001b1e892d960_0, 0;
T_3.15 ;
T_3.6 ;
T_3.3 ;
    %load/vec4 v000001b1e899f730_0;
    %flag_set/vec4 8;
    %jmp/0xz  T_3.17, 8;
    %load/vec4 v000001b1e88fdef0_0;
    %ix/load 5, 0, 0;
    %pushi/vec4 783, 0, 32;
    %load/vec4 v000001b1e899f190_0;
    %pad/u 32;
    %sub;
    %muli 16, 0, 32;
    %ix/vec4 4;
    %assign/vec4/off/d v000001b1e892daa0_0, 4, 5;
    %load/vec4 v000001b1e899f190_0;
    %pad/u 32;
    %cmpi/e 0, 0, 32;
    %jmp/0xz  T_3.19, 4;
    %vpi_call 3 121 "$display", "DEBUG: neuron0 out=%0d", v000001b1e88fdef0_0 {0 0 0};
T_3.19 ;
    %pushi/vec4 0, 0, 1;
    %assign/vec4 v000001b1e899f730_0, 0;
T_3.17 ;
    %load/vec4 v000001b1e892d960_0;
    %flag_set/vec4 10;
    %flag_get/vec4 10;
    %jmp/0 T_3.24, 10;
    %load/vec4 v000001b1e899f370_0;
    %nor/r;
    %and;
T_3.24;
    %flag_set/vec4 9;
    %flag_get/vec4 9;
    %jmp/0 T_3.23, 9;
    %load/vec4 v000001b1e899f5f0_0;
    %and;
T_3.23;
    %flag_set/vec4 8;
    %jmp/0xz  T_3.21, 8;
    %vpi_func 3 127 "$fopen" 32, "D:/WILLGAN/hardware/layers/output.mem", "w" {0 0 0};
    %store/vec4 v000001b1e899f0f0_0, 0, 32;
    %load/vec4 v000001b1e899f0f0_0;
    %cmpi/e 0, 0, 32;
    %jmp/0xz  T_3.25, 4;
    %vpi_call 3 129 "$display", "ERROR: Could not open output.mem for writing!" {0 0 0};
    %jmp T_3.26;
T_3.25 ;
    %fork t_1, S_000001b1e8940e20;
    %jmp t_0;
    .scope S_000001b1e8940e20;
t_1 ;
    %pushi/vec4 0, 0, 32;
    %store/vec4 v000001b1e88d33c0_0, 0, 32;
T_3.27 ;
    %load/vec4 v000001b1e88d33c0_0;
    %cmpi/s 784, 0, 32;
    %jmp/0xz T_3.28, 5;
    %load/vec4 v000001b1e892daa0_0;
    %pushi/vec4 783, 0, 32;
    %load/vec4 v000001b1e88d33c0_0;
    %sub;
    %muli 16, 0, 32;
    %part/s 16;
    %vpi_call 3 132 "$fdisplay", v000001b1e899f0f0_0, "%h", S<0,vec4,u16> {1 0 0};
    %load/vec4 v000001b1e88d33c0_0;
    %addi 1, 0, 32;
    %store/vec4 v000001b1e88d33c0_0, 0, 32;
    %jmp T_3.27;
T_3.28 ;
    %end;
    .scope S_000001b1e8940c90;
t_0 %join;
    %vpi_call 3 134 "$fclose", v000001b1e899f0f0_0 {0 0 0};
    %vpi_call 3 135 "$display", "Layer3 output written to output.mem" {0 0 0};
T_3.26 ;
    %pushi/vec4 1, 0, 1;
    %assign/vec4 v000001b1e899f370_0, 0;
T_3.21 ;
T_3.1 ;
    %jmp T_3;
    .thread T_3;
    .scope S_000001b1e8927470;
T_4 ;
    %pushi/vec4 0, 0, 1;
    %store/vec4 v000001b1e899ec90_0, 0, 1;
    %pushi/vec4 1, 0, 1;
    %store/vec4 v000001b1e899eb50_0, 0, 1;
    %pushi/vec4 0, 0, 1;
    %store/vec4 v000001b1e899ebf0_0, 0, 1;
    %end;
    .thread T_4;
    .scope S_000001b1e8927470;
T_5 ;
    %delay 5000, 0;
    %load/vec4 v000001b1e899ec90_0;
    %inv;
    %store/vec4 v000001b1e899ec90_0, 0, 1;
    %jmp T_5;
    .thread T_5;
    .scope S_000001b1e8927470;
T_6 ;
    %vpi_call 2 52 "$readmemh", "d:/WILLGAN/hardware/layers/mem/layer2_relu_output.mem", v000001b1e899e8d0 {0 0 0};
    %pushi/vec4 1, 0, 1;
    %store/vec4 v000001b1e899eb50_0, 0, 1;
    %pushi/vec4 0, 0, 1;
    %store/vec4 v000001b1e899ebf0_0, 0, 1;
    %pushi/vec4 0, 0, 4096;
    %store/vec4 v000001b1e899f410_0, 0, 4096;
    %pushi/vec4 0, 0, 32;
    %store/vec4 v000001b1e899e970_0, 0, 32;
    %delay 20000, 0;
    %pushi/vec4 0, 0, 1;
    %store/vec4 v000001b1e899eb50_0, 0, 1;
    %delay 20000, 0;
    %fork TD_G_layer3_tb.flatten_input, S_000001b1e892dc50;
    %join;
    %wait E_000001b1e8923e40;
    %pushi/vec4 1, 0, 1;
    %store/vec4 v000001b1e899ebf0_0, 0, 1;
    %wait E_000001b1e8923e40;
    %pushi/vec4 0, 0, 1;
    %store/vec4 v000001b1e899ebf0_0, 0, 1;
    %pushi/vec4 0, 0, 32;
    %store/vec4 v000001b1e899e970_0, 0, 32;
T_6.0 ;
    %load/vec4 v000001b1e899f7d0_0;
    %nor/r;
    %flag_set/vec4 8;
    %jmp/0xz T_6.1, 8;
    %wait E_000001b1e8923e40;
    %load/vec4 v000001b1e899e970_0;
    %addi 1, 0, 32;
    %store/vec4 v000001b1e899e970_0, 0, 32;
    %jmp T_6.0;
T_6.1 ;
    %fork TD_G_layer3_tb.unflatten_output, S_000001b1e892dde0;
    %join;
    %vpi_call 2 66 "$display", "Layer3 DUT finished. Showing first 16 outputs:" {0 0 0};
    %pushi/vec4 0, 0, 32;
    %store/vec4 v000001b1e899f230_0, 0, 32;
T_6.2 ;
    %load/vec4 v000001b1e899f230_0;
    %cmpi/s 16, 0, 32;
    %jmp/0xz T_6.3, 5;
    %vpi_call 2 67 "$display", "out[%0d] = %0d", v000001b1e899f230_0, &A<v000001b1e899eab0, v000001b1e899f230_0 > {0 0 0};
    %load/vec4 v000001b1e899f230_0;
    %addi 1, 0, 32;
    %store/vec4 v000001b1e899f230_0, 0, 32;
    %jmp T_6.2;
T_6.3 ;
    %vpi_call 2 69 "$write", "hw_out3 = np.array([" {0 0 0};
    %pushi/vec4 0, 0, 32;
    %store/vec4 v000001b1e899f230_0, 0, 32;
T_6.4 ;
    %load/vec4 v000001b1e899f230_0;
    %cmpi/s 784, 0, 32;
    %jmp/0xz T_6.5, 5;
    %vpi_call 2 71 "$write", "%0d", &A<v000001b1e899eab0, v000001b1e899f230_0 > {0 0 0};
    %load/vec4 v000001b1e899f230_0;
    %cmpi/ne 783, 0, 32;
    %jmp/0xz  T_6.6, 4;
    %vpi_call 2 72 "$write", ", " {0 0 0};
T_6.6 ;
    %load/vec4 v000001b1e899f230_0;
    %addi 1, 0, 32;
    %store/vec4 v000001b1e899f230_0, 0, 32;
    %jmp T_6.4;
T_6.5 ;
    %vpi_call 2 74 "$write", "], dtype=np.int16)\012" {0 0 0};
    %pushi/vec4 5, 0, 32;
T_6.8 %dup/vec4;
    %pushi/vec4 0, 0, 32;
    %cmp/s;
    %jmp/1xz T_6.9, 5;
    %jmp/1 T_6.9, 4;
    %pushi/vec4 1, 0, 32;
    %sub;
    %wait E_000001b1e8923e40;
    %jmp T_6.8;
T_6.9 ;
    %pop/vec4 1;
    %vpi_call 2 79 "$display", "Clock cycles: %0d", v000001b1e899e970_0 {0 0 0};
    %vpi_call 2 80 "$finish" {0 0 0};
    %end;
    .thread T_6;
# The file index is used to find the file name in the following table.
:file_names 4;
    "N/A";
    "<interactive>";
    "G_layer3_tb.v";
    "./layer3_generator_v2.v";
