#! /c/Source/iverilog-install/bin/vvp
:ivl_version "12.0 (devel)" "(s20150603-1539-g2693dd32b)";
:ivl_delay_selection "TYPICAL";
:vpi_time_precision - 12;
:vpi_module "C:\iverilog\lib\ivl\system.vpi";
:vpi_module "C:\iverilog\lib\ivl\vhdl_sys.vpi";
:vpi_module "C:\iverilog\lib\ivl\vhdl_textio.vpi";
:vpi_module "C:\iverilog\lib\ivl\v2005_math.vpi";
:vpi_module "C:\iverilog\lib\ivl\va_math.vpi";
S_00000243d4449420 .scope module, "generator_tb" "generator_tb" 2 5;
 .timescale -9 -12;
P_00000243d43d4e20 .param/l "N_NOISE" 1 2 6, +C4<00000000000000000000000001000000>;
P_00000243d43d4e58 .param/l "N_OUTPUT" 1 2 7, +C4<00000000000000000000001100010000>;
v00000243d44de9d0_0 .var "clk", 0 0;
v00000243d44dd850_0 .var/i "clk_count", 31 0;
v00000243d44dd8f0_0 .net "done", 0 0, v00000243d44dd350_0;  1 drivers
v00000243d44dda30_0 .var/i "i", 31 0;
v00000243d44ddad0_0 .net/s "image_output", 12543 0, v00000243d44de250_0;  1 drivers
v00000243d44ddb70_0 .var/i "max_val", 31 0;
v00000243d44dfb30_0 .var/i "memfile", 31 0;
v00000243d44dfef0_0 .var/i "min_val", 31 0;
v00000243d44e0850_0 .var/s "noise_input", 1023 0;
v00000243d44df9f0 .array/s "noise_vec", 63 0, 15 0;
v00000243d44def50 .array/s "output_vec", 783 0, 15 0;
v00000243d44df3b0_0 .var "rst", 0 0;
v00000243d44df090_0 .var "start", 0 0;
v00000243d44df130_0 .var/i "sum", 31 0;
v00000243d44dff90_0 .var/i "val", 31 0;
E_00000243d4424aa0 .event negedge, v00000243d444b5c0_0;
S_00000243d4448cf0 .scope module, "dut" "generator" 2 24, 3 16 0, S_00000243d4449420;
 .timescale -9 -12;
    .port_info 0 /INPUT 1 "clk";
    .port_info 1 /INPUT 1 "rst";
    .port_info 2 /INPUT 1 "start";
    .port_info 3 /INPUT 1024 "noise_input";
    .port_info 4 /OUTPUT 12544 "image_output";
    .port_info 5 /OUTPUT 1 "done";
P_00000243d4430160 .param/l "N_L1_OUT" 1 3 28, +C4<00000000000000000000000100000000>;
P_00000243d4430198 .param/l "N_L2_OUT" 1 3 29, +C4<00000000000000000000000100000000>;
P_00000243d44301d0 .param/l "N_L3_OUT" 1 3 30, +C4<00000000000000000000001100010000>;
P_00000243d4430208 .param/l "N_NOISE" 1 3 27, +C4<00000000000000000000000001000000>;
P_00000243d4430240 .param/l "STATE_DONE" 1 3 39, C4<110>;
P_00000243d4430278 .param/l "STATE_IDLE" 1 3 33, C4<000>;
P_00000243d44302b0 .param/l "STATE_L1" 1 3 34, C4<001>;
P_00000243d44302e8 .param/l "STATE_L2" 1 3 36, C4<011>;
P_00000243d4430320 .param/l "STATE_L3" 1 3 38, C4<101>;
P_00000243d4430358 .param/l "STATE_RELU1" 1 3 35, C4<010>;
P_00000243d4430390 .param/l "STATE_RELU2" 1 3 37, C4<100>;
v00000243d44dd5d0_0 .net "clk", 0 0, v00000243d44de9d0_0;  1 drivers
v00000243d44dd350_0 .var "done", 0 0;
v00000243d44de250_0 .var/s "image_output", 12543 0;
v00000243d44dd3f0_0 .net "l1_done", 0 0, v00000243d444be80_0;  1 drivers
v00000243d44ddfd0_0 .net/s "l1_output", 4095 0, v00000243d444a800_0;  1 drivers
v00000243d44de430_0 .var "l1_start", 0 0;
v00000243d44de110_0 .net "l2_done", 0 0, v00000243d444bd40_0;  1 drivers
v00000243d44de070_0 .net/s "l2_output", 4095 0, v00000243d4404440_0;  1 drivers
v00000243d44dd490_0 .var "l2_start", 0 0;
v00000243d44dde90_0 .net "l3_done", 0 0, v00000243d44dbc10_0;  1 drivers
v00000243d44dd530_0 .net/s "l3_output", 12543 0, v00000243d44dc390_0;  1 drivers
v00000243d44de7f0_0 .var "l3_start", 0 0;
v00000243d44dd670_0 .net/s "noise_input", 1023 0, v00000243d44e0850_0;  1 drivers
v00000243d44de1b0_0 .var/s "relu1_output", 4095 0;
v00000243d44de610_0 .var/s "relu2_output", 4095 0;
v00000243d44de2f0_0 .var/i "relu_idx", 31 0;
v00000243d44dd710_0 .net "rst", 0 0, v00000243d44df3b0_0;  1 drivers
v00000243d44de390_0 .net "start", 0 0, v00000243d44df090_0;  1 drivers
v00000243d44de6b0_0 .var "state", 2 0;
S_00000243d446ade0 .scope module, "layer1_inst" "layer1_generator_v2" 3 65, 4 12 0, S_00000243d4448cf0;
 .timescale -9 -12;
    .port_info 0 /INPUT 1 "clk";
    .port_info 1 /INPUT 1 "rst";
    .port_info 2 /INPUT 1 "start";
    .port_info 3 /INPUT 1024 "flat_input";
    .port_info 4 /OUTPUT 4096 "flat_output";
    .port_info 5 /OUTPUT 1 "done";
P_00000243d43d57a0 .param/l "TOTAL_INPUTS" 1 4 28, +C4<00000000000000000000000001000000>;
P_00000243d43d57d8 .param/l "TOTAL_NEURONS" 1 4 27, +C4<00000000000000000000000100000000>;
v00000243d444ab20_0 .net/s *"_ivl_0", 31 0, L_00000243d44dfdb0;  1 drivers
v00000243d444ac60_0 .net/s *"_ivl_2", 31 0, L_00000243d44df590;  1 drivers
v00000243d444aa80_0 .var/s "accumulator", 47 0;
v00000243d444abc0 .array/s "biases", 255 0, 15 0;
v00000243d444c1a0_0 .var "busy", 0 0;
v00000243d444b5c0_0 .net "clk", 0 0, v00000243d44de9d0_0;  alias, 1 drivers
v00000243d444b700_0 .var/s "current_bias", 15 0;
v00000243d444bfc0_0 .var/s "current_input", 15 0;
v00000243d444b0c0_0 .var/s "current_weight", 15 0;
v00000243d444be80_0 .var "done", 0 0;
v00000243d444bf20_0 .net/s "flat_input", 1023 0, v00000243d44e0850_0;  alias, 1 drivers
v00000243d444a800_0 .var/s "flat_output", 4095 0;
v00000243d444b660_0 .var "input_idx", 6 0;
v00000243d444ba20_0 .var "neuron_idx", 8 0;
v00000243d444a6c0_0 .net/s "product", 31 0, L_00000243d44e0670;  1 drivers
v00000243d444c100_0 .net "rst", 0 0, v00000243d44df3b0_0;  alias, 1 drivers
v00000243d444ad00_0 .net "start", 0 0, v00000243d44de430_0;  1 drivers
v00000243d444ada0 .array/s "weights", 16383 0, 15 0;
E_00000243d4424de0 .event posedge, v00000243d444b5c0_0;
L_00000243d44dfdb0 .extend/s 32, v00000243d444bfc0_0;
L_00000243d44df590 .extend/s 32, v00000243d444b0c0_0;
L_00000243d44e0670 .arith/mult 32, L_00000243d44dfdb0, L_00000243d44df590;
S_00000243d441ed70 .scope module, "layer2_inst" "layer2_generator_v2" 3 75, 5 5 0, S_00000243d4448cf0;
 .timescale -9 -12;
    .port_info 0 /INPUT 1 "clk";
    .port_info 1 /INPUT 1 "rst";
    .port_info 2 /INPUT 1 "start";
    .port_info 3 /INPUT 4096 "flat_input";
    .port_info 4 /OUTPUT 4096 "flat_output";
    .port_info 5 /OUTPUT 1 "done";
P_00000243d4424ae0 .param/l "N" 1 5 13, +C4<00000000000000000000000100000000>;
L_00000243d4417a90 .functor BUFZ 16, L_00000243d44e03f0, C4<0000000000000000>, C4<0000000000000000>, C4<0000000000000000>;
v00000243d444b160_0 .net *"_ivl_1", 0 0, L_00000243d44dfc70;  1 drivers
v00000243d444aee0_0 .net *"_ivl_10", 31 0, L_00000243d44e0030;  1 drivers
L_00000243d44e0f60 .functor BUFT 1, C4<00000000000000000000000>, C4<0>, C4<0>, C4<0>;
v00000243d444b480_0 .net *"_ivl_13", 22 0, L_00000243d44e0f60;  1 drivers
v00000243d444bac0_0 .net *"_ivl_14", 31 0, L_00000243d44e07b0;  1 drivers
L_00000243d44e0fa8 .functor BUFT 1, C4<00000000000000000000000000010000>, C4<0>, C4<0>, C4<0>;
v00000243d444af80_0 .net/2u *"_ivl_16", 31 0, L_00000243d44e0fa8;  1 drivers
v00000243d444b520_0 .net *"_ivl_19", 31 0, L_00000243d44dfd10;  1 drivers
v00000243d444c060_0 .net *"_ivl_2", 15 0, L_00000243d44e0ad0;  1 drivers
v00000243d444b340_0 .net *"_ivl_22", 15 0, L_00000243d44e03f0;  1 drivers
v00000243d444a760_0 .net *"_ivl_24", 31 0, L_00000243d44dfa90;  1 drivers
L_00000243d44e0ff0 .functor BUFT 1, C4<00000000000000000000000>, C4<0>, C4<0>, C4<0>;
v00000243d444ae40_0 .net *"_ivl_27", 22 0, L_00000243d44e0ff0;  1 drivers
L_00000243d44e1038 .functor BUFT 1, C4<00000000000000000000000100000000>, C4<0>, C4<0>, C4<0>;
v00000243d444b200_0 .net/2u *"_ivl_28", 31 0, L_00000243d44e1038;  1 drivers
v00000243d444b2a0_0 .net *"_ivl_31", 31 0, L_00000243d44dfe50;  1 drivers
v00000243d444b7a0_0 .net *"_ivl_32", 31 0, L_00000243d44e00d0;  1 drivers
L_00000243d44e1080 .functor BUFT 1, C4<00000000000000000000000>, C4<0>, C4<0>, C4<0>;
v00000243d444b020_0 .net *"_ivl_35", 22 0, L_00000243d44e1080;  1 drivers
v00000243d444bde0_0 .net *"_ivl_36", 31 0, L_00000243d44dfbd0;  1 drivers
v00000243d444b840_0 .net *"_ivl_4", 12 0, L_00000243d44e0210;  1 drivers
v00000243d444b8e0_0 .net/s *"_ivl_40", 31 0, L_00000243d44e0490;  1 drivers
v00000243d444bb60_0 .net/s *"_ivl_42", 31 0, L_00000243d44e0990;  1 drivers
L_00000243d44e0f18 .functor BUFT 1, C4<00000000000000000000000011111111>, C4<0>, C4<0>, C4<0>;
v00000243d444c420_0 .net/2u *"_ivl_8", 31 0, L_00000243d44e0f18;  1 drivers
v00000243d444bc00_0 .var/s "acc_local", 47 0;
v00000243d444bca0_0 .var/s "accumulator", 47 0;
v00000243d444c4c0 .array/s "biases", 255 0, 15 0;
v00000243d444c240_0 .var "busy", 0 0;
v00000243d444a8a0_0 .net "clk", 0 0, v00000243d44de9d0_0;  alias, 1 drivers
v00000243d444bd40_0 .var "done", 0 0;
v00000243d444a940_0 .net/s "flat_input", 4095 0, v00000243d44de1b0_0;  1 drivers
v00000243d4404440_0 .var/s "flat_output", 4095 0;
v00000243d44044e0_0 .net/s "in_val_w", 15 0, L_00000243d44e0350;  1 drivers
v00000243d4404760_0 .var "input_idx", 8 0;
v00000243d44d5920_0 .net/s "leaky_out", 15 0, L_00000243d44e0710;  1 drivers
v00000243d44d70e0_0 .var "neuron_idx", 8 0;
v00000243d44d6000_0 .var "neuron_idx_reg", 8 0;
v00000243d44d6b40_0 .var/s "out_val", 15 0;
v00000243d44d6780_0 .net/s "prod32_w", 31 0, L_00000243d44e0530;  1 drivers
v00000243d44d5a60_0 .net "rst", 0 0, v00000243d44df3b0_0;  alias, 1 drivers
v00000243d44d6820_0 .net "start", 0 0, v00000243d44dd490_0;  1 drivers
v00000243d44d7400_0 .net/s "w_val_w", 15 0, L_00000243d4417a90;  1 drivers
v00000243d44d61e0 .array/s "weights", 65535 0, 15 0;
v00000243d44d56a0_0 .var "write_out_reg", 0 0;
L_00000243d44dfc70 .part v00000243d44d6b40_0, 15, 1;
L_00000243d44e0210 .part v00000243d44d6b40_0, 3, 13;
L_00000243d44e0ad0 .extend/s 16, L_00000243d44e0210;
L_00000243d44e0710 .functor MUXZ 16, v00000243d44d6b40_0, L_00000243d44e0ad0, L_00000243d44dfc70, C4<>;
L_00000243d44e0030 .concat [ 9 23 0 0], v00000243d4404760_0, L_00000243d44e0f60;
L_00000243d44e07b0 .arith/sub 32, L_00000243d44e0f18, L_00000243d44e0030;
L_00000243d44dfd10 .arith/mult 32, L_00000243d44e07b0, L_00000243d44e0fa8;
L_00000243d44e0350 .part/v v00000243d44de1b0_0, L_00000243d44dfd10, 16;
L_00000243d44e03f0 .array/port v00000243d44d61e0, L_00000243d44dfbd0;
L_00000243d44dfa90 .concat [ 9 23 0 0], v00000243d44d70e0_0, L_00000243d44e0ff0;
L_00000243d44dfe50 .arith/mult 32, L_00000243d44dfa90, L_00000243d44e1038;
L_00000243d44e00d0 .concat [ 9 23 0 0], v00000243d4404760_0, L_00000243d44e1080;
L_00000243d44dfbd0 .arith/sum 32, L_00000243d44dfe50, L_00000243d44e00d0;
L_00000243d44e0490 .extend/s 32, L_00000243d44e0350;
L_00000243d44e0990 .extend/s 32, L_00000243d4417a90;
L_00000243d44e0530 .arith/mult 32, L_00000243d44e0490, L_00000243d44e0990;
S_00000243d4382ed0 .scope module, "layer3_inst" "layer3_generator_v2" 3 85, 6 12 0, S_00000243d4448cf0;
 .timescale -9 -12;
    .port_info 0 /INPUT 1 "clk";
    .port_info 1 /INPUT 1 "rst";
    .port_info 2 /INPUT 1 "start";
    .port_info 3 /INPUT 4096 "flat_input";
    .port_info 4 /OUTPUT 12544 "flat_output";
    .port_info 5 /OUTPUT 1 "done";
P_00000243d4383060 .param/l "MAC_UNITS" 1 6 29, +C4<00000000000000000000000000001000>;
P_00000243d4383098 .param/l "STATE_COMPUTE" 1 6 38, C4<01>;
P_00000243d43830d0 .param/l "STATE_IDLE" 1 6 37, C4<00>;
P_00000243d4383108 .param/l "STATE_WRITE" 1 6 39, C4<10>;
P_00000243d4383140 .param/l "TOTAL_INPUTS" 1 6 28, +C4<00000000000000000000000100000000>;
P_00000243d4383178 .param/l "TOTAL_NEURONS" 1 6 27, +C4<00000000000000000000001100010000>;
L_00000243d44e10c8 .functor BUFT 1, C4<00000000000000000000000011111111>, C4<0>, C4<0>, C4<0>;
v00000243d44d6500_0 .net/2u *"_ivl_0", 31 0, L_00000243d44e10c8;  1 drivers
v00000243d44d65a0_0 .net *"_ivl_10", 31 0, L_00000243d44e0b70;  1 drivers
v00000243d44d6320_0 .net *"_ivl_100", 31 0, L_00000243d453d490;  1 drivers
L_00000243d44e1740 .functor BUFT 1, C4<00000000000000000000000000010000>, C4<0>, C4<0>, C4<0>;
v00000243d44d63c0_0 .net/2u *"_ivl_102", 31 0, L_00000243d44e1740;  1 drivers
v00000243d44d6be0_0 .net *"_ivl_105", 31 0, L_00000243d453d030;  1 drivers
L_00000243d44e1788 .functor BUFT 1, C4<00000000000000000000000011111111>, C4<0>, C4<0>, C4<0>;
v00000243d44d6d20_0 .net/2u *"_ivl_108", 31 0, L_00000243d44e1788;  1 drivers
v00000243d44d57e0_0 .net *"_ivl_110", 31 0, L_00000243d453dad0;  1 drivers
L_00000243d44e17d0 .functor BUFT 1, C4<00000000000000000000000>, C4<0>, C4<0>, C4<0>;
v00000243d44d6dc0_0 .net *"_ivl_113", 22 0, L_00000243d44e17d0;  1 drivers
L_00000243d44e1818 .functor BUFT 1, C4<00000000000000000000000000000110>, C4<0>, C4<0>, C4<0>;
v00000243d44d7040_0 .net/2u *"_ivl_114", 31 0, L_00000243d44e1818;  1 drivers
v00000243d44d6960_0 .net *"_ivl_116", 31 0, L_00000243d453d3f0;  1 drivers
v00000243d44d5560_0 .net *"_ivl_118", 31 0, L_00000243d453e2f0;  1 drivers
L_00000243d44e11a0 .functor BUFT 1, C4<00000000000000000000000000010000>, C4<0>, C4<0>, C4<0>;
v00000243d44d60a0_0 .net/2u *"_ivl_12", 31 0, L_00000243d44e11a0;  1 drivers
L_00000243d44e1860 .functor BUFT 1, C4<00000000000000000000000000010000>, C4<0>, C4<0>, C4<0>;
v00000243d44d7220_0 .net/2u *"_ivl_120", 31 0, L_00000243d44e1860;  1 drivers
v00000243d44d59c0_0 .net *"_ivl_123", 31 0, L_00000243d453d0d0;  1 drivers
L_00000243d44e18a8 .functor BUFT 1, C4<00000000000000000000000011111111>, C4<0>, C4<0>, C4<0>;
v00000243d44d6460_0 .net/2u *"_ivl_126", 31 0, L_00000243d44e18a8;  1 drivers
v00000243d44d7180_0 .net *"_ivl_128", 31 0, L_00000243d453cf90;  1 drivers
L_00000243d44e18f0 .functor BUFT 1, C4<00000000000000000000000>, C4<0>, C4<0>, C4<0>;
v00000243d44d6140_0 .net *"_ivl_131", 22 0, L_00000243d44e18f0;  1 drivers
L_00000243d44e1938 .functor BUFT 1, C4<00000000000000000000000000000111>, C4<0>, C4<0>, C4<0>;
v00000243d44d6640_0 .net/2u *"_ivl_132", 31 0, L_00000243d44e1938;  1 drivers
v00000243d44d6280_0 .net *"_ivl_134", 31 0, L_00000243d453ebb0;  1 drivers
v00000243d44d5880_0 .net *"_ivl_136", 31 0, L_00000243d453e390;  1 drivers
L_00000243d44e1980 .functor BUFT 1, C4<00000000000000000000000000010000>, C4<0>, C4<0>, C4<0>;
v00000243d44d7360_0 .net/2u *"_ivl_138", 31 0, L_00000243d44e1980;  1 drivers
v00000243d44d5b00_0 .net *"_ivl_141", 31 0, L_00000243d453e610;  1 drivers
v00000243d44d5ba0_0 .net/s *"_ivl_144", 31 0, L_00000243d453e7f0;  1 drivers
v00000243d44d6fa0_0 .net/s *"_ivl_146", 31 0, L_00000243d453e570;  1 drivers
v00000243d44d66e0_0 .net *"_ivl_15", 31 0, L_00000243d44e08f0;  1 drivers
v00000243d44d5600_0 .net/s *"_ivl_150", 31 0, L_00000243d453dfd0;  1 drivers
v00000243d44d68c0_0 .net/s *"_ivl_152", 31 0, L_00000243d453d170;  1 drivers
v00000243d44d6e60_0 .net/s *"_ivl_156", 31 0, L_00000243d453ed90;  1 drivers
v00000243d44d72c0_0 .net/s *"_ivl_158", 31 0, L_00000243d453e4d0;  1 drivers
v00000243d44d6c80_0 .net/s *"_ivl_162", 31 0, L_00000243d453d530;  1 drivers
v00000243d44d6a00_0 .net/s *"_ivl_164", 31 0, L_00000243d453e9d0;  1 drivers
v00000243d44d5f60_0 .net/s *"_ivl_168", 31 0, L_00000243d453d5d0;  1 drivers
v00000243d44d6f00_0 .net/s *"_ivl_170", 31 0, L_00000243d453db70;  1 drivers
v00000243d44d5740_0 .net/s *"_ivl_174", 31 0, L_00000243d453d7b0;  1 drivers
v00000243d44d5c40_0 .net/s *"_ivl_176", 31 0, L_00000243d453eb10;  1 drivers
L_00000243d44e11e8 .functor BUFT 1, C4<00000000000000000000000011111111>, C4<0>, C4<0>, C4<0>;
v00000243d44d5ce0_0 .net/2u *"_ivl_18", 31 0, L_00000243d44e11e8;  1 drivers
v00000243d44d6aa0_0 .net/s *"_ivl_180", 31 0, L_00000243d453ecf0;  1 drivers
v00000243d44d5d80_0 .net/s *"_ivl_182", 31 0, L_00000243d453d850;  1 drivers
v00000243d44d5e20_0 .net/s *"_ivl_186", 31 0, L_00000243d453d990;  1 drivers
v00000243d44d5ec0_0 .net/s *"_ivl_188", 31 0, L_00000243d453dd50;  1 drivers
v00000243d44d7a70_0 .net *"_ivl_193", 0 0, L_00000243d453de90;  1 drivers
v00000243d44d7f70_0 .net *"_ivl_194", 15 0, L_00000243d453e070;  1 drivers
v00000243d44d7570_0 .net *"_ivl_197", 21 0, L_00000243d453f040;  1 drivers
v00000243d44d7610_0 .net *"_ivl_198", 37 0, L_00000243d453f860;  1 drivers
v00000243d44d90f0_0 .net *"_ivl_2", 31 0, L_00000243d44df450;  1 drivers
v00000243d44d9050_0 .net *"_ivl_20", 31 0, L_00000243d44e0a30;  1 drivers
v00000243d44d83d0_0 .net/s *"_ivl_200", 47 0, L_00000243d453ff40;  1 drivers
v00000243d44d8f10_0 .net *"_ivl_203", 0 0, L_00000243d453f0e0;  1 drivers
v00000243d44d9230_0 .net *"_ivl_204", 15 0, L_00000243d4540bc0;  1 drivers
v00000243d44d8c90_0 .net *"_ivl_207", 21 0, L_00000243d453fae0;  1 drivers
v00000243d44d8d30_0 .net *"_ivl_208", 37 0, L_00000243d453fe00;  1 drivers
v00000243d44d8ab0_0 .net/s *"_ivl_210", 47 0, L_00000243d4540300;  1 drivers
v00000243d44d7890_0 .net/s *"_ivl_212", 47 0, L_00000243d4540620;  1 drivers
v00000243d44d8510_0 .net *"_ivl_215", 0 0, L_00000243d453f220;  1 drivers
v00000243d44d7750_0 .net *"_ivl_216", 15 0, L_00000243d4540800;  1 drivers
v00000243d44d8dd0_0 .net *"_ivl_219", 21 0, L_00000243d453ffe0;  1 drivers
v00000243d44d8bf0_0 .net *"_ivl_220", 37 0, L_00000243d453f540;  1 drivers
v00000243d44d7930_0 .net/s *"_ivl_222", 47 0, L_00000243d4540080;  1 drivers
v00000243d44d86f0_0 .net/s *"_ivl_224", 47 0, L_00000243d453fa40;  1 drivers
v00000243d44d79d0_0 .net *"_ivl_227", 0 0, L_00000243d45408a0;  1 drivers
v00000243d44d8010_0 .net *"_ivl_228", 15 0, L_00000243d453f180;  1 drivers
L_00000243d44e1230 .functor BUFT 1, C4<00000000000000000000000>, C4<0>, C4<0>, C4<0>;
v00000243d44d7ed0_0 .net *"_ivl_23", 22 0, L_00000243d44e1230;  1 drivers
v00000243d44d77f0_0 .net *"_ivl_231", 21 0, L_00000243d453f9a0;  1 drivers
v00000243d44d8650_0 .net *"_ivl_232", 37 0, L_00000243d4540120;  1 drivers
v00000243d44d8e70_0 .net/s *"_ivl_234", 47 0, L_00000243d4540940;  1 drivers
v00000243d44d80b0_0 .net/s *"_ivl_236", 47 0, L_00000243d4540c60;  1 drivers
v00000243d44d8150_0 .net *"_ivl_239", 0 0, L_00000243d453f2c0;  1 drivers
L_00000243d44e1278 .functor BUFT 1, C4<00000000000000000000000000000001>, C4<0>, C4<0>, C4<0>;
v00000243d44d8790_0 .net/2u *"_ivl_24", 31 0, L_00000243d44e1278;  1 drivers
v00000243d44d9190_0 .net *"_ivl_240", 15 0, L_00000243d453f360;  1 drivers
v00000243d44d7e30_0 .net *"_ivl_243", 21 0, L_00000243d453f400;  1 drivers
v00000243d44d8fb0_0 .net *"_ivl_244", 37 0, L_00000243d453fd60;  1 drivers
v00000243d44d8830_0 .net/s *"_ivl_246", 47 0, L_00000243d453fb80;  1 drivers
v00000243d44d7b10_0 .net/s *"_ivl_248", 47 0, L_00000243d45406c0;  1 drivers
v00000243d44d92d0_0 .net *"_ivl_251", 0 0, L_00000243d453fc20;  1 drivers
v00000243d44d9370_0 .net *"_ivl_252", 15 0, L_00000243d453f7c0;  1 drivers
v00000243d44d81f0_0 .net *"_ivl_255", 21 0, L_00000243d4540a80;  1 drivers
v00000243d44d85b0_0 .net *"_ivl_256", 37 0, L_00000243d4540760;  1 drivers
v00000243d44d9410_0 .net/s *"_ivl_258", 47 0, L_00000243d45404e0;  1 drivers
v00000243d44d76b0_0 .net *"_ivl_26", 31 0, L_00000243d44e0c10;  1 drivers
v00000243d44d7bb0_0 .net/s *"_ivl_260", 47 0, L_00000243d453f4a0;  1 drivers
v00000243d44d7cf0_0 .net *"_ivl_263", 0 0, L_00000243d4540260;  1 drivers
v00000243d44d7c50_0 .net *"_ivl_264", 15 0, L_00000243d4540e40;  1 drivers
v00000243d44d88d0_0 .net *"_ivl_267", 21 0, L_00000243d453f5e0;  1 drivers
v00000243d44d8970_0 .net *"_ivl_268", 37 0, L_00000243d453f680;  1 drivers
v00000243d44d8290_0 .net/s *"_ivl_270", 47 0, L_00000243d45403a0;  1 drivers
v00000243d44d8a10_0 .net/s *"_ivl_272", 47 0, L_00000243d45401c0;  1 drivers
v00000243d44d7d90_0 .net *"_ivl_275", 0 0, L_00000243d453fcc0;  1 drivers
v00000243d44d8b50_0 .net *"_ivl_276", 15 0, L_00000243d4540d00;  1 drivers
v00000243d44d8330_0 .net *"_ivl_279", 21 0, L_00000243d453fea0;  1 drivers
v00000243d44d8470_0 .net *"_ivl_28", 31 0, L_00000243d44df4f0;  1 drivers
v00000243d44db3f0_0 .net *"_ivl_280", 37 0, L_00000243d453f720;  1 drivers
v00000243d44dab30_0 .net/s *"_ivl_282", 47 0, L_00000243d4540440;  1 drivers
L_00000243d44e12c0 .functor BUFT 1, C4<00000000000000000000000000010000>, C4<0>, C4<0>, C4<0>;
v00000243d44db030_0 .net/2u *"_ivl_30", 31 0, L_00000243d44e12c0;  1 drivers
v00000243d44dc430_0 .net *"_ivl_33", 31 0, L_00000243d44e0cb0;  1 drivers
L_00000243d44e1308 .functor BUFT 1, C4<00000000000000000000000011111111>, C4<0>, C4<0>, C4<0>;
v00000243d44db210_0 .net/2u *"_ivl_36", 31 0, L_00000243d44e1308;  1 drivers
v00000243d44dbe90_0 .net *"_ivl_38", 31 0, L_00000243d44df630;  1 drivers
L_00000243d44e1350 .functor BUFT 1, C4<00000000000000000000000>, C4<0>, C4<0>, C4<0>;
v00000243d44da630_0 .net *"_ivl_41", 22 0, L_00000243d44e1350;  1 drivers
L_00000243d44e1398 .functor BUFT 1, C4<00000000000000000000000000000010>, C4<0>, C4<0>, C4<0>;
v00000243d44db0d0_0 .net/2u *"_ivl_42", 31 0, L_00000243d44e1398;  1 drivers
v00000243d44dac70_0 .net *"_ivl_44", 31 0, L_00000243d44df6d0;  1 drivers
v00000243d44da590_0 .net *"_ivl_46", 31 0, L_00000243d44df770;  1 drivers
L_00000243d44e13e0 .functor BUFT 1, C4<00000000000000000000000000010000>, C4<0>, C4<0>, C4<0>;
v00000243d44db170_0 .net/2u *"_ivl_48", 31 0, L_00000243d44e13e0;  1 drivers
L_00000243d44e1110 .functor BUFT 1, C4<00000000000000000000000>, C4<0>, C4<0>, C4<0>;
v00000243d44db5d0_0 .net *"_ivl_5", 22 0, L_00000243d44e1110;  1 drivers
v00000243d44db2b0_0 .net *"_ivl_51", 31 0, L_00000243d44df810;  1 drivers
L_00000243d44e1428 .functor BUFT 1, C4<00000000000000000000000011111111>, C4<0>, C4<0>, C4<0>;
v00000243d44dc070_0 .net/2u *"_ivl_54", 31 0, L_00000243d44e1428;  1 drivers
v00000243d44db490_0 .net *"_ivl_56", 31 0, L_00000243d44df950;  1 drivers
L_00000243d44e1470 .functor BUFT 1, C4<00000000000000000000000>, C4<0>, C4<0>, C4<0>;
v00000243d44dc110_0 .net *"_ivl_59", 22 0, L_00000243d44e1470;  1 drivers
L_00000243d44e1158 .functor BUFT 1, C4<00000000000000000000000000000000>, C4<0>, C4<0>, C4<0>;
v00000243d44da6d0_0 .net/2u *"_ivl_6", 31 0, L_00000243d44e1158;  1 drivers
L_00000243d44e14b8 .functor BUFT 1, C4<00000000000000000000000000000011>, C4<0>, C4<0>, C4<0>;
v00000243d44db7b0_0 .net/2u *"_ivl_60", 31 0, L_00000243d44e14b8;  1 drivers
v00000243d44db350_0 .net *"_ivl_62", 31 0, L_00000243d453e430;  1 drivers
v00000243d44db710_0 .net *"_ivl_64", 31 0, L_00000243d453ee30;  1 drivers
L_00000243d44e1500 .functor BUFT 1, C4<00000000000000000000000000010000>, C4<0>, C4<0>, C4<0>;
v00000243d44dc2f0_0 .net/2u *"_ivl_66", 31 0, L_00000243d44e1500;  1 drivers
v00000243d44dad10_0 .net *"_ivl_69", 31 0, L_00000243d453e1b0;  1 drivers
L_00000243d44e1548 .functor BUFT 1, C4<00000000000000000000000011111111>, C4<0>, C4<0>, C4<0>;
v00000243d44dbf30_0 .net/2u *"_ivl_72", 31 0, L_00000243d44e1548;  1 drivers
v00000243d44da9f0_0 .net *"_ivl_74", 31 0, L_00000243d453e250;  1 drivers
L_00000243d44e1590 .functor BUFT 1, C4<00000000000000000000000>, C4<0>, C4<0>, C4<0>;
v00000243d44dbfd0_0 .net *"_ivl_77", 22 0, L_00000243d44e1590;  1 drivers
L_00000243d44e15d8 .functor BUFT 1, C4<00000000000000000000000000000100>, C4<0>, C4<0>, C4<0>;
v00000243d44dc250_0 .net/2u *"_ivl_78", 31 0, L_00000243d44e15d8;  1 drivers
v00000243d44db670_0 .net *"_ivl_8", 31 0, L_00000243d44e05d0;  1 drivers
v00000243d44dbb70_0 .net *"_ivl_80", 31 0, L_00000243d453df30;  1 drivers
v00000243d44db850_0 .net *"_ivl_82", 31 0, L_00000243d453e890;  1 drivers
L_00000243d44e1620 .functor BUFT 1, C4<00000000000000000000000000010000>, C4<0>, C4<0>, C4<0>;
v00000243d44db530_0 .net/2u *"_ivl_84", 31 0, L_00000243d44e1620;  1 drivers
v00000243d44dc1b0_0 .net *"_ivl_87", 31 0, L_00000243d453da30;  1 drivers
L_00000243d44e1668 .functor BUFT 1, C4<00000000000000000000000011111111>, C4<0>, C4<0>, C4<0>;
v00000243d44da810_0 .net/2u *"_ivl_90", 31 0, L_00000243d44e1668;  1 drivers
v00000243d44dba30_0 .net *"_ivl_92", 31 0, L_00000243d453d710;  1 drivers
L_00000243d44e16b0 .functor BUFT 1, C4<00000000000000000000000>, C4<0>, C4<0>, C4<0>;
v00000243d44db8f0_0 .net *"_ivl_95", 22 0, L_00000243d44e16b0;  1 drivers
L_00000243d44e16f8 .functor BUFT 1, C4<00000000000000000000000000000101>, C4<0>, C4<0>, C4<0>;
v00000243d44db990_0 .net/2u *"_ivl_96", 31 0, L_00000243d44e16f8;  1 drivers
v00000243d44da8b0_0 .net *"_ivl_98", 31 0, L_00000243d453ec50;  1 drivers
v00000243d44dbad0_0 .var/s "accumulator", 47 0;
v00000243d44dabd0 .array/s "biases", 783 0, 15 0;
v00000243d44da950_0 .net "clk", 0 0, v00000243d44de9d0_0;  alias, 1 drivers
v00000243d44dbc10_0 .var "done", 0 0;
v00000243d44dbcb0_0 .net/s "flat_input", 4095 0, v00000243d44de610_0;  1 drivers
v00000243d44dc390_0 .var/s "flat_output", 12543 0;
v00000243d44dbd50_0 .net/s "in0", 15 0, L_00000243d44e0df0;  1 drivers
v00000243d44daa90_0 .net/s "in1", 15 0, L_00000243d44deff0;  1 drivers
v00000243d44dadb0_0 .net/s "in2", 15 0, L_00000243d44df8b0;  1 drivers
v00000243d44daef0_0 .net/s "in3", 15 0, L_00000243d453ea70;  1 drivers
v00000243d44da770_0 .net/s "in4", 15 0, L_00000243d453e110;  1 drivers
v00000243d44dae50_0 .net/s "in5", 15 0, L_00000243d453d350;  1 drivers
v00000243d44dbdf0_0 .net/s "in6", 15 0, L_00000243d453e930;  1 drivers
v00000243d44daf90_0 .net/s "in7", 15 0, L_00000243d453e750;  1 drivers
v00000243d44dea70_0 .var "input_idx", 8 0;
v00000243d44debb0_0 .net/s "mac_sum", 47 0, L_00000243d4540580;  1 drivers
v00000243d44dd2b0_0 .var "neuron_idx", 9 0;
v00000243d44dd7b0_0 .net/s "prod0", 31 0, L_00000243d453e6b0;  1 drivers
v00000243d44dcdb0_0 .net/s "prod1", 31 0, L_00000243d453d210;  1 drivers
v00000243d44dce50_0 .net/s "prod2", 31 0, L_00000243d453d2b0;  1 drivers
v00000243d44de930_0 .net/s "prod3", 31 0, L_00000243d453dcb0;  1 drivers
v00000243d44de890_0 .net/s "prod4", 31 0, L_00000243d453d670;  1 drivers
v00000243d44ddc10_0 .net/s "prod5", 31 0, L_00000243d453dc10;  1 drivers
v00000243d44de750_0 .net/s "prod6", 31 0, L_00000243d453d8f0;  1 drivers
v00000243d44deb10_0 .net/s "prod7", 31 0, L_00000243d453ddf0;  1 drivers
v00000243d44de4d0_0 .net "rst", 0 0, v00000243d44df3b0_0;  alias, 1 drivers
v00000243d44ddf30_0 .net "start", 0 0, v00000243d44de7f0_0;  1 drivers
v00000243d44dec50_0 .var "state", 1 0;
v00000243d44de570_0 .var/s "w0", 15 0;
v00000243d44dd990_0 .var/s "w1", 15 0;
v00000243d44ddd50_0 .var/s "w2", 15 0;
v00000243d44dcef0_0 .var/s "w3", 15 0;
v00000243d44dcf90_0 .var/s "w4", 15 0;
v00000243d44dd030_0 .var/s "w5", 15 0;
v00000243d44dd170_0 .var/s "w6", 15 0;
v00000243d44dd0d0_0 .var/s "w7", 15 0;
v00000243d44ddcb0 .array/s "weights", 200703 0, 15 0;
L_00000243d44df450 .concat [ 9 23 0 0], v00000243d44dea70_0, L_00000243d44e1110;
L_00000243d44e05d0 .arith/sum 32, L_00000243d44df450, L_00000243d44e1158;
L_00000243d44e0b70 .arith/sub 32, L_00000243d44e10c8, L_00000243d44e05d0;
L_00000243d44e08f0 .arith/mult 32, L_00000243d44e0b70, L_00000243d44e11a0;
L_00000243d44e0df0 .part/v v00000243d44de610_0, L_00000243d44e08f0, 16;
L_00000243d44e0a30 .concat [ 9 23 0 0], v00000243d44dea70_0, L_00000243d44e1230;
L_00000243d44e0c10 .arith/sum 32, L_00000243d44e0a30, L_00000243d44e1278;
L_00000243d44df4f0 .arith/sub 32, L_00000243d44e11e8, L_00000243d44e0c10;
L_00000243d44e0cb0 .arith/mult 32, L_00000243d44df4f0, L_00000243d44e12c0;
L_00000243d44deff0 .part/v v00000243d44de610_0, L_00000243d44e0cb0, 16;
L_00000243d44df630 .concat [ 9 23 0 0], v00000243d44dea70_0, L_00000243d44e1350;
L_00000243d44df6d0 .arith/sum 32, L_00000243d44df630, L_00000243d44e1398;
L_00000243d44df770 .arith/sub 32, L_00000243d44e1308, L_00000243d44df6d0;
L_00000243d44df810 .arith/mult 32, L_00000243d44df770, L_00000243d44e13e0;
L_00000243d44df8b0 .part/v v00000243d44de610_0, L_00000243d44df810, 16;
L_00000243d44df950 .concat [ 9 23 0 0], v00000243d44dea70_0, L_00000243d44e1470;
L_00000243d453e430 .arith/sum 32, L_00000243d44df950, L_00000243d44e14b8;
L_00000243d453ee30 .arith/sub 32, L_00000243d44e1428, L_00000243d453e430;
L_00000243d453e1b0 .arith/mult 32, L_00000243d453ee30, L_00000243d44e1500;
L_00000243d453ea70 .part/v v00000243d44de610_0, L_00000243d453e1b0, 16;
L_00000243d453e250 .concat [ 9 23 0 0], v00000243d44dea70_0, L_00000243d44e1590;
L_00000243d453df30 .arith/sum 32, L_00000243d453e250, L_00000243d44e15d8;
L_00000243d453e890 .arith/sub 32, L_00000243d44e1548, L_00000243d453df30;
L_00000243d453da30 .arith/mult 32, L_00000243d453e890, L_00000243d44e1620;
L_00000243d453e110 .part/v v00000243d44de610_0, L_00000243d453da30, 16;
L_00000243d453d710 .concat [ 9 23 0 0], v00000243d44dea70_0, L_00000243d44e16b0;
L_00000243d453ec50 .arith/sum 32, L_00000243d453d710, L_00000243d44e16f8;
L_00000243d453d490 .arith/sub 32, L_00000243d44e1668, L_00000243d453ec50;
L_00000243d453d030 .arith/mult 32, L_00000243d453d490, L_00000243d44e1740;
L_00000243d453d350 .part/v v00000243d44de610_0, L_00000243d453d030, 16;
L_00000243d453dad0 .concat [ 9 23 0 0], v00000243d44dea70_0, L_00000243d44e17d0;
L_00000243d453d3f0 .arith/sum 32, L_00000243d453dad0, L_00000243d44e1818;
L_00000243d453e2f0 .arith/sub 32, L_00000243d44e1788, L_00000243d453d3f0;
L_00000243d453d0d0 .arith/mult 32, L_00000243d453e2f0, L_00000243d44e1860;
L_00000243d453e930 .part/v v00000243d44de610_0, L_00000243d453d0d0, 16;
L_00000243d453cf90 .concat [ 9 23 0 0], v00000243d44dea70_0, L_00000243d44e18f0;
L_00000243d453ebb0 .arith/sum 32, L_00000243d453cf90, L_00000243d44e1938;
L_00000243d453e390 .arith/sub 32, L_00000243d44e18a8, L_00000243d453ebb0;
L_00000243d453e610 .arith/mult 32, L_00000243d453e390, L_00000243d44e1980;
L_00000243d453e750 .part/v v00000243d44de610_0, L_00000243d453e610, 16;
L_00000243d453e7f0 .extend/s 32, L_00000243d44e0df0;
L_00000243d453e570 .extend/s 32, v00000243d44de570_0;
L_00000243d453e6b0 .arith/mult 32, L_00000243d453e7f0, L_00000243d453e570;
L_00000243d453dfd0 .extend/s 32, L_00000243d44deff0;
L_00000243d453d170 .extend/s 32, v00000243d44dd990_0;
L_00000243d453d210 .arith/mult 32, L_00000243d453dfd0, L_00000243d453d170;
L_00000243d453ed90 .extend/s 32, L_00000243d44df8b0;
L_00000243d453e4d0 .extend/s 32, v00000243d44ddd50_0;
L_00000243d453d2b0 .arith/mult 32, L_00000243d453ed90, L_00000243d453e4d0;
L_00000243d453d530 .extend/s 32, L_00000243d453ea70;
L_00000243d453e9d0 .extend/s 32, v00000243d44dcef0_0;
L_00000243d453dcb0 .arith/mult 32, L_00000243d453d530, L_00000243d453e9d0;
L_00000243d453d5d0 .extend/s 32, L_00000243d453e110;
L_00000243d453db70 .extend/s 32, v00000243d44dcf90_0;
L_00000243d453d670 .arith/mult 32, L_00000243d453d5d0, L_00000243d453db70;
L_00000243d453d7b0 .extend/s 32, L_00000243d453d350;
L_00000243d453eb10 .extend/s 32, v00000243d44dd030_0;
L_00000243d453dc10 .arith/mult 32, L_00000243d453d7b0, L_00000243d453eb10;
L_00000243d453ecf0 .extend/s 32, L_00000243d453e930;
L_00000243d453d850 .extend/s 32, v00000243d44dd170_0;
L_00000243d453d8f0 .arith/mult 32, L_00000243d453ecf0, L_00000243d453d850;
L_00000243d453d990 .extend/s 32, L_00000243d453e750;
L_00000243d453dd50 .extend/s 32, v00000243d44dd0d0_0;
L_00000243d453ddf0 .arith/mult 32, L_00000243d453d990, L_00000243d453dd50;
L_00000243d453de90 .part L_00000243d453e6b0, 31, 1;
LS_00000243d453e070_0_0 .concat [ 1 1 1 1], L_00000243d453de90, L_00000243d453de90, L_00000243d453de90, L_00000243d453de90;
LS_00000243d453e070_0_4 .concat [ 1 1 1 1], L_00000243d453de90, L_00000243d453de90, L_00000243d453de90, L_00000243d453de90;
LS_00000243d453e070_0_8 .concat [ 1 1 1 1], L_00000243d453de90, L_00000243d453de90, L_00000243d453de90, L_00000243d453de90;
LS_00000243d453e070_0_12 .concat [ 1 1 1 1], L_00000243d453de90, L_00000243d453de90, L_00000243d453de90, L_00000243d453de90;
L_00000243d453e070 .concat [ 4 4 4 4], LS_00000243d453e070_0_0, LS_00000243d453e070_0_4, LS_00000243d453e070_0_8, LS_00000243d453e070_0_12;
L_00000243d453f040 .part L_00000243d453e6b0, 10, 22;
L_00000243d453f860 .concat [ 22 16 0 0], L_00000243d453f040, L_00000243d453e070;
L_00000243d453ff40 .extend/s 48, L_00000243d453f860;
L_00000243d453f0e0 .part L_00000243d453d210, 31, 1;
LS_00000243d4540bc0_0_0 .concat [ 1 1 1 1], L_00000243d453f0e0, L_00000243d453f0e0, L_00000243d453f0e0, L_00000243d453f0e0;
LS_00000243d4540bc0_0_4 .concat [ 1 1 1 1], L_00000243d453f0e0, L_00000243d453f0e0, L_00000243d453f0e0, L_00000243d453f0e0;
LS_00000243d4540bc0_0_8 .concat [ 1 1 1 1], L_00000243d453f0e0, L_00000243d453f0e0, L_00000243d453f0e0, L_00000243d453f0e0;
LS_00000243d4540bc0_0_12 .concat [ 1 1 1 1], L_00000243d453f0e0, L_00000243d453f0e0, L_00000243d453f0e0, L_00000243d453f0e0;
L_00000243d4540bc0 .concat [ 4 4 4 4], LS_00000243d4540bc0_0_0, LS_00000243d4540bc0_0_4, LS_00000243d4540bc0_0_8, LS_00000243d4540bc0_0_12;
L_00000243d453fae0 .part L_00000243d453d210, 10, 22;
L_00000243d453fe00 .concat [ 22 16 0 0], L_00000243d453fae0, L_00000243d4540bc0;
L_00000243d4540300 .extend/s 48, L_00000243d453fe00;
L_00000243d4540620 .arith/sum 48, L_00000243d453ff40, L_00000243d4540300;
L_00000243d453f220 .part L_00000243d453d2b0, 31, 1;
LS_00000243d4540800_0_0 .concat [ 1 1 1 1], L_00000243d453f220, L_00000243d453f220, L_00000243d453f220, L_00000243d453f220;
LS_00000243d4540800_0_4 .concat [ 1 1 1 1], L_00000243d453f220, L_00000243d453f220, L_00000243d453f220, L_00000243d453f220;
LS_00000243d4540800_0_8 .concat [ 1 1 1 1], L_00000243d453f220, L_00000243d453f220, L_00000243d453f220, L_00000243d453f220;
LS_00000243d4540800_0_12 .concat [ 1 1 1 1], L_00000243d453f220, L_00000243d453f220, L_00000243d453f220, L_00000243d453f220;
L_00000243d4540800 .concat [ 4 4 4 4], LS_00000243d4540800_0_0, LS_00000243d4540800_0_4, LS_00000243d4540800_0_8, LS_00000243d4540800_0_12;
L_00000243d453ffe0 .part L_00000243d453d2b0, 10, 22;
L_00000243d453f540 .concat [ 22 16 0 0], L_00000243d453ffe0, L_00000243d4540800;
L_00000243d4540080 .extend/s 48, L_00000243d453f540;
L_00000243d453fa40 .arith/sum 48, L_00000243d4540620, L_00000243d4540080;
L_00000243d45408a0 .part L_00000243d453dcb0, 31, 1;
LS_00000243d453f180_0_0 .concat [ 1 1 1 1], L_00000243d45408a0, L_00000243d45408a0, L_00000243d45408a0, L_00000243d45408a0;
LS_00000243d453f180_0_4 .concat [ 1 1 1 1], L_00000243d45408a0, L_00000243d45408a0, L_00000243d45408a0, L_00000243d45408a0;
LS_00000243d453f180_0_8 .concat [ 1 1 1 1], L_00000243d45408a0, L_00000243d45408a0, L_00000243d45408a0, L_00000243d45408a0;
LS_00000243d453f180_0_12 .concat [ 1 1 1 1], L_00000243d45408a0, L_00000243d45408a0, L_00000243d45408a0, L_00000243d45408a0;
L_00000243d453f180 .concat [ 4 4 4 4], LS_00000243d453f180_0_0, LS_00000243d453f180_0_4, LS_00000243d453f180_0_8, LS_00000243d453f180_0_12;
L_00000243d453f9a0 .part L_00000243d453dcb0, 10, 22;
L_00000243d4540120 .concat [ 22 16 0 0], L_00000243d453f9a0, L_00000243d453f180;
L_00000243d4540940 .extend/s 48, L_00000243d4540120;
L_00000243d4540c60 .arith/sum 48, L_00000243d453fa40, L_00000243d4540940;
L_00000243d453f2c0 .part L_00000243d453d670, 31, 1;
LS_00000243d453f360_0_0 .concat [ 1 1 1 1], L_00000243d453f2c0, L_00000243d453f2c0, L_00000243d453f2c0, L_00000243d453f2c0;
LS_00000243d453f360_0_4 .concat [ 1 1 1 1], L_00000243d453f2c0, L_00000243d453f2c0, L_00000243d453f2c0, L_00000243d453f2c0;
LS_00000243d453f360_0_8 .concat [ 1 1 1 1], L_00000243d453f2c0, L_00000243d453f2c0, L_00000243d453f2c0, L_00000243d453f2c0;
LS_00000243d453f360_0_12 .concat [ 1 1 1 1], L_00000243d453f2c0, L_00000243d453f2c0, L_00000243d453f2c0, L_00000243d453f2c0;
L_00000243d453f360 .concat [ 4 4 4 4], LS_00000243d453f360_0_0, LS_00000243d453f360_0_4, LS_00000243d453f360_0_8, LS_00000243d453f360_0_12;
L_00000243d453f400 .part L_00000243d453d670, 10, 22;
L_00000243d453fd60 .concat [ 22 16 0 0], L_00000243d453f400, L_00000243d453f360;
L_00000243d453fb80 .extend/s 48, L_00000243d453fd60;
L_00000243d45406c0 .arith/sum 48, L_00000243d4540c60, L_00000243d453fb80;
L_00000243d453fc20 .part L_00000243d453dc10, 31, 1;
LS_00000243d453f7c0_0_0 .concat [ 1 1 1 1], L_00000243d453fc20, L_00000243d453fc20, L_00000243d453fc20, L_00000243d453fc20;
LS_00000243d453f7c0_0_4 .concat [ 1 1 1 1], L_00000243d453fc20, L_00000243d453fc20, L_00000243d453fc20, L_00000243d453fc20;
LS_00000243d453f7c0_0_8 .concat [ 1 1 1 1], L_00000243d453fc20, L_00000243d453fc20, L_00000243d453fc20, L_00000243d453fc20;
LS_00000243d453f7c0_0_12 .concat [ 1 1 1 1], L_00000243d453fc20, L_00000243d453fc20, L_00000243d453fc20, L_00000243d453fc20;
L_00000243d453f7c0 .concat [ 4 4 4 4], LS_00000243d453f7c0_0_0, LS_00000243d453f7c0_0_4, LS_00000243d453f7c0_0_8, LS_00000243d453f7c0_0_12;
L_00000243d4540a80 .part L_00000243d453dc10, 10, 22;
L_00000243d4540760 .concat [ 22 16 0 0], L_00000243d4540a80, L_00000243d453f7c0;
L_00000243d45404e0 .extend/s 48, L_00000243d4540760;
L_00000243d453f4a0 .arith/sum 48, L_00000243d45406c0, L_00000243d45404e0;
L_00000243d4540260 .part L_00000243d453d8f0, 31, 1;
LS_00000243d4540e40_0_0 .concat [ 1 1 1 1], L_00000243d4540260, L_00000243d4540260, L_00000243d4540260, L_00000243d4540260;
LS_00000243d4540e40_0_4 .concat [ 1 1 1 1], L_00000243d4540260, L_00000243d4540260, L_00000243d4540260, L_00000243d4540260;
LS_00000243d4540e40_0_8 .concat [ 1 1 1 1], L_00000243d4540260, L_00000243d4540260, L_00000243d4540260, L_00000243d4540260;
LS_00000243d4540e40_0_12 .concat [ 1 1 1 1], L_00000243d4540260, L_00000243d4540260, L_00000243d4540260, L_00000243d4540260;
L_00000243d4540e40 .concat [ 4 4 4 4], LS_00000243d4540e40_0_0, LS_00000243d4540e40_0_4, LS_00000243d4540e40_0_8, LS_00000243d4540e40_0_12;
L_00000243d453f5e0 .part L_00000243d453d8f0, 10, 22;
L_00000243d453f680 .concat [ 22 16 0 0], L_00000243d453f5e0, L_00000243d4540e40;
L_00000243d45403a0 .extend/s 48, L_00000243d453f680;
L_00000243d45401c0 .arith/sum 48, L_00000243d453f4a0, L_00000243d45403a0;
L_00000243d453fcc0 .part L_00000243d453ddf0, 31, 1;
LS_00000243d4540d00_0_0 .concat [ 1 1 1 1], L_00000243d453fcc0, L_00000243d453fcc0, L_00000243d453fcc0, L_00000243d453fcc0;
LS_00000243d4540d00_0_4 .concat [ 1 1 1 1], L_00000243d453fcc0, L_00000243d453fcc0, L_00000243d453fcc0, L_00000243d453fcc0;
LS_00000243d4540d00_0_8 .concat [ 1 1 1 1], L_00000243d453fcc0, L_00000243d453fcc0, L_00000243d453fcc0, L_00000243d453fcc0;
LS_00000243d4540d00_0_12 .concat [ 1 1 1 1], L_00000243d453fcc0, L_00000243d453fcc0, L_00000243d453fcc0, L_00000243d453fcc0;
L_00000243d4540d00 .concat [ 4 4 4 4], LS_00000243d4540d00_0_0, LS_00000243d4540d00_0_4, LS_00000243d4540d00_0_8, LS_00000243d4540d00_0_12;
L_00000243d453fea0 .part L_00000243d453ddf0, 10, 22;
L_00000243d453f720 .concat [ 22 16 0 0], L_00000243d453fea0, L_00000243d4540d00;
L_00000243d4540440 .extend/s 48, L_00000243d453f720;
L_00000243d4540580 .arith/sum 48, L_00000243d45401c0, L_00000243d4540440;
S_00000243d43831c0 .scope function.vec4.u16, "relu" "relu" 3 95, 3 95 0, S_00000243d4448cf0;
 .timescale -9 -12;
; Variable relu is vec4 return value of scope S_00000243d43831c0
v00000243d44dddf0_0 .var/s "x", 15 0;
TD_generator_tb.dut.relu ;
    %load/vec4 v00000243d44dddf0_0;
    %parti/s 1, 15, 5;
    %cmpi/e 1, 0, 1;
    %flag_mov 8, 4;
    %jmp/0 T_0.0, 8;
    %pushi/vec4 0, 0, 16;
    %jmp/1 T_0.1, 8;
T_0.0 ; End of true expr.
    %load/vec4 v00000243d44dddf0_0;
    %jmp/0 T_0.1, 8;
 ; End of false expr.
    %blend;
T_0.1;
    %ret/vec4 0, 0, 16;  Assign to relu (store_vec4_to_lval)
    %end;
S_00000243d44ded70 .scope task, "flatten_noise" "flatten_noise" 2 37, 2 37 0, S_00000243d4449420;
 .timescale -9 -12;
TD_generator_tb.flatten_noise ;
    %pushi/vec4 0, 0, 1024;
    %store/vec4 v00000243d44e0850_0, 0, 1024;
    %pushi/vec4 0, 0, 32;
    %store/vec4 v00000243d44dda30_0, 0, 32;
T_1.2 ;
    %load/vec4 v00000243d44dda30_0;
    %cmpi/s 64, 0, 32;
    %jmp/0xz T_1.3, 5;
    %ix/getv/s 4, v00000243d44dda30_0;
    %load/vec4a v00000243d44df9f0, 4;
    %pushi/vec4 63, 0, 32;
    %load/vec4 v00000243d44dda30_0;
    %sub;
    %muli 16, 0, 32;
    %ix/vec4/s 4;
    %store/vec4 v00000243d44e0850_0, 4, 16;
    %load/vec4 v00000243d44dda30_0;
    %addi 1, 0, 32;
    %store/vec4 v00000243d44dda30_0, 0, 32;
    %jmp T_1.2;
T_1.3 ;
    %end;
S_00000243d43b9f50 .scope task, "unflatten_output" "unflatten_output" 2 47, 2 47 0, S_00000243d4449420;
 .timescale -9 -12;
TD_generator_tb.unflatten_output ;
    %pushi/vec4 0, 0, 32;
    %store/vec4 v00000243d44dda30_0, 0, 32;
T_2.4 ;
    %load/vec4 v00000243d44dda30_0;
    %cmpi/s 784, 0, 32;
    %jmp/0xz T_2.5, 5;
    %load/vec4 v00000243d44ddad0_0;
    %pushi/vec4 783, 0, 32;
    %load/vec4 v00000243d44dda30_0;
    %sub;
    %muli 16, 0, 32;
    %part/s 16;
    %ix/getv/s 4, v00000243d44dda30_0;
    %store/vec4a v00000243d44def50, 4, 0;
    %load/vec4 v00000243d44dda30_0;
    %addi 1, 0, 32;
    %store/vec4 v00000243d44dda30_0, 0, 32;
    %jmp T_2.4;
T_2.5 ;
    %end;
S_00000243d442d670 .scope module, "relu" "relu" 7 3;
 .timescale -9 -12;
    .port_info 0 /INPUT 16 "in";
    .port_info 1 /OUTPUT 16 "out";
P_00000243d4424860 .param/l "N" 0 7 3, +C4<00000000000000000000000000010000>;
L_00000243d44e19c8 .functor BUFT 1, C4<1>, C4<0>, C4<0>, C4<0>;
L_00000243d4417b70 .functor XNOR 1, L_00000243d453f900, L_00000243d44e19c8, C4<0>, C4<0>;
v00000243d44e02b0_0 .net *"_ivl_1", 0 0, L_00000243d453f900;  1 drivers
v00000243d44df1d0_0 .net/2u *"_ivl_2", 0 0, L_00000243d44e19c8;  1 drivers
v00000243d44df270_0 .net *"_ivl_4", 0 0, L_00000243d4417b70;  1 drivers
L_00000243d44e1a10 .functor BUFT 1, C4<0000000000000000>, C4<0>, C4<0>, C4<0>;
v00000243d44e0d50_0 .net/2u *"_ivl_6", 15 0, L_00000243d44e1a10;  1 drivers
o00000243d44723a8 .functor BUFZ 16, C4<zzzzzzzzzzzzzzzz>; HiZ drive
v00000243d44df310_0 .net/s "in", 15 0, o00000243d44723a8;  0 drivers
v00000243d44e0170_0 .net/s "out", 15 0, L_00000243d45409e0;  1 drivers
L_00000243d453f900 .part o00000243d44723a8, 15, 1;
L_00000243d45409e0 .functor MUXZ 16, o00000243d44723a8, L_00000243d44e1a10, L_00000243d4417b70, C4<>;
    .scope S_00000243d446ade0;
T_3 ;
    %vpi_call 4 31 "$readmemh", "d:/WILLGAN/hardware/layers/mem/epoch300_G_l1_W.mem", v00000243d444ada0 {0 0 0};
    %vpi_call 4 32 "$readmemh", "d:/WILLGAN/hardware/layers/mem/epoch300_G_l1_B.mem", v00000243d444abc0 {0 0 0};
    %end;
    .thread T_3;
    .scope S_00000243d446ade0;
T_4 ;
    %wait E_00000243d4424de0;
    %load/vec4 v00000243d444c100_0;
    %flag_set/vec4 8;
    %jmp/0xz  T_4.0, 8;
    %pushi/vec4 0, 0, 9;
    %assign/vec4 v00000243d444ba20_0, 0;
    %pushi/vec4 0, 0, 7;
    %assign/vec4 v00000243d444b660_0, 0;
    %pushi/vec4 0, 0, 1;
    %assign/vec4 v00000243d444c1a0_0, 0;
    %pushi/vec4 0, 0, 1;
    %assign/vec4 v00000243d444be80_0, 0;
    %pushi/vec4 0, 0, 48;
    %assign/vec4 v00000243d444aa80_0, 0;
    %pushi/vec4 0, 0, 4096;
    %assign/vec4 v00000243d444a800_0, 0;
    %jmp T_4.1;
T_4.0 ;
    %load/vec4 v00000243d444ad00_0;
    %flag_set/vec4 9;
    %flag_get/vec4 9;
    %jmp/0 T_4.4, 9;
    %load/vec4 v00000243d444c1a0_0;
    %nor/r;
    %and;
T_4.4;
    %flag_set/vec4 8;
    %jmp/0xz  T_4.2, 8;
    %pushi/vec4 1, 0, 1;
    %assign/vec4 v00000243d444c1a0_0, 0;
    %pushi/vec4 0, 0, 1;
    %assign/vec4 v00000243d444be80_0, 0;
    %pushi/vec4 0, 0, 9;
    %assign/vec4 v00000243d444ba20_0, 0;
    %pushi/vec4 0, 0, 7;
    %assign/vec4 v00000243d444b660_0, 0;
    %ix/load 4, 0, 0;
    %flag_set/imm 4, 0;
    %load/vec4a v00000243d444abc0, 4;
    %assign/vec4 v00000243d444b700_0, 0;
    %ix/load 4, 0, 0;
    %flag_set/imm 4, 0;
    %load/vec4a v00000243d444abc0, 4;
    %parti/s 1, 15, 5;
    %replicate 10;
    %ix/load 4, 0, 0;
    %flag_set/imm 4, 0;
    %load/vec4a v00000243d444abc0, 4;
    %concat/vec4; draw_concat_vec4
    %concati/vec4 0, 0, 22;
    %assign/vec4 v00000243d444aa80_0, 0;
    %jmp T_4.3;
T_4.2 ;
    %load/vec4 v00000243d444c1a0_0;
    %flag_set/vec4 8;
    %jmp/0xz  T_4.5, 8;
    %load/vec4 v00000243d444b660_0;
    %pad/u 32;
    %cmpi/u 64, 0, 32;
    %jmp/0xz  T_4.7, 5;
    %load/vec4 v00000243d444bf20_0;
    %pushi/vec4 63, 0, 32;
    %load/vec4 v00000243d444b660_0;
    %pad/u 32;
    %sub;
    %muli 16, 0, 32;
    %part/u 16;
    %assign/vec4 v00000243d444bfc0_0, 0;
    %load/vec4 v00000243d444ba20_0;
    %pad/u 32;
    %muli 64, 0, 32;
    %load/vec4 v00000243d444b660_0;
    %pad/u 32;
    %add;
    %ix/vec4 4;
    %load/vec4a v00000243d444ada0, 4;
    %assign/vec4 v00000243d444b0c0_0, 0;
    %load/vec4 v00000243d444b660_0;
    %pad/u 32;
    %cmpi/u 0, 0, 32;
    %flag_or 5, 4; GT is !LE
    %flag_inv 5;
    %jmp/0xz  T_4.9, 5;
    %load/vec4 v00000243d444aa80_0;
    %load/vec4 v00000243d444a6c0_0;
    %parti/s 1, 31, 6;
    %replicate 16;
    %load/vec4 v00000243d444a6c0_0;
    %concat/vec4; draw_concat_vec4
    %add;
    %assign/vec4 v00000243d444aa80_0, 0;
T_4.9 ;
    %load/vec4 v00000243d444b660_0;
    %addi 1, 0, 7;
    %assign/vec4 v00000243d444b660_0, 0;
    %jmp T_4.8;
T_4.7 ;
    %load/vec4 v00000243d444aa80_0;
    %load/vec4 v00000243d444a6c0_0;
    %parti/s 1, 31, 6;
    %replicate 16;
    %load/vec4 v00000243d444a6c0_0;
    %concat/vec4; draw_concat_vec4
    %add;
    %assign/vec4 v00000243d444aa80_0, 0;
    %load/vec4 v00000243d444aa80_0;
    %parti/s 1, 47, 7;
    %load/vec4 v00000243d444aa80_0;
    %parti/s 15, 22, 6;
    %concat/vec4; draw_concat_vec4
    %ix/load 5, 0, 0;
    %pushi/vec4 255, 0, 32;
    %load/vec4 v00000243d444ba20_0;
    %pad/u 32;
    %sub;
    %muli 16, 0, 32;
    %ix/vec4 4;
    %assign/vec4/off/d v00000243d444a800_0, 4, 5;
    %load/vec4 v00000243d444ba20_0;
    %pad/u 32;
    %cmpi/u 255, 0, 32;
    %jmp/0xz  T_4.11, 5;
    %load/vec4 v00000243d444ba20_0;
    %addi 1, 0, 9;
    %assign/vec4 v00000243d444ba20_0, 0;
    %pushi/vec4 0, 0, 7;
    %assign/vec4 v00000243d444b660_0, 0;
    %load/vec4 v00000243d444ba20_0;
    %addi 1, 0, 9;
    %pad/u 10;
    %ix/vec4 4;
    %load/vec4a v00000243d444abc0, 4;
    %assign/vec4 v00000243d444b700_0, 0;
    %load/vec4 v00000243d444ba20_0;
    %addi 1, 0, 9;
    %pad/u 10;
    %ix/vec4 4;
    %load/vec4a v00000243d444abc0, 4;
    %parti/s 1, 15, 5;
    %replicate 10;
    %load/vec4 v00000243d444ba20_0;
    %addi 1, 0, 9;
    %pad/u 10;
    %ix/vec4 4;
    %load/vec4a v00000243d444abc0, 4;
    %concat/vec4; draw_concat_vec4
    %concati/vec4 0, 0, 22;
    %assign/vec4 v00000243d444aa80_0, 0;
    %jmp T_4.12;
T_4.11 ;
    %pushi/vec4 0, 0, 1;
    %assign/vec4 v00000243d444c1a0_0, 0;
    %pushi/vec4 1, 0, 1;
    %assign/vec4 v00000243d444be80_0, 0;
T_4.12 ;
T_4.8 ;
    %jmp T_4.6;
T_4.5 ;
    %load/vec4 v00000243d444be80_0;
    %flag_set/vec4 8;
    %jmp/0xz  T_4.13, 8;
    %pushi/vec4 0, 0, 1;
    %assign/vec4 v00000243d444be80_0, 0;
T_4.13 ;
T_4.6 ;
T_4.3 ;
T_4.1 ;
    %jmp T_4;
    .thread T_4;
    .scope S_00000243d441ed70;
T_5 ;
    %vpi_call 5 21 "$readmemh", "d:/WILLGAN/hardware/layers/mem/epoch300_G_l2_W.mem", v00000243d44d61e0 {0 0 0};
    %vpi_call 5 22 "$readmemh", "d:/WILLGAN/hardware/layers/mem/epoch300_G_l2_B.mem", v00000243d444c4c0 {0 0 0};
    %end;
    .thread T_5;
    .scope S_00000243d441ed70;
T_6 ;
    %wait E_00000243d4424de0;
    %load/vec4 v00000243d44d5a60_0;
    %flag_set/vec4 8;
    %jmp/0xz  T_6.0, 8;
    %pushi/vec4 0, 0, 9;
    %assign/vec4 v00000243d44d70e0_0, 0;
    %pushi/vec4 0, 0, 9;
    %assign/vec4 v00000243d4404760_0, 0;
    %pushi/vec4 0, 0, 1;
    %assign/vec4 v00000243d444c240_0, 0;
    %pushi/vec4 0, 0, 1;
    %assign/vec4 v00000243d444bd40_0, 0;
    %pushi/vec4 0, 0, 48;
    %assign/vec4 v00000243d444bca0_0, 0;
    %pushi/vec4 0, 0, 4096;
    %assign/vec4 v00000243d4404440_0, 0;
    %pushi/vec4 0, 0, 9;
    %assign/vec4 v00000243d44d6000_0, 0;
    %pushi/vec4 0, 0, 1;
    %assign/vec4 v00000243d44d56a0_0, 0;
    %pushi/vec4 0, 0, 16;
    %assign/vec4 v00000243d44d6b40_0, 0;
    %jmp T_6.1;
T_6.0 ;
    %load/vec4 v00000243d44d56a0_0;
    %flag_set/vec4 8;
    %jmp/0xz  T_6.2, 8;
    %load/vec4 v00000243d44d5920_0;
    %ix/load 5, 0, 0;
    %pushi/vec4 255, 0, 32;
    %load/vec4 v00000243d44d6000_0;
    %pad/u 32;
    %sub;
    %muli 16, 0, 32;
    %ix/vec4 4;
    %assign/vec4/off/d v00000243d4404440_0, 4, 5;
    %pushi/vec4 0, 0, 1;
    %assign/vec4 v00000243d44d56a0_0, 0;
T_6.2 ;
    %load/vec4 v00000243d44d6820_0;
    %flag_set/vec4 9;
    %flag_get/vec4 9;
    %jmp/0 T_6.6, 9;
    %load/vec4 v00000243d444c240_0;
    %nor/r;
    %and;
T_6.6;
    %flag_set/vec4 8;
    %jmp/0xz  T_6.4, 8;
    %pushi/vec4 1, 0, 1;
    %assign/vec4 v00000243d444c240_0, 0;
    %pushi/vec4 0, 0, 1;
    %assign/vec4 v00000243d444bd40_0, 0;
    %pushi/vec4 0, 0, 9;
    %assign/vec4 v00000243d44d70e0_0, 0;
    %pushi/vec4 0, 0, 9;
    %assign/vec4 v00000243d4404760_0, 0;
    %ix/load 4, 0, 0;
    %flag_set/imm 4, 0;
    %load/vec4a v00000243d444c4c0, 4;
    %parti/s 1, 15, 5;
    %replicate 32;
    %ix/load 4, 0, 0;
    %flag_set/imm 4, 0;
    %load/vec4a v00000243d444c4c0, 4;
    %concat/vec4; draw_concat_vec4
    %assign/vec4 v00000243d444bca0_0, 0;
    %jmp T_6.5;
T_6.4 ;
    %load/vec4 v00000243d444c240_0;
    %flag_set/vec4 8;
    %jmp/0xz  T_6.7, 8;
    %load/vec4 v00000243d4404760_0;
    %pad/u 32;
    %cmpi/u 256, 0, 32;
    %jmp/0xz  T_6.9, 5;
    %load/vec4 v00000243d444bca0_0;
    %load/vec4 v00000243d44d6780_0;
    %pad/s 48;
    %ix/load 4, 10, 0;
    %flag_set/imm 4, 0;
    %shiftr/s 4;
    %add;
    %assign/vec4 v00000243d444bca0_0, 0;
    %load/vec4 v00000243d4404760_0;
    %addi 1, 0, 9;
    %assign/vec4 v00000243d4404760_0, 0;
    %jmp T_6.10;
T_6.9 ;
    %load/vec4 v00000243d444bca0_0;
    %store/vec4 v00000243d444bc00_0, 0, 48;
    %load/vec4 v00000243d444bc00_0;
    %cmpi/s 32767, 0, 48;
    %flag_or 5, 4; GT is !LE
    %flag_inv 5;
    %jmp/0xz  T_6.11, 5;
    %pushi/vec4 32767, 0, 16;
    %assign/vec4 v00000243d44d6b40_0, 0;
    %jmp T_6.12;
T_6.11 ;
    %load/vec4 v00000243d444bc00_0;
    %pushi/vec4 4294967295, 0, 32;
    %concati/vec4 32768, 0, 16;
    %cmp/s;
    %jmp/0xz  T_6.13, 5;
    %pushi/vec4 32768, 0, 16;
    %assign/vec4 v00000243d44d6b40_0, 0;
    %jmp T_6.14;
T_6.13 ;
    %load/vec4 v00000243d444bc00_0;
    %parti/s 16, 0, 2;
    %assign/vec4 v00000243d44d6b40_0, 0;
T_6.14 ;
T_6.12 ;
    %load/vec4 v00000243d44d70e0_0;
    %assign/vec4 v00000243d44d6000_0, 0;
    %pushi/vec4 1, 0, 1;
    %assign/vec4 v00000243d44d56a0_0, 0;
    %load/vec4 v00000243d44d70e0_0;
    %pad/u 32;
    %cmpi/u 255, 0, 32;
    %jmp/0xz  T_6.15, 5;
    %load/vec4 v00000243d44d70e0_0;
    %addi 1, 0, 9;
    %assign/vec4 v00000243d44d70e0_0, 0;
    %pushi/vec4 0, 0, 9;
    %assign/vec4 v00000243d4404760_0, 0;
    %load/vec4 v00000243d44d70e0_0;
    %pad/u 32;
    %addi 1, 0, 32;
    %ix/vec4 4;
    %load/vec4a v00000243d444c4c0, 4;
    %parti/s 1, 15, 5;
    %replicate 32;
    %load/vec4 v00000243d44d70e0_0;
    %pad/u 32;
    %addi 1, 0, 32;
    %ix/vec4 4;
    %load/vec4a v00000243d444c4c0, 4;
    %concat/vec4; draw_concat_vec4
    %assign/vec4 v00000243d444bca0_0, 0;
    %jmp T_6.16;
T_6.15 ;
    %pushi/vec4 0, 0, 1;
    %assign/vec4 v00000243d444c240_0, 0;
    %pushi/vec4 1, 0, 1;
    %assign/vec4 v00000243d444bd40_0, 0;
T_6.16 ;
T_6.10 ;
    %jmp T_6.8;
T_6.7 ;
    %load/vec4 v00000243d444bd40_0;
    %flag_set/vec4 8;
    %jmp/0xz  T_6.17, 8;
    %pushi/vec4 0, 0, 1;
    %assign/vec4 v00000243d444bd40_0, 0;
T_6.17 ;
T_6.8 ;
T_6.5 ;
T_6.1 ;
    %jmp T_6;
    .thread T_6;
    .scope S_00000243d4382ed0;
T_7 ;
    %vpi_call 6 32 "$readmemh", "d:/WILLGAN/hardware/layers/mem/epoch300_G_l3_W.mem", v00000243d44ddcb0 {0 0 0};
    %vpi_call 6 33 "$readmemh", "d:/WILLGAN/hardware/layers/mem/epoch300_G_l3_B.mem", v00000243d44dabd0 {0 0 0};
    %end;
    .thread T_7;
    .scope S_00000243d4382ed0;
T_8 ;
    %wait E_00000243d4424de0;
    %load/vec4 v00000243d44de4d0_0;
    %flag_set/vec4 8;
    %jmp/0xz  T_8.0, 8;
    %pushi/vec4 0, 0, 2;
    %assign/vec4 v00000243d44dec50_0, 0;
    %pushi/vec4 0, 0, 10;
    %assign/vec4 v00000243d44dd2b0_0, 0;
    %pushi/vec4 0, 0, 9;
    %assign/vec4 v00000243d44dea70_0, 0;
    %pushi/vec4 0, 0, 48;
    %assign/vec4 v00000243d44dbad0_0, 0;
    %pushi/vec4 0, 0, 1;
    %assign/vec4 v00000243d44dbc10_0, 0;
    %pushi/vec4 0, 0, 12544;
    %assign/vec4 v00000243d44dc390_0, 0;
    %pushi/vec4 0, 0, 16;
    %assign/vec4 v00000243d44de570_0, 0;
    %pushi/vec4 0, 0, 16;
    %assign/vec4 v00000243d44dd990_0, 0;
    %pushi/vec4 0, 0, 16;
    %assign/vec4 v00000243d44ddd50_0, 0;
    %pushi/vec4 0, 0, 16;
    %assign/vec4 v00000243d44dcef0_0, 0;
    %pushi/vec4 0, 0, 16;
    %assign/vec4 v00000243d44dcf90_0, 0;
    %pushi/vec4 0, 0, 16;
    %assign/vec4 v00000243d44dd030_0, 0;
    %pushi/vec4 0, 0, 16;
    %assign/vec4 v00000243d44dd170_0, 0;
    %pushi/vec4 0, 0, 16;
    %assign/vec4 v00000243d44dd0d0_0, 0;
    %jmp T_8.1;
T_8.0 ;
    %load/vec4 v00000243d44dec50_0;
    %dup/vec4;
    %pushi/vec4 0, 0, 2;
    %cmp/u;
    %jmp/1 T_8.2, 6;
    %dup/vec4;
    %pushi/vec4 1, 0, 2;
    %cmp/u;
    %jmp/1 T_8.3, 6;
    %dup/vec4;
    %pushi/vec4 2, 0, 2;
    %cmp/u;
    %jmp/1 T_8.4, 6;
    %pushi/vec4 0, 0, 2;
    %assign/vec4 v00000243d44dec50_0, 0;
    %jmp T_8.6;
T_8.2 ;
    %pushi/vec4 0, 0, 1;
    %assign/vec4 v00000243d44dbc10_0, 0;
    %load/vec4 v00000243d44ddf30_0;
    %flag_set/vec4 8;
    %jmp/0xz  T_8.7, 8;
    %pushi/vec4 1, 0, 2;
    %assign/vec4 v00000243d44dec50_0, 0;
    %pushi/vec4 0, 0, 10;
    %assign/vec4 v00000243d44dd2b0_0, 0;
    %pushi/vec4 0, 0, 9;
    %assign/vec4 v00000243d44dea70_0, 0;
    %ix/load 4, 0, 0;
    %flag_set/imm 4, 0;
    %load/vec4a v00000243d44dabd0, 4;
    %parti/s 1, 15, 5;
    %replicate 32;
    %ix/load 4, 0, 0;
    %flag_set/imm 4, 0;
    %load/vec4a v00000243d44dabd0, 4;
    %concat/vec4; draw_concat_vec4
    %assign/vec4 v00000243d44dbad0_0, 0;
    %ix/load 4, 0, 0;
    %flag_set/imm 4, 0;
    %load/vec4a v00000243d44ddcb0, 4;
    %assign/vec4 v00000243d44de570_0, 0;
    %ix/load 4, 1, 0;
    %flag_set/imm 4, 0;
    %load/vec4a v00000243d44ddcb0, 4;
    %assign/vec4 v00000243d44dd990_0, 0;
    %ix/load 4, 2, 0;
    %flag_set/imm 4, 0;
    %load/vec4a v00000243d44ddcb0, 4;
    %assign/vec4 v00000243d44ddd50_0, 0;
    %ix/load 4, 3, 0;
    %flag_set/imm 4, 0;
    %load/vec4a v00000243d44ddcb0, 4;
    %assign/vec4 v00000243d44dcef0_0, 0;
    %ix/load 4, 4, 0;
    %flag_set/imm 4, 0;
    %load/vec4a v00000243d44ddcb0, 4;
    %assign/vec4 v00000243d44dcf90_0, 0;
    %ix/load 4, 5, 0;
    %flag_set/imm 4, 0;
    %load/vec4a v00000243d44ddcb0, 4;
    %assign/vec4 v00000243d44dd030_0, 0;
    %ix/load 4, 6, 0;
    %flag_set/imm 4, 0;
    %load/vec4a v00000243d44ddcb0, 4;
    %assign/vec4 v00000243d44dd170_0, 0;
    %ix/load 4, 7, 0;
    %flag_set/imm 4, 0;
    %load/vec4a v00000243d44ddcb0, 4;
    %assign/vec4 v00000243d44dd0d0_0, 0;
T_8.7 ;
    %jmp T_8.6;
T_8.3 ;
    %load/vec4 v00000243d44dea70_0;
    %pad/u 32;
    %cmpi/u 256, 0, 32;
    %jmp/0xz  T_8.9, 5;
    %load/vec4 v00000243d44dbad0_0;
    %load/vec4 v00000243d44debb0_0;
    %add;
    %assign/vec4 v00000243d44dbad0_0, 0;
    %load/vec4 v00000243d44dea70_0;
    %addi 8, 0, 9;
    %assign/vec4 v00000243d44dea70_0, 0;
    %load/vec4 v00000243d44dea70_0;
    %pad/u 32;
    %addi 8, 0, 32;
    %cmpi/u 256, 0, 32;
    %jmp/0xz  T_8.11, 5;
    %load/vec4 v00000243d44dd2b0_0;
    %pad/u 32;
    %muli 256, 0, 32;
    %load/vec4 v00000243d44dea70_0;
    %pad/u 32;
    %add;
    %addi 8, 0, 32;
    %ix/vec4 4;
    %load/vec4a v00000243d44ddcb0, 4;
    %assign/vec4 v00000243d44de570_0, 0;
    %load/vec4 v00000243d44dd2b0_0;
    %pad/u 32;
    %muli 256, 0, 32;
    %load/vec4 v00000243d44dea70_0;
    %pad/u 32;
    %add;
    %addi 9, 0, 32;
    %ix/vec4 4;
    %load/vec4a v00000243d44ddcb0, 4;
    %assign/vec4 v00000243d44dd990_0, 0;
    %load/vec4 v00000243d44dd2b0_0;
    %pad/u 32;
    %muli 256, 0, 32;
    %load/vec4 v00000243d44dea70_0;
    %pad/u 32;
    %add;
    %addi 10, 0, 32;
    %ix/vec4 4;
    %load/vec4a v00000243d44ddcb0, 4;
    %assign/vec4 v00000243d44ddd50_0, 0;
    %load/vec4 v00000243d44dd2b0_0;
    %pad/u 32;
    %muli 256, 0, 32;
    %load/vec4 v00000243d44dea70_0;
    %pad/u 32;
    %add;
    %addi 11, 0, 32;
    %ix/vec4 4;
    %load/vec4a v00000243d44ddcb0, 4;
    %assign/vec4 v00000243d44dcef0_0, 0;
    %load/vec4 v00000243d44dd2b0_0;
    %pad/u 32;
    %muli 256, 0, 32;
    %load/vec4 v00000243d44dea70_0;
    %pad/u 32;
    %add;
    %addi 12, 0, 32;
    %ix/vec4 4;
    %load/vec4a v00000243d44ddcb0, 4;
    %assign/vec4 v00000243d44dcf90_0, 0;
    %load/vec4 v00000243d44dd2b0_0;
    %pad/u 32;
    %muli 256, 0, 32;
    %load/vec4 v00000243d44dea70_0;
    %pad/u 32;
    %add;
    %addi 13, 0, 32;
    %ix/vec4 4;
    %load/vec4a v00000243d44ddcb0, 4;
    %assign/vec4 v00000243d44dd030_0, 0;
    %load/vec4 v00000243d44dd2b0_0;
    %pad/u 32;
    %muli 256, 0, 32;
    %load/vec4 v00000243d44dea70_0;
    %pad/u 32;
    %add;
    %addi 14, 0, 32;
    %ix/vec4 4;
    %load/vec4a v00000243d44ddcb0, 4;
    %assign/vec4 v00000243d44dd170_0, 0;
    %load/vec4 v00000243d44dd2b0_0;
    %pad/u 32;
    %muli 256, 0, 32;
    %load/vec4 v00000243d44dea70_0;
    %pad/u 32;
    %add;
    %addi 15, 0, 32;
    %ix/vec4 4;
    %load/vec4a v00000243d44ddcb0, 4;
    %assign/vec4 v00000243d44dd0d0_0, 0;
T_8.11 ;
    %jmp T_8.10;
T_8.9 ;
    %pushi/vec4 2, 0, 2;
    %assign/vec4 v00000243d44dec50_0, 0;
T_8.10 ;
    %jmp T_8.6;
T_8.4 ;
    %load/vec4 v00000243d44dbad0_0;
    %cmpi/s 32767, 0, 48;
    %flag_or 5, 4; GT is !LE
    %flag_inv 5;
    %jmp/0xz  T_8.13, 5;
    %pushi/vec4 32767, 0, 16;
    %ix/load 5, 0, 0;
    %pushi/vec4 783, 0, 32;
    %load/vec4 v00000243d44dd2b0_0;
    %pad/u 32;
    %sub;
    %muli 16, 0, 32;
    %ix/vec4 4;
    %assign/vec4/off/d v00000243d44dc390_0, 4, 5;
    %jmp T_8.14;
T_8.13 ;
    %load/vec4 v00000243d44dbad0_0;
    %pushi/vec4 4294967295, 0, 32;
    %concati/vec4 32768, 0, 16;
    %cmp/s;
    %jmp/0xz  T_8.15, 5;
    %pushi/vec4 32768, 0, 16;
    %ix/load 5, 0, 0;
    %pushi/vec4 783, 0, 32;
    %load/vec4 v00000243d44dd2b0_0;
    %pad/u 32;
    %sub;
    %muli 16, 0, 32;
    %ix/vec4 4;
    %assign/vec4/off/d v00000243d44dc390_0, 4, 5;
    %jmp T_8.16;
T_8.15 ;
    %load/vec4 v00000243d44dbad0_0;
    %parti/s 16, 0, 2;
    %ix/load 5, 0, 0;
    %pushi/vec4 783, 0, 32;
    %load/vec4 v00000243d44dd2b0_0;
    %pad/u 32;
    %sub;
    %muli 16, 0, 32;
    %ix/vec4 4;
    %assign/vec4/off/d v00000243d44dc390_0, 4, 5;
T_8.16 ;
T_8.14 ;
    %load/vec4 v00000243d44dd2b0_0;
    %pad/u 32;
    %cmpi/u 783, 0, 32;
    %jmp/0xz  T_8.17, 5;
    %load/vec4 v00000243d44dd2b0_0;
    %addi 1, 0, 10;
    %assign/vec4 v00000243d44dd2b0_0, 0;
    %pushi/vec4 0, 0, 9;
    %assign/vec4 v00000243d44dea70_0, 0;
    %load/vec4 v00000243d44dd2b0_0;
    %addi 1, 0, 10;
    %pad/u 11;
    %ix/vec4 4;
    %load/vec4a v00000243d44dabd0, 4;
    %parti/s 1, 15, 5;
    %replicate 32;
    %load/vec4 v00000243d44dd2b0_0;
    %addi 1, 0, 10;
    %pad/u 11;
    %ix/vec4 4;
    %load/vec4a v00000243d44dabd0, 4;
    %concat/vec4; draw_concat_vec4
    %assign/vec4 v00000243d44dbad0_0, 0;
    %load/vec4 v00000243d44dd2b0_0;
    %pad/u 32;
    %addi 1, 0, 32;
    %muli 256, 0, 32;
    %addi 0, 0, 32;
    %ix/vec4 4;
    %load/vec4a v00000243d44ddcb0, 4;
    %assign/vec4 v00000243d44de570_0, 0;
    %load/vec4 v00000243d44dd2b0_0;
    %pad/u 32;
    %addi 1, 0, 32;
    %muli 256, 0, 32;
    %addi 1, 0, 32;
    %ix/vec4 4;
    %load/vec4a v00000243d44ddcb0, 4;
    %assign/vec4 v00000243d44dd990_0, 0;
    %load/vec4 v00000243d44dd2b0_0;
    %pad/u 32;
    %addi 1, 0, 32;
    %muli 256, 0, 32;
    %addi 2, 0, 32;
    %ix/vec4 4;
    %load/vec4a v00000243d44ddcb0, 4;
    %assign/vec4 v00000243d44ddd50_0, 0;
    %load/vec4 v00000243d44dd2b0_0;
    %pad/u 32;
    %addi 1, 0, 32;
    %muli 256, 0, 32;
    %addi 3, 0, 32;
    %ix/vec4 4;
    %load/vec4a v00000243d44ddcb0, 4;
    %assign/vec4 v00000243d44dcef0_0, 0;
    %load/vec4 v00000243d44dd2b0_0;
    %pad/u 32;
    %addi 1, 0, 32;
    %muli 256, 0, 32;
    %addi 4, 0, 32;
    %ix/vec4 4;
    %load/vec4a v00000243d44ddcb0, 4;
    %assign/vec4 v00000243d44dcf90_0, 0;
    %load/vec4 v00000243d44dd2b0_0;
    %pad/u 32;
    %addi 1, 0, 32;
    %muli 256, 0, 32;
    %addi 5, 0, 32;
    %ix/vec4 4;
    %load/vec4a v00000243d44ddcb0, 4;
    %assign/vec4 v00000243d44dd030_0, 0;
    %load/vec4 v00000243d44dd2b0_0;
    %pad/u 32;
    %addi 1, 0, 32;
    %muli 256, 0, 32;
    %addi 6, 0, 32;
    %ix/vec4 4;
    %load/vec4a v00000243d44ddcb0, 4;
    %assign/vec4 v00000243d44dd170_0, 0;
    %load/vec4 v00000243d44dd2b0_0;
    %pad/u 32;
    %addi 1, 0, 32;
    %muli 256, 0, 32;
    %addi 7, 0, 32;
    %ix/vec4 4;
    %load/vec4a v00000243d44ddcb0, 4;
    %assign/vec4 v00000243d44dd0d0_0, 0;
    %pushi/vec4 1, 0, 2;
    %assign/vec4 v00000243d44dec50_0, 0;
    %jmp T_8.18;
T_8.17 ;
    %pushi/vec4 0, 0, 2;
    %assign/vec4 v00000243d44dec50_0, 0;
    %pushi/vec4 1, 0, 1;
    %assign/vec4 v00000243d44dbc10_0, 0;
T_8.18 ;
    %jmp T_8.6;
T_8.6 ;
    %pop/vec4 1;
T_8.1 ;
    %jmp T_8;
    .thread T_8;
    .scope S_00000243d4448cf0;
T_9 ;
    %wait E_00000243d4424de0;
    %load/vec4 v00000243d44dd710_0;
    %flag_set/vec4 8;
    %jmp/0xz  T_9.0, 8;
    %pushi/vec4 0, 0, 3;
    %assign/vec4 v00000243d44de6b0_0, 0;
    %pushi/vec4 0, 0, 1;
    %assign/vec4 v00000243d44de430_0, 0;
    %pushi/vec4 0, 0, 1;
    %assign/vec4 v00000243d44dd490_0, 0;
    %pushi/vec4 0, 0, 1;
    %assign/vec4 v00000243d44de7f0_0, 0;
    %pushi/vec4 0, 0, 1;
    %assign/vec4 v00000243d44dd350_0, 0;
    %pushi/vec4 0, 0, 4096;
    %assign/vec4 v00000243d44de1b0_0, 0;
    %pushi/vec4 0, 0, 4096;
    %assign/vec4 v00000243d44de610_0, 0;
    %pushi/vec4 0, 0, 12544;
    %assign/vec4 v00000243d44de250_0, 0;
    %pushi/vec4 0, 0, 32;
    %assign/vec4 v00000243d44de2f0_0, 0;
    %jmp T_9.1;
T_9.0 ;
    %load/vec4 v00000243d44de6b0_0;
    %dup/vec4;
    %pushi/vec4 0, 0, 3;
    %cmp/u;
    %jmp/1 T_9.2, 6;
    %dup/vec4;
    %pushi/vec4 1, 0, 3;
    %cmp/u;
    %jmp/1 T_9.3, 6;
    %dup/vec4;
    %pushi/vec4 2, 0, 3;
    %cmp/u;
    %jmp/1 T_9.4, 6;
    %dup/vec4;
    %pushi/vec4 3, 0, 3;
    %cmp/u;
    %jmp/1 T_9.5, 6;
    %dup/vec4;
    %pushi/vec4 4, 0, 3;
    %cmp/u;
    %jmp/1 T_9.6, 6;
    %dup/vec4;
    %pushi/vec4 5, 0, 3;
    %cmp/u;
    %jmp/1 T_9.7, 6;
    %dup/vec4;
    %pushi/vec4 6, 0, 3;
    %cmp/u;
    %jmp/1 T_9.8, 6;
    %pushi/vec4 0, 0, 3;
    %assign/vec4 v00000243d44de6b0_0, 0;
    %jmp T_9.10;
T_9.2 ;
    %pushi/vec4 0, 0, 1;
    %assign/vec4 v00000243d44dd350_0, 0;
    %load/vec4 v00000243d44de390_0;
    %flag_set/vec4 8;
    %jmp/0xz  T_9.11, 8;
    %vpi_call 3 121 "$display", "[Generator] Starting pipeline at t=%0t", $time {0 0 0};
    %pushi/vec4 1, 0, 3;
    %assign/vec4 v00000243d44de6b0_0, 0;
    %pushi/vec4 1, 0, 1;
    %assign/vec4 v00000243d44de430_0, 0;
T_9.11 ;
    %jmp T_9.10;
T_9.3 ;
    %pushi/vec4 0, 0, 1;
    %assign/vec4 v00000243d44de430_0, 0;
    %load/vec4 v00000243d44dd3f0_0;
    %flag_set/vec4 8;
    %jmp/0xz  T_9.13, 8;
    %vpi_call 3 130 "$display", "[Generator] Layer1 complete at t=%0t", $time {0 0 0};
    %pushi/vec4 2, 0, 3;
    %assign/vec4 v00000243d44de6b0_0, 0;
    %pushi/vec4 0, 0, 32;
    %assign/vec4 v00000243d44de2f0_0, 0;
T_9.13 ;
    %jmp T_9.10;
T_9.4 ;
    %load/vec4 v00000243d44de2f0_0;
    %cmpi/s 256, 0, 32;
    %jmp/0xz  T_9.15, 5;
    %load/vec4 v00000243d44ddfd0_0;
    %pushi/vec4 255, 0, 32;
    %load/vec4 v00000243d44de2f0_0;
    %sub;
    %muli 16, 0, 32;
    %part/s 16;
    %store/vec4 v00000243d44dddf0_0, 0, 16;
    %callf/vec4 TD_generator_tb.dut.relu, S_00000243d43831c0;
    %ix/load 5, 0, 0;
    %pushi/vec4 255, 0, 32;
    %load/vec4 v00000243d44de2f0_0;
    %sub;
    %muli 16, 0, 32;
    %ix/vec4/s 4;
    %assign/vec4/off/d v00000243d44de1b0_0, 4, 5;
    %load/vec4 v00000243d44de2f0_0;
    %addi 1, 0, 32;
    %assign/vec4 v00000243d44de2f0_0, 0;
    %jmp T_9.16;
T_9.15 ;
    %vpi_call 3 143 "$display", "[Generator] ReLU1 complete at t=%0t", $time {0 0 0};
    %pushi/vec4 3, 0, 3;
    %assign/vec4 v00000243d44de6b0_0, 0;
    %pushi/vec4 1, 0, 1;
    %assign/vec4 v00000243d44dd490_0, 0;
T_9.16 ;
    %jmp T_9.10;
T_9.5 ;
    %pushi/vec4 0, 0, 1;
    %assign/vec4 v00000243d44dd490_0, 0;
    %load/vec4 v00000243d44de110_0;
    %flag_set/vec4 8;
    %jmp/0xz  T_9.17, 8;
    %vpi_call 3 152 "$display", "[Generator] Layer2 complete at t=%0t", $time {0 0 0};
    %pushi/vec4 4, 0, 3;
    %assign/vec4 v00000243d44de6b0_0, 0;
    %pushi/vec4 0, 0, 32;
    %assign/vec4 v00000243d44de2f0_0, 0;
T_9.17 ;
    %jmp T_9.10;
T_9.6 ;
    %load/vec4 v00000243d44de2f0_0;
    %cmpi/s 256, 0, 32;
    %jmp/0xz  T_9.19, 5;
    %load/vec4 v00000243d44de070_0;
    %pushi/vec4 255, 0, 32;
    %load/vec4 v00000243d44de2f0_0;
    %sub;
    %muli 16, 0, 32;
    %part/s 16;
    %store/vec4 v00000243d44dddf0_0, 0, 16;
    %callf/vec4 TD_generator_tb.dut.relu, S_00000243d43831c0;
    %ix/load 5, 0, 0;
    %pushi/vec4 255, 0, 32;
    %load/vec4 v00000243d44de2f0_0;
    %sub;
    %muli 16, 0, 32;
    %ix/vec4/s 4;
    %assign/vec4/off/d v00000243d44de610_0, 4, 5;
    %load/vec4 v00000243d44de2f0_0;
    %addi 1, 0, 32;
    %assign/vec4 v00000243d44de2f0_0, 0;
    %jmp T_9.20;
T_9.19 ;
    %vpi_call 3 165 "$display", "[Generator] ReLU2 complete at t=%0t", $time {0 0 0};
    %pushi/vec4 5, 0, 3;
    %assign/vec4 v00000243d44de6b0_0, 0;
    %pushi/vec4 1, 0, 1;
    %assign/vec4 v00000243d44de7f0_0, 0;
T_9.20 ;
    %jmp T_9.10;
T_9.7 ;
    %pushi/vec4 0, 0, 1;
    %assign/vec4 v00000243d44de7f0_0, 0;
    %load/vec4 v00000243d44dde90_0;
    %flag_set/vec4 8;
    %jmp/0xz  T_9.21, 8;
    %vpi_call 3 174 "$display", "[Generator] Layer3 complete at t=%0t", $time {0 0 0};
    %load/vec4 v00000243d44dd530_0;
    %assign/vec4 v00000243d44de250_0, 0;
    %pushi/vec4 6, 0, 3;
    %assign/vec4 v00000243d44de6b0_0, 0;
    %pushi/vec4 1, 0, 1;
    %assign/vec4 v00000243d44dd350_0, 0;
T_9.21 ;
    %jmp T_9.10;
T_9.8 ;
    %pushi/vec4 0, 0, 1;
    %assign/vec4 v00000243d44dd350_0, 0;
    %pushi/vec4 0, 0, 3;
    %assign/vec4 v00000243d44de6b0_0, 0;
    %jmp T_9.10;
T_9.10 ;
    %pop/vec4 1;
T_9.1 ;
    %jmp T_9;
    .thread T_9;
    .scope S_00000243d4449420;
T_10 ;
    %pushi/vec4 0, 0, 1;
    %store/vec4 v00000243d44de9d0_0, 0, 1;
    %pushi/vec4 1, 0, 1;
    %store/vec4 v00000243d44df3b0_0, 0, 1;
    %pushi/vec4 0, 0, 1;
    %store/vec4 v00000243d44df090_0, 0, 1;
    %end;
    .thread T_10;
    .scope S_00000243d4449420;
T_11 ;
    %delay 5000, 0;
    %load/vec4 v00000243d44de9d0_0;
    %inv;
    %store/vec4 v00000243d44de9d0_0, 0, 1;
    %jmp T_11;
    .thread T_11;
    .scope S_00000243d4449420;
T_12 ;
    %vpi_call 2 56 "$dumpfile", "generator_tb.vcd" {0 0 0};
    %vpi_call 2 57 "$dumpvars", 32'sb00000000000000000000000000000000, S_00000243d4449420 {0 0 0};
    %vpi_call 2 59 "$display", "========================================" {0 0 0};
    %vpi_call 2 60 "$display", "   WGAN Generator Full Pipeline Test   " {0 0 0};
    %vpi_call 2 61 "$display", "========================================" {0 0 0};
    %vpi_call 2 62 "$display", "Architecture:" {0 0 0};
    %vpi_call 2 63 "$display", "  Layer1: 64 \342\206\222 256 (sequential MAC)" {0 0 0};
    %vpi_call 2 64 "$display", "  ReLU1:  256 activations" {0 0 0};
    %vpi_call 2 65 "$display", "  Layer2: 256 \342\206\222 256 (sequential MAC)" {0 0 0};
    %vpi_call 2 66 "$display", "  ReLU2:  256 activations" {0 0 0};
    %vpi_call 2 67 "$display", "  Layer3: 256 \342\206\222 784 (8 parallel MACs)" {0 0 0};
    %vpi_call 2 68 "$display", "========================================" {0 0 0};
    %vpi_call 2 69 "$display", "\000" {0 0 0};
    %vpi_func 2 73 "$fopen" 32, "d:/WILLGAN/hardware/layers/mem/layer1_input.mem", "r" {0 0 0};
    %cmpi/e 0, 0, 32;
    %jmp/0xz  T_12.0, 4;
    %vpi_call 2 74 "$display", "Generating random noise vector (64 values)..." {0 0 0};
    %pushi/vec4 0, 0, 32;
    %store/vec4 v00000243d44dda30_0, 0, 32;
T_12.2 ;
    %load/vec4 v00000243d44dda30_0;
    %cmpi/s 64, 0, 32;
    %jmp/0xz T_12.3, 5;
    %vpi_func 2 77 "$random" 32 {0 0 0};
    %pushi/vec4 1024, 0, 32;
    %mod/s;
    %pad/s 16;
    %ix/getv/s 4, v00000243d44dda30_0;
    %store/vec4a v00000243d44df9f0, 4, 0;
    %load/vec4 v00000243d44dda30_0;
    %addi 1, 0, 32;
    %store/vec4 v00000243d44dda30_0, 0, 32;
    %jmp T_12.2;
T_12.3 ;
    %jmp T_12.1;
T_12.0 ;
    %vpi_call 2 80 "$readmemh", "d:/WILLGAN/hardware/layers/mem/layer1_input.mem", v00000243d44df9f0 {0 0 0};
T_12.1 ;
    %vpi_call 2 83 "$display", "Loaded test noise vector (first 8 values):" {0 0 0};
    %pushi/vec4 0, 0, 32;
    %store/vec4 v00000243d44dda30_0, 0, 32;
T_12.4 ;
    %load/vec4 v00000243d44dda30_0;
    %cmpi/s 8, 0, 32;
    %jmp/0xz T_12.5, 5;
    %ix/getv/s 4, v00000243d44dda30_0;
    %load/vec4a v00000243d44df9f0, 4;
    %cvt/rv/s;
    %pushi/real 1073741824, 4076; load=1024.00
    %div/wr;
    %vpi_call 2 85 "$display", "  noise[%0d] = %h (%.3f)", v00000243d44dda30_0, &A<v00000243d44df9f0, v00000243d44dda30_0 >, W<0,r> {0 1 0};
    %load/vec4 v00000243d44dda30_0;
    %addi 1, 0, 32;
    %store/vec4 v00000243d44dda30_0, 0, 32;
    %jmp T_12.4;
T_12.5 ;
    %vpi_call 2 87 "$display", "\000" {0 0 0};
    %pushi/vec4 1, 0, 1;
    %store/vec4 v00000243d44df3b0_0, 0, 1;
    %pushi/vec4 0, 0, 1;
    %store/vec4 v00000243d44df090_0, 0, 1;
    %pushi/vec4 0, 0, 1024;
    %store/vec4 v00000243d44e0850_0, 0, 1024;
    %delay 50000, 0;
    %pushi/vec4 0, 0, 1;
    %store/vec4 v00000243d44df3b0_0, 0, 1;
    %delay 20000, 0;
    %fork TD_generator_tb.flatten_noise, S_00000243d44ded70;
    %join;
    %vpi_call 2 99 "$display", "Starting image generation at t=%0t", $time {0 0 0};
    %wait E_00000243d4424aa0;
    %pushi/vec4 1, 0, 1;
    %store/vec4 v00000243d44df090_0, 0, 1;
    %wait E_00000243d4424aa0;
    %pushi/vec4 0, 0, 1;
    %store/vec4 v00000243d44df090_0, 0, 1;
    %pushi/vec4 0, 0, 32;
    %store/vec4 v00000243d44dd850_0, 0, 32;
T_12.6 ;
    %load/vec4 v00000243d44dd8f0_0;
    %nor/r;
    %flag_set/vec4 8;
    %jmp/0xz T_12.7, 8;
    %wait E_00000243d4424aa0;
    %load/vec4 v00000243d44dd850_0;
    %addi 1, 0, 32;
    %store/vec4 v00000243d44dd850_0, 0, 32;
    %load/vec4 v00000243d44dd850_0;
    %pushi/vec4 10000, 0, 32;
    %mod/s;
    %cmpi/e 0, 0, 32;
    %jmp/0xz  T_12.8, 4;
    %vpi_call 2 113 "$display", "  ... %0d cycles elapsed", v00000243d44dd850_0 {0 0 0};
T_12.8 ;
    %jmp T_12.6;
T_12.7 ;
    %vpi_call 2 117 "$display", "\000" {0 0 0};
    %vpi_call 2 118 "$display", "========================================" {0 0 0};
    %vpi_call 2 119 "$display", "   Generation Complete!                " {0 0 0};
    %vpi_call 2 120 "$display", "========================================" {0 0 0};
    %vpi_call 2 121 "$display", "Total clock cycles: %0d", v00000243d44dd850_0 {0 0 0};
    %load/vec4 v00000243d44dd850_0;
    %cvt/rv/s;
    %pushi/real 1407374883, 4049; load=1.00000e-05
    %pushi/real 2320625, 4027; load=1.00000e-05
    %add/wr;
    %mul/wr;
    %vpi_call 2 122 "$display", "Time: %.2f ms (at 100MHz)", W<0,r> {0 1 0};
    %vpi_call 2 123 "$display", "\000" {0 0 0};
    %wait E_00000243d4424aa0;
    %fork TD_generator_tb.unflatten_output, S_00000243d43b9f50;
    %join;
    %pushi/vec4 32767, 0, 32;
    %store/vec4 v00000243d44dfef0_0, 0, 32;
    %pushi/vec4 4294934528, 0, 32;
    %store/vec4 v00000243d44ddb70_0, 0, 32;
    %pushi/vec4 0, 0, 32;
    %store/vec4 v00000243d44df130_0, 0, 32;
    %vpi_call 2 134 "$display", "Output Statistics:" {0 0 0};
    %ix/load 4, 0, 0;
    %flag_set/imm 4, 0;
    %load/vec4a v00000243d44def50, 4;
    %ix/load 4, 0, 0;
    %flag_set/imm 4, 0;
    %load/vec4a v00000243d44def50, 4;
    %cvt/rv/s;
    %pushi/real 1073741824, 4076; load=1024.00
    %div/wr;
    %vpi_call 2 135 "$display", "  First pixel:  %0d (%.4f)", S<0,vec4,s16>, W<0,r> {1 1 0};
    %ix/load 4, 783, 0;
    %flag_set/imm 4, 0;
    %load/vec4a v00000243d44def50, 4;
    %ix/load 4, 783, 0;
    %flag_set/imm 4, 0;
    %load/vec4a v00000243d44def50, 4;
    %cvt/rv/s;
    %pushi/real 1073741824, 4076; load=1024.00
    %div/wr;
    %vpi_call 2 136 "$display", "  Last pixel:   %0d (%.4f)", S<0,vec4,s16>, W<0,r> {1 1 0};
    %pushi/vec4 0, 0, 32;
    %store/vec4 v00000243d44dda30_0, 0, 32;
T_12.10 ;
    %load/vec4 v00000243d44dda30_0;
    %cmpi/s 784, 0, 32;
    %jmp/0xz T_12.11, 5;
    %ix/getv/s 4, v00000243d44dda30_0;
    %load/vec4a v00000243d44def50, 4;
    %pad/s 32;
    %store/vec4 v00000243d44dff90_0, 0, 32;
    %load/vec4 v00000243d44dff90_0;
    %load/vec4 v00000243d44dfef0_0;
    %cmp/s;
    %jmp/0xz  T_12.12, 5;
    %load/vec4 v00000243d44dff90_0;
    %store/vec4 v00000243d44dfef0_0, 0, 32;
T_12.12 ;
    %load/vec4 v00000243d44ddb70_0;
    %load/vec4 v00000243d44dff90_0;
    %cmp/s;
    %jmp/0xz  T_12.14, 5;
    %load/vec4 v00000243d44dff90_0;
    %store/vec4 v00000243d44ddb70_0, 0, 32;
T_12.14 ;
    %load/vec4 v00000243d44df130_0;
    %load/vec4 v00000243d44dff90_0;
    %add;
    %store/vec4 v00000243d44df130_0, 0, 32;
    %load/vec4 v00000243d44dda30_0;
    %addi 1, 0, 32;
    %store/vec4 v00000243d44dda30_0, 0, 32;
    %jmp T_12.10;
T_12.11 ;
    %load/vec4 v00000243d44dfef0_0;
    %cvt/rv/s;
    %pushi/real 1073741824, 4076; load=1024.00
    %div/wr;
    %vpi_call 2 145 "$display", "  Min value:    %0d (%.4f)", v00000243d44dfef0_0, W<0,r> {0 1 0};
    %load/vec4 v00000243d44ddb70_0;
    %cvt/rv/s;
    %pushi/real 1073741824, 4076; load=1024.00
    %div/wr;
    %vpi_call 2 146 "$display", "  Max value:    %0d (%.4f)", v00000243d44ddb70_0, W<0,r> {0 1 0};
    %load/vec4 v00000243d44df130_0;
    %pushi/vec4 784, 0, 32;
    %div/s;
    %load/vec4 v00000243d44df130_0;
    %pushi/vec4 784, 0, 32;
    %div/s;
    %cvt/rv/s;
    %pushi/real 1073741824, 4076; load=1024.00
    %div/wr;
    %vpi_call 2 147 "$display", "  Mean value:   %0d (%.4f)", S<0,vec4,s32>, W<0,r> {1 1 0};
    %vpi_call 2 148 "$display", "\000" {0 0 0};
    %vpi_call 2 151 "$display", "First row of generated 28\303\22728 image:" {0 0 0};
    %vpi_call 2 152 "$write", "  " {0 0 0};
    %pushi/vec4 0, 0, 32;
    %store/vec4 v00000243d44dda30_0, 0, 32;
T_12.16 ;
    %load/vec4 v00000243d44dda30_0;
    %cmpi/s 28, 0, 32;
    %jmp/0xz T_12.17, 5;
    %ix/getv/s 4, v00000243d44dda30_0;
    %load/vec4a v00000243d44def50, 4;
    %vpi_call 2 154 "$write", "%4d ", S<0,vec4,s16> {1 0 0};
    %load/vec4 v00000243d44dda30_0;
    %addi 1, 0, 32;
    %store/vec4 v00000243d44dda30_0, 0, 32;
    %jmp T_12.16;
T_12.17 ;
    %vpi_call 2 156 "$write", "\012\012" {0 0 0};
    %vpi_func 2 159 "$fopen" 32, "d:/WILLGAN/hardware/layers/generator_output.mem", "w" {0 0 0};
    %store/vec4 v00000243d44dfb30_0, 0, 32;
    %load/vec4 v00000243d44dfb30_0;
    %cmpi/e 0, 0, 32;
    %jmp/0xz  T_12.18, 4;
    %vpi_call 2 161 "$display", "ERROR: Could not open generator_output.mem for writing!" {0 0 0};
    %jmp T_12.19;
T_12.18 ;
    %pushi/vec4 0, 0, 32;
    %store/vec4 v00000243d44dda30_0, 0, 32;
T_12.20 ;
    %load/vec4 v00000243d44dda30_0;
    %cmpi/s 784, 0, 32;
    %jmp/0xz T_12.21, 5;
    %vpi_call 2 164 "$fdisplay", v00000243d44dfb30_0, "%h", &A<v00000243d44def50, v00000243d44dda30_0 > {0 0 0};
    %load/vec4 v00000243d44dda30_0;
    %addi 1, 0, 32;
    %store/vec4 v00000243d44dda30_0, 0, 32;
    %jmp T_12.20;
T_12.21 ;
    %vpi_call 2 166 "$fclose", v00000243d44dfb30_0 {0 0 0};
    %vpi_call 2 167 "$display", "Output saved to: generator_output.mem" {0 0 0};
T_12.19 ;
    %vpi_call 2 171 "$display", "\000" {0 0 0};
    %vpi_call 2 172 "$display", "Python numpy array (first 56 values shown):" {0 0 0};
    %vpi_call 2 173 "$write", "generated_image = np.array([" {0 0 0};
    %pushi/vec4 0, 0, 32;
    %store/vec4 v00000243d44dda30_0, 0, 32;
T_12.22 ;
    %load/vec4 v00000243d44dda30_0;
    %cmpi/s 56, 0, 32;
    %jmp/0xz T_12.23, 5;
    %ix/getv/s 4, v00000243d44dda30_0;
    %load/vec4a v00000243d44def50, 4;
    %vpi_call 2 175 "$write", "%0d", S<0,vec4,s16> {1 0 0};
    %load/vec4 v00000243d44dda30_0;
    %cmpi/ne 55, 0, 32;
    %jmp/0xz  T_12.24, 4;
    %vpi_call 2 176 "$write", ", " {0 0 0};
T_12.24 ;
    %load/vec4 v00000243d44dda30_0;
    %addi 1, 0, 32;
    %pushi/vec4 14, 0, 32;
    %mod/s;
    %cmpi/e 0, 0, 32;
    %flag_get/vec4 4;
    %jmp/0 T_12.28, 4;
    %load/vec4 v00000243d44dda30_0;
    %pushi/vec4 55, 0, 32;
    %cmp/ne;
    %flag_get/vec4 4;
    %and;
T_12.28;
    %flag_set/vec4 8;
    %jmp/0xz  T_12.26, 8;
    %vpi_call 2 177 "$write", "\012    " {0 0 0};
T_12.26 ;
    %load/vec4 v00000243d44dda30_0;
    %addi 1, 0, 32;
    %store/vec4 v00000243d44dda30_0, 0, 32;
    %jmp T_12.22;
T_12.23 ;
    %vpi_call 2 179 "$write", ", ...], dtype=np.int16).reshape(28, 28)\012" {0 0 0};
    %vpi_call 2 181 "$display", "\000" {0 0 0};
    %vpi_call 2 182 "$display", "========================================" {0 0 0};
    %vpi_call 2 183 "$display", "   Test Complete                       " {0 0 0};
    %vpi_call 2 184 "$display", "========================================" {0 0 0};
    %vpi_call 2 185 "$finish" {0 0 0};
    %end;
    .thread T_12;
    .scope S_00000243d4449420;
T_13 ;
    %delay 1215752192, 23;
    %vpi_call 2 191 "$display", "ERROR: Testbench timeout!" {0 0 0};
    %vpi_call 2 192 "$finish" {0 0 0};
    %end;
    .thread T_13;
# The file index is used to find the file name in the following table.
:file_names 8;
    "N/A";
    "<interactive>";
    "generator_tb.v";
    "./generator.v";
    "./layer1_generator_v2.v";
    "./layer2_generator_v2.v";
    "./layer3_generator_v2.v";
    "./relu.v";
